Archive member included to satisfy reference by file (symbol)

/usr/lib/gcc/arm-none-eabi/9.2.1/../../../arm-none-eabi/lib/thumb/v7e-m+fp/hard/libc_nano.a(lib_a-atexit.o)
                              /usr/lib/gcc/arm-none-eabi/9.2.1/../../../arm-none-eabi/lib/thumb/v7e-m+fp/hard/crt0.o (atexit)
/usr/lib/gcc/arm-none-eabi/9.2.1/../../../arm-none-eabi/lib/thumb/v7e-m+fp/hard/libc_nano.a(lib_a-exit.o)
                              /usr/lib/gcc/arm-none-eabi/9.2.1/../../../arm-none-eabi/lib/thumb/v7e-m+fp/hard/crt0.o (exit)
/usr/lib/gcc/arm-none-eabi/9.2.1/../../../arm-none-eabi/lib/thumb/v7e-m+fp/hard/libc_nano.a(lib_a-fini.o)
                              /usr/lib/gcc/arm-none-eabi/9.2.1/../../../arm-none-eabi/lib/thumb/v7e-m+fp/hard/crt0.o (__libc_fini_array)
/usr/lib/gcc/arm-none-eabi/9.2.1/../../../arm-none-eabi/lib/thumb/v7e-m+fp/hard/libc_nano.a(lib_a-impure.o)
                              /usr/lib/gcc/arm-none-eabi/9.2.1/../../../arm-none-eabi/lib/thumb/v7e-m+fp/hard/libc_nano.a(lib_a-exit.o) (_global_impure_ptr)
/usr/lib/gcc/arm-none-eabi/9.2.1/../../../arm-none-eabi/lib/thumb/v7e-m+fp/hard/libc_nano.a(lib_a-init.o)
                              /usr/lib/gcc/arm-none-eabi/9.2.1/../../../arm-none-eabi/lib/thumb/v7e-m+fp/hard/crt0.o (__libc_init_array)
/usr/lib/gcc/arm-none-eabi/9.2.1/../../../arm-none-eabi/lib/thumb/v7e-m+fp/hard/libc_nano.a(lib_a-memset.o)
                              /usr/lib/gcc/arm-none-eabi/9.2.1/../../../arm-none-eabi/lib/thumb/v7e-m+fp/hard/crt0.o (memset)
/usr/lib/gcc/arm-none-eabi/9.2.1/../../../arm-none-eabi/lib/thumb/v7e-m+fp/hard/libc_nano.a(lib_a-__atexit.o)
                              /usr/lib/gcc/arm-none-eabi/9.2.1/../../../arm-none-eabi/lib/thumb/v7e-m+fp/hard/libc_nano.a(lib_a-atexit.o) (__register_exitproc)
/usr/lib/gcc/arm-none-eabi/9.2.1/../../../arm-none-eabi/lib/thumb/v7e-m+fp/hard/libc_nano.a(lib_a-__call_atexit.o)
                              /usr/lib/gcc/arm-none-eabi/9.2.1/../../../arm-none-eabi/lib/thumb/v7e-m+fp/hard/libc_nano.a(lib_a-__atexit.o) (__call_exitprocs)
/usr/lib/gcc/arm-none-eabi/9.2.1/../../../arm-none-eabi/lib/thumb/v7e-m+fp/hard/libnosys.a(_exit.o)
                              /usr/lib/gcc/arm-none-eabi/9.2.1/../../../arm-none-eabi/lib/thumb/v7e-m+fp/hard/libc_nano.a(lib_a-exit.o) (_exit)
/usr/lib/gcc/arm-none-eabi/9.2.1/thumb/v7e-m+fp/hard/libgcc.a(_aeabi_uldivmod.o)
                              hal/Drivers/STM32G4xx_HAL_Driver/Src/stm32g4xx_hal_uart.o (__aeabi_uldivmod)
/usr/lib/gcc/arm-none-eabi/9.2.1/thumb/v7e-m+fp/hard/libgcc.a(_udivmoddi4.o)
                              /usr/lib/gcc/arm-none-eabi/9.2.1/thumb/v7e-m+fp/hard/libgcc.a(_aeabi_uldivmod.o) (__udivmoddi4)
/usr/lib/gcc/arm-none-eabi/9.2.1/thumb/v7e-m+fp/hard/libgcc.a(_dvmd_tls.o)
                              /usr/lib/gcc/arm-none-eabi/9.2.1/thumb/v7e-m+fp/hard/libgcc.a(_aeabi_uldivmod.o) (__aeabi_ldiv0)
/usr/lib/gcc/arm-none-eabi/9.2.1/../../../arm-none-eabi/lib/thumb/v7e-m+fp/hard/libc_nano.a(lib_a-assert.o)
                              /mnt/d/Marcelo/bitbucket/mcuboot/mcuboot/boot/bootutil/src/bootutil_misc.o (__assert_func)
/usr/lib/gcc/arm-none-eabi/9.2.1/../../../arm-none-eabi/lib/thumb/v7e-m+fp/hard/libc_nano.a(lib_a-fprintf.o)
                              /usr/lib/gcc/arm-none-eabi/9.2.1/../../../arm-none-eabi/lib/thumb/v7e-m+fp/hard/libc_nano.a(lib_a-assert.o) (fiprintf)
/usr/lib/gcc/arm-none-eabi/9.2.1/../../../arm-none-eabi/lib/thumb/v7e-m+fp/hard/libc_nano.a(lib_a-malloc.o)
                              /mnt/d/Marcelo/bitbucket/mcuboot/mcuboot/boot/bootutil/src/loader.o (malloc)
/usr/lib/gcc/arm-none-eabi/9.2.1/../../../arm-none-eabi/lib/thumb/v7e-m+fp/hard/libc_nano.a(lib_a-memcmp.o)
                              /mnt/d/Marcelo/bitbucket/mcuboot/mcuboot/boot/bootutil/src/bootutil_misc.o (memcmp)
/usr/lib/gcc/arm-none-eabi/9.2.1/../../../arm-none-eabi/lib/thumb/v7e-m+fp/hard/libc_nano.a(lib_a-memcpy.o)
                              /mnt/d/Marcelo/bitbucket/mcuboot/mcuboot/boot/bootutil/src/bootutil_public.o (memcpy)
/usr/lib/gcc/arm-none-eabi/9.2.1/../../../arm-none-eabi/lib/thumb/v7e-m+fp/hard/libc_nano.a(lib_a-nano-freer.o)
                              /usr/lib/gcc/arm-none-eabi/9.2.1/../../../arm-none-eabi/lib/thumb/v7e-m+fp/hard/libc_nano.a(lib_a-malloc.o) (_free_r)
/usr/lib/gcc/arm-none-eabi/9.2.1/../../../arm-none-eabi/lib/thumb/v7e-m+fp/hard/libc_nano.a(lib_a-nano-mallocr.o)
                              /usr/lib/gcc/arm-none-eabi/9.2.1/../../../arm-none-eabi/lib/thumb/v7e-m+fp/hard/libc_nano.a(lib_a-malloc.o) (_malloc_r)
/usr/lib/gcc/arm-none-eabi/9.2.1/../../../arm-none-eabi/lib/thumb/v7e-m+fp/hard/libc_nano.a(lib_a-nano-vfprintf.o)
                              /usr/lib/gcc/arm-none-eabi/9.2.1/../../../arm-none-eabi/lib/thumb/v7e-m+fp/hard/libc_nano.a(lib_a-fprintf.o) (_vfprintf_r)
/usr/lib/gcc/arm-none-eabi/9.2.1/../../../arm-none-eabi/lib/thumb/v7e-m+fp/hard/libc_nano.a(lib_a-nano-vfprintf_i.o)
[...]
Memory Configuration

Name             Origin             Length             Attributes
RAM              0x0000000020000000 0x0000000000008000 xrw
FLASH            0x0000000008000000 0x0000000000020000 xr
*default*        0x0000000000000000 0xffffffffffffffff

Linker script and memory map

LOAD /usr/lib/gcc/arm-none-eabi/9.2.1/thumb/v7e-m+fp/hard/crti.o
LOAD /usr/lib/gcc/arm-none-eabi/9.2.1/thumb/v7e-m+fp/hard/crtbegin.o
LOAD /usr/lib/gcc/arm-none-eabi/9.2.1/../../../arm-none-eabi/lib/thumb/v7e-m+fp/hard/crt0.o
LOAD /usr/lib/gcc/arm-none-eabi/9.2.1/../../../arm-none-eabi/lib/thumb/v7e-m+fp/hard/libc_nano.a
LOAD /usr/lib/gcc/arm-none-eabi/9.2.1/../../../arm-none-eabi/lib/thumb/v7e-m+fp/hard/libm.a
LOAD /usr/lib/gcc/arm-none-eabi/9.2.1/../../../arm-none-eabi/lib/thumb/v7e-m+fp/hard/libnosys.a
LOAD /mnt/d/Marcelo/bitbucket/mcuboot/mcuboot/boot/bootutil/src/boot_record.o
LOAD /mnt/d/Marcelo/bitbucket/mcuboot/mcuboot/boot/bootutil/src/bootutil_misc.o
LOAD /mnt/d/Marcelo/bitbucket/mcuboot/mcuboot/boot/bootutil/src/bootutil_public.o
LOAD /mnt/d/Marcelo/bitbucket/mcuboot/mcuboot/boot/bootutil/src/caps.o
LOAD /mnt/d/Marcelo/bitbucket/mcuboot/mcuboot/boot/bootutil/src/encrypted.o
LOAD /mnt/d/Marcelo/bitbucket/mcuboot/mcuboot/boot/bootutil/src/fault_injection_hardening.o
LOAD /mnt/d/Marcelo/bitbucket/mcuboot/mcuboot/boot/bootutil/src/fault_injection_hardening_delay_rng_mbedtls.o
LOAD /mnt/d/Marcelo/bitbucket/mcuboot/mcuboot/boot/bootutil/src/image_ec.o
LOAD /mnt/d/Marcelo/bitbucket/mcuboot/mcuboot/boot/bootutil/src/image_ec256.o
LOAD /mnt/d/Marcelo/bitbucket/mcuboot/mcuboot/boot/bootutil/src/image_ed25519.o
LOAD /mnt/d/Marcelo/bitbucket/mcuboot/mcuboot/boot/bootutil/src/image_rsa.o
LOAD /mnt/d/Marcelo/bitbucket/mcuboot/mcuboot/boot/bootutil/src/image_validate.o
LOAD /mnt/d/Marcelo/bitbucket/mcuboot/mcuboot/boot/bootutil/src/loader.o
LOAD /mnt/d/Marcelo/bitbucket/mcuboot/mcuboot/boot/bootutil/src/swap_misc.o
LOAD /mnt/d/Marcelo/bitbucket/mcuboot/mcuboot/boot/bootutil/src/swap_move.o
LOAD /mnt/d/Marcelo/bitbucket/mcuboot/mcuboot/boot/bootutil/src/swap_scratch.o
LOAD /mnt/d/Marcelo/bitbucket/mcuboot/mcuboot/boot/bootutil/src/tlv.o
LOAD mcuboot_main.o
LOAD hal/Core/Src/main.o
LOAD hal/Core/Src/stm32g4xx_it.o
LOAD hal/Core/Src/stm32g4xx_hal_msp.o
LOAD hal/Core/Src/system_stm32g4xx.o
LOAD hal/startup_stm32g431xx.o
LOAD hal/Drivers/STM32G4xx_HAL_Driver/Src/stm32g4xx_hal_tim.o
LOAD hal/Drivers/STM32G4xx_HAL_Driver/Src/stm32g4xx_hal_tim_ex.o
LOAD hal/Drivers/STM32G4xx_HAL_Driver/Src/stm32g4xx_hal_pwr_ex.o
LOAD hal/Drivers/STM32G4xx_HAL_Driver/Src/stm32g4xx_hal_uart.o
LOAD hal/Drivers/STM32G4xx_HAL_Driver/Src/stm32g4xx_hal_uart_ex.o
LOAD hal/Drivers/STM32G4xx_HAL_Driver/Src/stm32g4xx_hal.o
LOAD hal/Drivers/STM32G4xx_HAL_Driver/Src/stm32g4xx_hal_rcc.o
LOAD hal/Drivers/STM32G4xx_HAL_Driver/Src/stm32g4xx_hal_rcc_ex.o
LOAD hal/Drivers/STM32G4xx_HAL_Driver/Src/stm32g4xx_hal_flash.o
LOAD hal/Drivers/STM32G4xx_HAL_Driver/Src/stm32g4xx_hal_flash_ex.o
LOAD hal/Drivers/STM32G4xx_HAL_Driver/Src/stm32g4xx_hal_flash_ramfunc.o
LOAD hal/Drivers/STM32G4xx_HAL_Driver/Src/stm32g4xx_hal_gpio.o
LOAD hal/Drivers/STM32G4xx_HAL_Driver/Src/stm32g4xx_hal_exti.o
LOAD hal/Drivers/STM32G4xx_HAL_Driver/Src/stm32g4xx_hal_dma.o
LOAD hal/Drivers/STM32G4xx_HAL_Driver/Src/stm32g4xx_hal_dma_ex.o
LOAD hal/Drivers/STM32G4xx_HAL_Driver/Src/stm32g4xx_hal_pwr.o
LOAD hal/Drivers/STM32G4xx_HAL_Driver/Src/stm32g4xx_hal_cortex.o
START GROUP
LOAD /usr/lib/gcc/arm-none-eabi/9.2.1/thumb/v7e-m+fp/hard/libgcc.a
LOAD /usr/lib/gcc/arm-none-eabi/9.2.1/../../../arm-none-eabi/lib/thumb/v7e-m+fp/hard/libc_nano.a
END GROUP
START GROUP
LOAD /usr/lib/gcc/arm-none-eabi/9.2.1/thumb/v7e-m+fp/hard/libgcc.a
LOAD /usr/lib/gcc/arm-none-eabi/9.2.1/../../../arm-none-eabi/lib/thumb/v7e-m+fp/hard/libc_nano.a
END GROUP
LOAD /usr/lib/gcc/arm-none-eabi/9.2.1/thumb/v7e-m+fp/hard/crtend.o
LOAD /usr/lib/gcc/arm-none-eabi/9.2.1/thumb/v7e-m+fp/hard/crtn.o
                0x0000000020008000                _estack = 0x20008000
                0x0000000000000200                _Min_Heap_Size = 0x200
                0x0000000000000400                _Min_Stack_Size = 0x400

.isr_vector     0x0000000008000000      0x1d8
                0x0000000008000000                . = ALIGN (0x4)
 *(.isr_vector)
 .isr_vector    0x0000000008000000      0x1d8 hal/startup_stm32g431xx.o
                0x0000000008000000                g_pfnVectors
                0x00000000080001d8                . = ALIGN (0x4)

.text           0x00000000080001d8     0x27fc
                0x00000000080001d8                . = ALIGN (0x4)
 *(.text)
 .text          0x00000000080001d8       0x88 /usr/lib/gcc/arm-none-eabi/9.2.1/thumb/v7e-m+fp/hard/crtbegin.o
 .text          0x0000000008000260       0x48 /usr/lib/gcc/arm-none-eabi/9.2.1/../../../arm-none-eabi/lib/thumb/v7e-m+fp/hard/libc_nano.a(lib_a-init.o)
                0x0000000008000260                __libc_init_array
 .text          0x00000000080002a8       0xa0 /usr/lib/gcc/arm-none-eabi/9.2.1/../../../arm-none-eabi/lib/thumb/v7e-m+fp/hard/libc_nano.a(lib_a-memset.o)
                0x00000000080002a8                memset
 .text          0x0000000008000348       0x30 /usr/lib/gcc/arm-none-eabi/9.2.1/thumb/v7e-m+fp/hard/libgcc.a(_aeabi_uldivmod.o)
                0x0000000008000348                __aeabi_uldivmod
 .text          0x0000000008000378      0x2c4 /usr/lib/gcc/arm-none-eabi/9.2.1/thumb/v7e-m+fp/hard/libgcc.a(_udivmoddi4.o)
                0x0000000008000378                __udivmoddi4
 .text          0x000000000800063c        0x4 /usr/lib/gcc/arm-none-eabi/9.2.1/thumb/v7e-m+fp/hard/libgcc.a(_dvmd_tls.o)
                0x000000000800063c                __aeabi_ldiv0
                0x000000000800063c                __aeabi_idiv0
 *(.text*)
 .text.main     0x0000000008000640       0x16 hal/Core/Src/main.o
                0x0000000008000640                main
 .text.SystemClock_Config
                0x0000000008000656       0xc8 hal/Core/Src/main.o
                0x0000000008000656                SystemClock_Config
 *fill*         0x000000000800071e        0x2 
 .text.MX_USART2_UART_Init
                0x0000000008000720       0x98 hal/Core/Src/main.o
 .text.MX_GPIO_Init
                0x00000000080007b8       0x48 hal/Core/Src/main.o
 .text.Error_Handler
                0x0000000008000800        0xa hal/Core/Src/main.o
                0x0000000008000800                Error_Handler
 .text.NMI_Handler
                0x000000000800080a        0x6 hal/Core/Src/stm32g4xx_it.o
                0x000000000800080a                NMI_Handler
 .text.HardFault_Handler
                0x0000000008000810        0x6 hal/Core/Src/stm32g4xx_it.o
                0x0000000008000810                HardFault_Handler
 .text.MemManage_Handler
                0x0000000008000816        0x6 hal/Core/Src/stm32g4xx_it.o
                0x0000000008000816                MemManage_Handler
 .text.BusFault_Handler
                0x000000000800081c        0x6 hal/Core/Src/stm32g4xx_it.o
                0x000000000800081c                BusFault_Handler
 .text.UsageFault_Handler
                0x0000000008000822        0x6 hal/Core/Src/stm32g4xx_it.o
                0x0000000008000822                UsageFault_Handler
 .text.SVC_Handler
                0x0000000008000828        0xe hal/Core/Src/stm32g4xx_it.o
                0x0000000008000828                SVC_Handler
 .text.DebugMon_Handler
                0x0000000008000836        0xe hal/Core/Src/stm32g4xx_it.o
                0x0000000008000836                DebugMon_Handler
 .text.PendSV_Handler
                0x0000000008000844        0xe hal/Core/Src/stm32g4xx_it.o
                0x0000000008000844                PendSV_Handler
 .text.SysTick_Handler
                0x0000000008000852        0xc hal/Core/Src/stm32g4xx_it.o
                0x0000000008000852                SysTick_Handler
 *fill*         0x000000000800085e        0x2 
 .text.HAL_MspInit
                0x0000000008000860       0x48 hal/Core/Src/stm32g4xx_hal_msp.o
                0x0000000008000860                HAL_MspInit
 .text.HAL_UART_MspInit
                0x00000000080008a8       0x84 hal/Core/Src/stm32g4xx_hal_msp.o
                0x00000000080008a8                HAL_UART_MspInit
 .text.SystemInit
                0x000000000800092c       0x24 hal/Core/Src/system_stm32g4xx.o
                0x000000000800092c                SystemInit
 .text.Reset_Handler
                0x0000000008000950       0x50 hal/startup_stm32g431xx.o
                0x0000000008000950                Reset_Handler
 .text.Default_Handler
                0x00000000080009a0        0x2 hal/startup_stm32g431xx.o
                0x00000000080009a0                RTC_Alarm_IRQHandler
                0x00000000080009a0                EXTI2_IRQHandler
                0x00000000080009a0                TIM8_TRG_COM_IRQHandler
                0x00000000080009a0                TIM8_CC_IRQHandler
                0x00000000080009a0                TIM1_CC_IRQHandler
                0x00000000080009a0                USB_HP_IRQHandler
                0x00000000080009a0                CORDIC_IRQHandler
                0x00000000080009a0                EXTI3_IRQHandler
                0x00000000080009a0                I2C3_ER_IRQHandler
                0x00000000080009a0                EXTI0_IRQHandler
                0x00000000080009a0                I2C2_EV_IRQHandler
                0x00000000080009a0                FPU_IRQHandler
                0x00000000080009a0                FDCAN1_IT1_IRQHandler
                0x00000000080009a0                TIM1_UP_TIM16_IRQHandler
                0x00000000080009a0                ADC1_2_IRQHandler
                0x00000000080009a0                SPI1_IRQHandler
                0x00000000080009a0                TIM6_DAC_IRQHandler
                0x00000000080009a0                TIM8_UP_IRQHandler
                0x00000000080009a0                DMA2_Channel2_IRQHandler
                0x00000000080009a0                DMA1_Channel4_IRQHandler
                0x00000000080009a0                USART3_IRQHandler
                0x00000000080009a0                TIM4_IRQHandler
                0x00000000080009a0                DMA2_Channel1_IRQHandler
                0x00000000080009a0                I2C1_EV_IRQHandler
                0x00000000080009a0                DMA1_Channel6_IRQHandler
                0x00000000080009a0                UART4_IRQHandler
                0x00000000080009a0                DMA2_Channel4_IRQHandler
                0x00000000080009a0                TIM3_IRQHandler
                0x00000000080009a0                RCC_IRQHandler
                0x00000000080009a0                DMA1_Channel1_IRQHandler
                0x00000000080009a0                Default_Handler
                0x00000000080009a0                RTC_TAMP_LSECSS_IRQHandler
                0x00000000080009a0                FMAC_IRQHandler
                0x00000000080009a0                EXTI15_10_IRQHandler
                0x00000000080009a0                TIM7_IRQHandler
                0x00000000080009a0                UCPD1_IRQHandler
                0x00000000080009a0                I2C3_EV_IRQHandler
                0x00000000080009a0                EXTI9_5_IRQHandler
                0x00000000080009a0                RTC_WKUP_IRQHandler
                0x00000000080009a0                PVD_PVM_IRQHandler
                0x00000000080009a0                SPI2_IRQHandler
                0x00000000080009a0                DMA2_Channel5_IRQHandler
                0x00000000080009a0                CRS_IRQHandler
                0x00000000080009a0                DMA1_Channel5_IRQHandler
                0x00000000080009a0                USB_LP_IRQHandler
                0x00000000080009a0                EXTI4_IRQHandler
                0x00000000080009a0                RNG_IRQHandler
                0x00000000080009a0                TIM1_TRG_COM_TIM17_IRQHandler
                0x00000000080009a0                DMA1_Channel3_IRQHandler
                0x00000000080009a0                WWDG_IRQHandler
                0x00000000080009a0                LPUART1_IRQHandler
                0x00000000080009a0                DMA2_Channel6_IRQHandler
                0x00000000080009a0                FDCAN1_IT0_IRQHandler
                0x00000000080009a0                TIM2_IRQHandler
                0x00000000080009a0                COMP1_2_3_IRQHandler
                0x00000000080009a0                EXTI1_IRQHandler
                0x00000000080009a0                USART2_IRQHandler
                0x00000000080009a0                I2C2_ER_IRQHandler
                0x00000000080009a0                DMA1_Channel2_IRQHandler
                0x00000000080009a0                TIM8_BRK_IRQHandler
                0x00000000080009a0                FLASH_IRQHandler
                0x00000000080009a0                USART1_IRQHandler
                0x00000000080009a0                SPI3_IRQHandler
                0x00000000080009a0                I2C1_ER_IRQHandler
                0x00000000080009a0                LPTIM1_IRQHandler
                0x00000000080009a0                DMAMUX_OVR_IRQHandler
                0x00000000080009a0                USBWakeUp_IRQHandler
                0x00000000080009a0                SAI1_IRQHandler
                0x00000000080009a0                DMA2_Channel3_IRQHandler
                0x00000000080009a0                COMP4_IRQHandler
                0x00000000080009a0                TIM1_BRK_TIM15_IRQHandler
 *fill*         0x00000000080009a2        0x2 
 .text.HAL_PWREx_ControlVoltageScaling
                0x00000000080009a4      0x148 hal/Drivers/STM32G4xx_HAL_Driver/Src/stm32g4xx_hal_pwr_ex.o
                0x00000000080009a4                HAL_PWREx_ControlVoltageScaling
 .text.HAL_PWREx_DisableUCPDDeadBattery
                0x0000000008000aec       0x20 hal/Drivers/STM32G4xx_HAL_Driver/Src/stm32g4xx_hal_pwr_ex.o
                0x0000000008000aec                HAL_PWREx_DisableUCPDDeadBattery
 .text.HAL_UART_Init
                0x0000000008000b0c       0xa0 hal/Drivers/STM32G4xx_HAL_Driver/Src/stm32g4xx_hal_uart.o
                0x0000000008000b0c                HAL_UART_Init
 .text.UART_SetConfig
                0x0000000008000bac      0x53c hal/Drivers/STM32G4xx_HAL_Driver/Src/stm32g4xx_hal_uart.o
                0x0000000008000bac                UART_SetConfig
 .text.UART_AdvFeatureConfig
                0x00000000080010e8      0x144 hal/Drivers/STM32G4xx_HAL_Driver/Src/stm32g4xx_hal_uart.o
                0x00000000080010e8                UART_AdvFeatureConfig
 .text.UART_CheckIdleState
                0x000000000800122c       0x96 hal/Drivers/STM32G4xx_HAL_Driver/Src/stm32g4xx_hal_uart.o
                0x000000000800122c                UART_CheckIdleState
 .text.UART_WaitOnFlagUntilTimeout
                0x00000000080012c2      0x100 hal/Drivers/STM32G4xx_HAL_Driver/Src/stm32g4xx_hal_uart.o
                0x00000000080012c2                UART_WaitOnFlagUntilTimeout
 .text.HAL_UARTEx_DisableFifoMode
                0x00000000080013c2       0x72 hal/Drivers/STM32G4xx_HAL_Driver/Src/stm32g4xx_hal_uart_ex.o
                0x00000000080013c2                HAL_UARTEx_DisableFifoMode
 .text.HAL_UARTEx_SetTxFifoThreshold
                0x0000000008001434       0x7c hal/Drivers/STM32G4xx_HAL_Driver/Src/stm32g4xx_hal_uart_ex.o
                0x0000000008001434                HAL_UARTEx_SetTxFifoThreshold
 .text.HAL_UARTEx_SetRxFifoThreshold
                0x00000000080014b0       0x7c hal/Drivers/STM32G4xx_HAL_Driver/Src/stm32g4xx_hal_uart_ex.o
                0x00000000080014b0                HAL_UARTEx_SetRxFifoThreshold
 .text.UARTEx_SetNbDataToProcess
                0x000000000800152c       0x9c hal/Drivers/STM32G4xx_HAL_Driver/Src/stm32g4xx_hal_uart_ex.o
 .text.HAL_Init
                0x00000000080015c8       0x30 hal/Drivers/STM32G4xx_HAL_Driver/Src/stm32g4xx_hal.o
                0x00000000080015c8                HAL_Init
 .text.HAL_InitTick
                0x00000000080015f8       0x74 hal/Drivers/STM32G4xx_HAL_Driver/Src/stm32g4xx_hal.o
                0x00000000080015f8                HAL_InitTick
 .text.HAL_IncTick
                0x000000000800166c       0x24 hal/Drivers/STM32G4xx_HAL_Driver/Src/stm32g4xx_hal.o
                0x000000000800166c                HAL_IncTick
 .text.HAL_GetTick
                0x0000000008001690       0x18 hal/Drivers/STM32G4xx_HAL_Driver/Src/stm32g4xx_hal.o
                0x0000000008001690                HAL_GetTick
 .text.HAL_RCC_OscConfig
                0x00000000080016a8      0x630 hal/Drivers/STM32G4xx_HAL_Driver/Src/stm32g4xx_hal_rcc.o
                0x00000000080016a8                HAL_RCC_OscConfig
 .text.HAL_RCC_ClockConfig
                0x0000000008001cd8      0x278 hal/Drivers/STM32G4xx_HAL_Driver/Src/stm32g4xx_hal_rcc.o
                0x0000000008001cd8                HAL_RCC_ClockConfig
 .text.HAL_RCC_GetSysClockFreq
                0x0000000008001f50       0xc4 hal/Drivers/STM32G4xx_HAL_Driver/Src/stm32g4xx_hal_rcc.o
                0x0000000008001f50                HAL_RCC_GetSysClockFreq
 .text.HAL_RCC_GetHCLKFreq
                0x0000000008002014       0x18 hal/Drivers/STM32G4xx_HAL_Driver/Src/stm32g4xx_hal_rcc.o
                0x0000000008002014                HAL_RCC_GetHCLKFreq
 .text.HAL_RCC_GetPCLK1Freq
                0x000000000800202c       0x2c hal/Drivers/STM32G4xx_HAL_Driver/Src/stm32g4xx_hal_rcc.o
                0x000000000800202c                HAL_RCC_GetPCLK1Freq
 .text.HAL_RCC_GetPCLK2Freq
                0x0000000008002058       0x2c hal/Drivers/STM32G4xx_HAL_Driver/Src/stm32g4xx_hal_rcc.o
                0x0000000008002058                HAL_RCC_GetPCLK2Freq
 .text.RCC_GetSysClockFreqFromPLLSource
                0x0000000008002084       0x8c hal/Drivers/STM32G4xx_HAL_Driver/Src/stm32g4xx_hal_rcc.o
 .text.HAL_RCCEx_PeriphCLKConfig
                0x0000000008002110      0x3e0 hal/Drivers/STM32G4xx_HAL_Driver/Src/stm32g4xx_hal_rcc_ex.o
                0x0000000008002110                HAL_RCCEx_PeriphCLKConfig
 .text.HAL_GPIO_Init
                0x00000000080024f0      0x304 hal/Drivers/STM32G4xx_HAL_Driver/Src/stm32g4xx_hal_gpio.o
                0x00000000080024f0                HAL_GPIO_Init
 .text.__NVIC_SetPriorityGrouping
                0x00000000080027f4       0x48 hal/Drivers/STM32G4xx_HAL_Driver/Src/stm32g4xx_hal_cortex.o
 .text.__NVIC_GetPriorityGrouping
                0x000000000800283c       0x1c hal/Drivers/STM32G4xx_HAL_Driver/Src/stm32g4xx_hal_cortex.o
 .text.__NVIC_SetPriority
                0x0000000008002858       0x54 hal/Drivers/STM32G4xx_HAL_Driver/Src/stm32g4xx_hal_cortex.o
 .text.NVIC_EncodePriority
                0x00000000080028ac       0x66 hal/Drivers/STM32G4xx_HAL_Driver/Src/stm32g4xx_hal_cortex.o
 *fill*         0x0000000008002912        0x2 
 .text.SysTick_Config
                0x0000000008002914       0x44 hal/Drivers/STM32G4xx_HAL_Driver/Src/stm32g4xx_hal_cortex.o
 .text.HAL_NVIC_SetPriorityGrouping
                0x0000000008002958       0x16 hal/Drivers/STM32G4xx_HAL_Driver/Src/stm32g4xx_hal_cortex.o
                0x0000000008002958                HAL_NVIC_SetPriorityGrouping
 .text.HAL_NVIC_SetPriority
                0x000000000800296e       0x34 hal/Drivers/STM32G4xx_HAL_Driver/Src/stm32g4xx_hal_cortex.o
                0x000000000800296e                HAL_NVIC_SetPriority
 .text.HAL_SYSTICK_Config
                0x00000000080029a2       0x18 hal/Drivers/STM32G4xx_HAL_Driver/Src/stm32g4xx_hal_cortex.o
                0x00000000080029a2                HAL_SYSTICK_Config
 *(.glue_7)
 .glue_7        0x00000000080029ba        0x0 linker stubs
 *(.glue_7t)
 .glue_7t       0x00000000080029ba        0x0 linker stubs
 *(.eh_frame)
 *fill*         0x00000000080029ba        0x2 
 .eh_frame      0x00000000080029bc        0x0 /usr/lib/gcc/arm-none-eabi/9.2.1/thumb/v7e-m+fp/hard/crtbegin.o
 *(.init)
 .init          0x00000000080029bc        0x4 /usr/lib/gcc/arm-none-eabi/9.2.1/thumb/v7e-m+fp/hard/crti.o
                0x00000000080029bc                _init
 .init          0x00000000080029c0        0x8 /usr/lib/gcc/arm-none-eabi/9.2.1/thumb/v7e-m+fp/hard/crtn.o
 *(.fini)
 .fini          0x00000000080029c8        0x4 /usr/lib/gcc/arm-none-eabi/9.2.1/thumb/v7e-m+fp/hard/crti.o
                0x00000000080029c8                _fini
 .fini          0x00000000080029cc        0x8 /usr/lib/gcc/arm-none-eabi/9.2.1/thumb/v7e-m+fp/hard/crtn.o
                0x00000000080029d4                . = ALIGN (0x4)
                0x00000000080029d4                _etext = .

.vfp11_veneer   0x00000000080029d4        0x0
 .vfp11_veneer  0x00000000080029d4        0x0 linker stubs

.v4_bx          0x00000000080029d4        0x0
 .v4_bx         0x00000000080029d4        0x0 linker stubs

.iplt           0x00000000080029d4        0x0
 .iplt          0x00000000080029d4        0x0 /usr/lib/gcc/arm-none-eabi/9.2.1/thumb/v7e-m+fp/hard/crtbegin.o

.rodata         0x00000000080029d4       0x40
                0x00000000080029d4                . = ALIGN (0x4)
 *(.rodata)
 *(.rodata*)
 .rodata.AHBPrescTable
                0x00000000080029d4       0x10 hal/Core/Src/system_stm32g4xx.o
                0x00000000080029d4                AHBPrescTable
 .rodata.APBPrescTable
                0x00000000080029e4        0x8 hal/Core/Src/system_stm32g4xx.o
                0x00000000080029e4                APBPrescTable
 .rodata.UARTPrescTable
                0x00000000080029ec       0x18 hal/Drivers/STM32G4xx_HAL_Driver/Src/stm32g4xx_hal_uart.o
                0x00000000080029ec                UARTPrescTable
 .rodata.numerator.7855
                0x0000000008002a04        0x8 hal/Drivers/STM32G4xx_HAL_Driver/Src/stm32g4xx_hal_uart_ex.o
 .rodata.denominator.7856
                0x0000000008002a0c        0x8 hal/Drivers/STM32G4xx_HAL_Driver/Src/stm32g4xx_hal_uart_ex.o
                0x0000000008002a14                . = ALIGN (0x4)

.ARM.extab
 *(.ARM.extab* .gnu.linkonce.armextab.*)

.ARM            0x0000000008002a14        0x8
                0x0000000008002a14                __exidx_start = .
 *(.ARM.exidx*)
 .ARM.exidx     0x0000000008002a14        0x8 /usr/lib/gcc/arm-none-eabi/9.2.1/thumb/v7e-m+fp/hard/libgcc.a(_udivmoddi4.o)
                0x0000000008002a1c                __exidx_end = .

.rel.dyn        0x0000000008002a1c        0x0
 .rel.iplt      0x0000000008002a1c        0x0 /usr/lib/gcc/arm-none-eabi/9.2.1/thumb/v7e-m+fp/hard/crtbegin.o

.preinit_array  0x0000000008002a1c        0x0
                0x0000000008002a1c                PROVIDE (__preinit_array_start = .)
 *(.preinit_array*)
                0x0000000008002a1c                PROVIDE (__preinit_array_end = .)

.init_array     0x0000000008002a1c        0x4
                0x0000000008002a1c                PROVIDE (__init_array_start = .)
 *(SORT_BY_NAME(.init_array.*))
 *(.init_array*)
 .init_array    0x0000000008002a1c        0x4 /usr/lib/gcc/arm-none-eabi/9.2.1/thumb/v7e-m+fp/hard/crtbegin.o
                0x0000000008002a20                PROVIDE (__init_array_end = .)

.fini_array     0x0000000008002a20        0x4
                0x0000000008002a20                PROVIDE (__fini_array_start = .)
 *(SORT_BY_NAME(.fini_array.*))
 *(.fini_array*)
 .fini_array    0x0000000008002a20        0x4 /usr/lib/gcc/arm-none-eabi/9.2.1/thumb/v7e-m+fp/hard/crtbegin.o
                0x0000000008002a24                PROVIDE (__fini_array_end = .)
                0x0000000008002a24                _sidata = LOADADDR (.data)

.data           0x0000000020000000        0xc load address 0x0000000008002a24
                0x0000000020000000                . = ALIGN (0x4)
                0x0000000020000000                _sdata = .
 *(.data)
 *(.data*)
 .data.SystemCoreClock
                0x0000000020000000        0x4 hal/Core/Src/system_stm32g4xx.o
                0x0000000020000000                SystemCoreClock
 .data.uwTickPrio
                0x0000000020000004        0x4 hal/Drivers/STM32G4xx_HAL_Driver/Src/stm32g4xx_hal.o
                0x0000000020000004                uwTickPrio
 .data.uwTickFreq
                0x0000000020000008        0x4 hal/Drivers/STM32G4xx_HAL_Driver/Src/stm32g4xx_hal.o
                0x0000000020000008                uwTickFreq
                0x000000002000000c                . = ALIGN (0x4)
                0x000000002000000c                _edata = .

.tm_clone_table
                0x000000002000000c        0x0 load address 0x0000000008002a30
 .tm_clone_table
                0x000000002000000c        0x0 /usr/lib/gcc/arm-none-eabi/9.2.1/thumb/v7e-m+fp/hard/crtbegin.o
 .tm_clone_table
                0x000000002000000c        0x0 /usr/lib/gcc/arm-none-eabi/9.2.1/thumb/v7e-m+fp/hard/crtend.o

.igot.plt       0x000000002000000c        0x0 load address 0x0000000008002a30
 .igot.plt      0x000000002000000c        0x0 /usr/lib/gcc/arm-none-eabi/9.2.1/thumb/v7e-m+fp/hard/crtbegin.o
                0x000000002000000c                . = ALIGN (0x4)

.bss            0x000000002000000c       0xb0 load address 0x0000000008002a30
                0x000000002000000c                _sbss = .
                0x000000002000000c                __bss_start__ = _sbss
 *(.bss)
 .bss           0x000000002000000c       0x1c /usr/lib/gcc/arm-none-eabi/9.2.1/thumb/v7e-m+fp/hard/crtbegin.o
 *(.bss*)
 *(COMMON)
 COMMON         0x0000000020000028       0x90 hal/Core/Src/main.o
                0x0000000020000028                huart2
 COMMON         0x00000000200000b8        0x4 hal/Drivers/STM32G4xx_HAL_Driver/Src/stm32g4xx_hal.o
                0x00000000200000b8                uwTick
                0x00000000200000bc                . = ALIGN (0x4)
                0x00000000200000bc                _ebss = .
                0x00000000200000bc                __bss_end__ = _ebss

._user_heap_stack
                0x00000000200000bc      0x604 load address 0x0000000008002a30
                0x00000000200000c0                . = ALIGN (0x8)
 *fill*         0x00000000200000bc        0x4 
                [!provide]                        PROVIDE (end = .)
                [!provide]                        PROVIDE (_end = .)
                0x00000000200002c0                . = (. + _Min_Heap_Size)
 *fill*         0x00000000200000c0      0x200 
                0x00000000200006c0                . = (. + _Min_Stack_Size)
 *fill*         0x00000000200002c0      0x400 
                0x00000000200006c0                . = ALIGN (0x8)

/DISCARD/
 libc.a(*)
 libm.a(*)
 libgcc.a(*)

.ARM.attributes
                0x0000000000000000       0x30
 *(.ARM.attributes)
 .ARM.attributes
                0x0000000000000000       0x1e /usr/lib/gcc/arm-none-eabi/9.2.1/thumb/v7e-m+fp/hard/crti.o
 .ARM.attributes
                0x000000000000001e       0x34 /usr/lib/gcc/arm-none-eabi/9.2.1/thumb/v7e-m+fp/hard/crtbegin.o
 .ARM.attributes
                0x0000000000000052       0x34 /usr/lib/gcc/arm-none-eabi/9.2.1/../../../arm-none-eabi/lib/thumb/v7e-m+fp/hard/libc_nano.a(lib_a-init.o)
 .ARM.attributes
                0x0000000000000086       0x34 /usr/lib/gcc/arm-none-eabi/9.2.1/../../../arm-none-eabi/lib/thumb/v7e-m+fp/hard/libc_nano.a(lib_a-memset.o)
 .ARM.attributes
                0x00000000000000ba       0x34 hal/Core/Src/main.o
 .ARM.attributes
                0x00000000000000ee       0x34 hal/Core/Src/stm32g4xx_it.o
 .ARM.attributes
                0x0000000000000122       0x34 hal/Core/Src/stm32g4xx_hal_msp.o
 .ARM.attributes
                0x0000000000000156       0x34 hal/Core/Src/system_stm32g4xx.o
 .ARM.attributes
                0x000000000000018a       0x21 hal/startup_stm32g431xx.o
 .ARM.attributes
                0x00000000000001ab       0x34 hal/Drivers/STM32G4xx_HAL_Driver/Src/stm32g4xx_hal_pwr_ex.o
 .ARM.attributes
                0x00000000000001df       0x34 hal/Drivers/STM32G4xx_HAL_Driver/Src/stm32g4xx_hal_uart.o
 .ARM.attributes
                0x0000000000000213       0x34 hal/Drivers/STM32G4xx_HAL_Driver/Src/stm32g4xx_hal_uart_ex.o
 .ARM.attributes
                0x0000000000000247       0x34 hal/Drivers/STM32G4xx_HAL_Driver/Src/stm32g4xx_hal.o
 .ARM.attributes
                0x000000000000027b       0x34 hal/Drivers/STM32G4xx_HAL_Driver/Src/stm32g4xx_hal_rcc.o
 .ARM.attributes
                0x00000000000002af       0x34 hal/Drivers/STM32G4xx_HAL_Driver/Src/stm32g4xx_hal_rcc_ex.o
 .ARM.attributes
                0x00000000000002e3       0x34 hal/Drivers/STM32G4xx_HAL_Driver/Src/stm32g4xx_hal_gpio.o
 .ARM.attributes
                0x0000000000000317       0x34 hal/Drivers/STM32G4xx_HAL_Driver/Src/stm32g4xx_hal_cortex.o
 .ARM.attributes
                0x000000000000034b       0x1e /usr/lib/gcc/arm-none-eabi/9.2.1/thumb/v7e-m+fp/hard/libgcc.a(_aeabi_uldivmod.o)
 .ARM.attributes
                0x0000000000000369       0x34 /usr/lib/gcc/arm-none-eabi/9.2.1/thumb/v7e-m+fp/hard/libgcc.a(_udivmoddi4.o)
 .ARM.attributes
                0x000000000000039d       0x1e /usr/lib/gcc/arm-none-eabi/9.2.1/thumb/v7e-m+fp/hard/libgcc.a(_dvmd_tls.o)
 .ARM.attributes
                0x00000000000003bb       0x32 /usr/lib/gcc/arm-none-eabi/9.2.1/thumb/v7e-m+fp/hard/crtend.o
 .ARM.attributes
                0x00000000000003ed       0x1e /usr/lib/gcc/arm-none-eabi/9.2.1/thumb/v7e-m+fp/hard/crtn.o
OUTPUT(mcuboot_firmware.elf elf32-littlearm)
LOAD linker stubs
LOAD /usr/lib/gcc/arm-none-eabi/9.2.1/../../../arm-none-eabi/lib/thumb/v7e-m+fp/hard/libc.a
LOAD /usr/lib/gcc/arm-none-eabi/9.2.1/../../../arm-none-eabi/lib/thumb/v7e-m+fp/hard/libm.a
LOAD /usr/lib/gcc/arm-none-eabi/9.2.1/thumb/v7e-m+fp/hard/libgcc.a

.comment        0x0000000000000000       0xa7
 .comment       0x0000000000000000       0x59 /usr/lib/gcc/arm-none-eabi/9.2.1/thumb/v7e-m+fp/hard/crtbegin.o
                                         0x5a (size before relaxing)
 .comment       0x0000000000000059       0x4e /usr/lib/gcc/arm-none-eabi/9.2.1/../../../arm-none-eabi/lib/thumb/v7e-m+fp/hard/libc_nano.a(lib_a-init.o)
                                         0x4f (size before relaxing)
 .comment       0x00000000000000a7       0x4f /usr/lib/gcc/arm-none-eabi/9.2.1/../../../arm-none-eabi/lib/thumb/v7e-m+fp/hard/libc_nano.a(lib_a-memset.o)
 .comment       0x00000000000000a7       0x5a hal/Core/Src/main.o
 .comment       0x00000000000000a7       0x5a hal/Core/Src/stm32g4xx_it.o
 .comment       0x00000000000000a7       0x5a hal/Core/Src/stm32g4xx_hal_msp.o
 .comment       0x00000000000000a7       0x5a hal/Core/Src/system_stm32g4xx.o
 .comment       0x00000000000000a7       0x5a hal/Drivers/STM32G4xx_HAL_Driver/Src/stm32g4xx_hal_pwr_ex.o
 .comment       0x00000000000000a7       0x5a hal/Drivers/STM32G4xx_HAL_Driver/Src/stm32g4xx_hal_uart.o
 .comment       0x00000000000000a7       0x5a hal/Drivers/STM32G4xx_HAL_Driver/Src/stm32g4xx_hal_uart_ex.o
 .comment       0x00000000000000a7       0x5a hal/Drivers/STM32G4xx_HAL_Driver/Src/stm32g4xx_hal.o
 .comment       0x00000000000000a7       0x5a hal/Drivers/STM32G4xx_HAL_Driver/Src/stm32g4xx_hal_rcc.o
 .comment       0x00000000000000a7       0x5a hal/Drivers/STM32G4xx_HAL_Driver/Src/stm32g4xx_hal_rcc_ex.o
 .comment       0x00000000000000a7       0x5a hal/Drivers/STM32G4xx_HAL_Driver/Src/stm32g4xx_hal_gpio.o
 .comment       0x00000000000000a7       0x5a hal/Drivers/STM32G4xx_HAL_Driver/Src/stm32g4xx_hal_cortex.o
 .comment       0x00000000000000a7       0x5a /usr/lib/gcc/arm-none-eabi/9.2.1/thumb/v7e-m+fp/hard/libgcc.a(_udivmoddi4.o)
 .comment       0x00000000000000a7       0x5a /usr/lib/gcc/arm-none-eabi/9.2.1/thumb/v7e-m+fp/hard/crtend.o

.debug_info     0x0000000000000000     0xbda1
 .debug_info    0x0000000000000000      0x11a /usr/lib/gcc/arm-none-eabi/9.2.1/../../../arm-none-eabi/lib/thumb/v7e-m+fp/hard/libc_nano.a(lib_a-init.o)
 .debug_info    0x000000000000011a      0xf21 /usr/lib/gcc/arm-none-eabi/9.2.1/../../../arm-none-eabi/lib/thumb/v7e-m+fp/hard/libc_nano.a(lib_a-memset.o)
 .debug_info    0x000000000000103b      0xec3 hal/Core/Src/main.o
 .debug_info    0x0000000000001efe      0x325 hal/Core/Src/stm32g4xx_it.o
 .debug_info    0x0000000000002223      0xd56 hal/Core/Src/stm32g4xx_hal_msp.o
 .debug_info    0x0000000000002f79      0x723 hal/Core/Src/system_stm32g4xx.o
 .debug_info    0x000000000000369c       0x22 hal/startup_stm32g431xx.o
 .debug_info    0x00000000000036be      0xb45 hal/Drivers/STM32G4xx_HAL_Driver/Src/stm32g4xx_hal_pwr_ex.o
 .debug_info    0x0000000000004203     0x1d6e hal/Drivers/STM32G4xx_HAL_Driver/Src/stm32g4xx_hal_uart.o
 .debug_info    0x0000000000005f71      0xeba hal/Drivers/STM32G4xx_HAL_Driver/Src/stm32g4xx_hal_uart_ex.o
 .debug_info    0x0000000000006e2b      0xc4e hal/Drivers/STM32G4xx_HAL_Driver/Src/stm32g4xx_hal.o
 .debug_info    0x0000000000007a79      0xd6c hal/Drivers/STM32G4xx_HAL_Driver/Src/stm32g4xx_hal_rcc.o
 .debug_info    0x00000000000087e5      0xe6b hal/Drivers/STM32G4xx_HAL_Driver/Src/stm32g4xx_hal_rcc_ex.o
 .debug_info    0x0000000000009650      0xa06 hal/Drivers/STM32G4xx_HAL_Driver/Src/stm32g4xx_hal_gpio.o
 .debug_info    0x000000000000a056      0xf83 hal/Drivers/STM32G4xx_HAL_Driver/Src/stm32g4xx_hal_cortex.o
 .debug_info    0x000000000000afd9       0x26 /usr/lib/gcc/arm-none-eabi/9.2.1/thumb/v7e-m+fp/hard/libgcc.a(_aeabi_uldivmod.o)
 .debug_info    0x000000000000afff      0xd7c /usr/lib/gcc/arm-none-eabi/9.2.1/thumb/v7e-m+fp/hard/libgcc.a(_udivmoddi4.o)
 .debug_info    0x000000000000bd7b       0x26 /usr/lib/gcc/arm-none-eabi/9.2.1/thumb/v7e-m+fp/hard/libgcc.a(_dvmd_tls.o)

.debug_abbrev   0x0000000000000000     0x1d08
 .debug_abbrev  0x0000000000000000       0xcc /usr/lib/gcc/arm-none-eabi/9.2.1/../../../arm-none-eabi/lib/thumb/v7e-m+fp/hard/libc_nano.a(lib_a-init.o)
 .debug_abbrev  0x00000000000000cc      0x1d9 /usr/lib/gcc/arm-none-eabi/9.2.1/../../../arm-none-eabi/lib/thumb/v7e-m+fp/hard/libc_nano.a(lib_a-memset.o)
 .debug_abbrev  0x00000000000002a5      0x21d hal/Core/Src/main.o
 .debug_abbrev  0x00000000000004c2       0xef hal/Core/Src/stm32g4xx_it.o
 .debug_abbrev  0x00000000000005b1      0x1a9 hal/Core/Src/stm32g4xx_hal_msp.o
 .debug_abbrev  0x000000000000075a      0x162 hal/Core/Src/system_stm32g4xx.o
 .debug_abbrev  0x00000000000008bc       0x12 hal/startup_stm32g431xx.o
 .debug_abbrev  0x00000000000008ce      0x226 hal/Drivers/STM32G4xx_HAL_Driver/Src/stm32g4xx_hal_pwr_ex.o
 .debug_abbrev  0x0000000000000af4      0x24b hal/Drivers/STM32G4xx_HAL_Driver/Src/stm32g4xx_hal_uart.o
 .debug_abbrev  0x0000000000000d3f      0x207 hal/Drivers/STM32G4xx_HAL_Driver/Src/stm32g4xx_hal_uart_ex.o
 .debug_abbrev  0x0000000000000f46      0x224 hal/Drivers/STM32G4xx_HAL_Driver/Src/stm32g4xx_hal.o
 .debug_abbrev  0x000000000000116a      0x272 hal/Drivers/STM32G4xx_HAL_Driver/Src/stm32g4xx_hal_rcc.o
 .debug_abbrev  0x00000000000013dc      0x22d hal/Drivers/STM32G4xx_HAL_Driver/Src/stm32g4xx_hal_rcc_ex.o
 .debug_abbrev  0x0000000000001609      0x1e5 hal/Drivers/STM32G4xx_HAL_Driver/Src/stm32g4xx_hal_gpio.o
 .debug_abbrev  0x00000000000017ee      0x330 hal/Drivers/STM32G4xx_HAL_Driver/Src/stm32g4xx_hal_cortex.o
 .debug_abbrev  0x0000000000001b1e       0x14 /usr/lib/gcc/arm-none-eabi/9.2.1/thumb/v7e-m+fp/hard/libgcc.a(_aeabi_uldivmod.o)
 .debug_abbrev  0x0000000000001b32      0x1c2 /usr/lib/gcc/arm-none-eabi/9.2.1/thumb/v7e-m+fp/hard/libgcc.a(_udivmoddi4.o)
 .debug_abbrev  0x0000000000001cf4       0x14 /usr/lib/gcc/arm-none-eabi/9.2.1/thumb/v7e-m+fp/hard/libgcc.a(_dvmd_tls.o)

.debug_loc      0x0000000000000000     0x128d
 .debug_loc     0x0000000000000000       0xba /usr/lib/gcc/arm-none-eabi/9.2.1/../../../arm-none-eabi/lib/thumb/v7e-m+fp/hard/libc_nano.a(lib_a-init.o)
 .debug_loc     0x00000000000000ba      0x231 /usr/lib/gcc/arm-none-eabi/9.2.1/../../../arm-none-eabi/lib/thumb/v7e-m+fp/hard/libc_nano.a(lib_a-memset.o)
 .debug_loc     0x00000000000002eb      0xfa2 /usr/lib/gcc/arm-none-eabi/9.2.1/thumb/v7e-m+fp/hard/libgcc.a(_udivmoddi4.o)

.debug_aranges  0x0000000000000000      0x9d0
 .debug_aranges
                0x0000000000000000       0x20 /usr/lib/gcc/arm-none-eabi/9.2.1/../../../arm-none-eabi/lib/thumb/v7e-m+fp/hard/libc_nano.a(lib_a-init.o)
 .debug_aranges
                0x0000000000000020       0x20 /usr/lib/gcc/arm-none-eabi/9.2.1/../../../arm-none-eabi/lib/thumb/v7e-m+fp/hard/libc_nano.a(lib_a-memset.o)
 .debug_aranges
                0x0000000000000040       0x40 hal/Core/Src/main.o
 .debug_aranges
                0x0000000000000080       0x60 hal/Core/Src/stm32g4xx_it.o
 .debug_aranges
                0x00000000000000e0       0x30 hal/Core/Src/stm32g4xx_hal_msp.o
 .debug_aranges
                0x0000000000000110       0x28 hal/Core/Src/system_stm32g4xx.o
 .debug_aranges
                0x0000000000000138       0x28 hal/startup_stm32g431xx.o
 .debug_aranges
                0x0000000000000160      0x140 hal/Drivers/STM32G4xx_HAL_Driver/Src/stm32g4xx_hal_pwr_ex.o
 .debug_aranges
                0x00000000000002a0      0x248 hal/Drivers/STM32G4xx_HAL_Driver/Src/stm32g4xx_hal_uart.o
 .debug_aranges
                0x00000000000004e8       0xa0 hal/Drivers/STM32G4xx_HAL_Driver/Src/stm32g4xx_hal_uart_ex.o
 .debug_aranges
                0x0000000000000588      0x130 hal/Drivers/STM32G4xx_HAL_Driver/Src/stm32g4xx_hal.o
 .debug_aranges
                0x00000000000006b8       0x98 hal/Drivers/STM32G4xx_HAL_Driver/Src/stm32g4xx_hal_rcc.o
 .debug_aranges
                0x0000000000000750       0xb0 hal/Drivers/STM32G4xx_HAL_Driver/Src/stm32g4xx_hal_rcc_ex.o
 .debug_aranges
                0x0000000000000800       0x58 hal/Drivers/STM32G4xx_HAL_Driver/Src/stm32g4xx_hal_gpio.o
 .debug_aranges
                0x0000000000000858      0x118 hal/Drivers/STM32G4xx_HAL_Driver/Src/stm32g4xx_hal_cortex.o
 .debug_aranges
                0x0000000000000970       0x20 /usr/lib/gcc/arm-none-eabi/9.2.1/thumb/v7e-m+fp/hard/libgcc.a(_aeabi_uldivmod.o)
 .debug_aranges
                0x0000000000000990       0x20 /usr/lib/gcc/arm-none-eabi/9.2.1/thumb/v7e-m+fp/hard/libgcc.a(_udivmoddi4.o)
 .debug_aranges
                0x00000000000009b0       0x20 /usr/lib/gcc/arm-none-eabi/9.2.1/thumb/v7e-m+fp/hard/libgcc.a(_dvmd_tls.o)

.debug_line     0x0000000000000000     0x6642
 .debug_line    0x0000000000000000      0x10d /usr/lib/gcc/arm-none-eabi/9.2.1/../../../arm-none-eabi/lib/thumb/v7e-m+fp/hard/libc_nano.a(lib_a-init.o)
 .debug_line    0x000000000000010d      0x26b /usr/lib/gcc/arm-none-eabi/9.2.1/../../../arm-none-eabi/lib/thumb/v7e-m+fp/hard/libc_nano.a(lib_a-memset.o)
 .debug_line    0x0000000000000378      0x2d7 hal/Core/Src/main.o
 .debug_line    0x000000000000064f      0x22b hal/Core/Src/stm32g4xx_it.o
 .debug_line    0x000000000000087a      0x209 hal/Core/Src/stm32g4xx_hal_msp.o
 .debug_line    0x0000000000000a83      0x1ff hal/Core/Src/system_stm32g4xx.o
 .debug_line    0x0000000000000c82       0x7b hal/startup_stm32g431xx.o
 .debug_line    0x0000000000000cfd      0x73b hal/Drivers/STM32G4xx_HAL_Driver/Src/stm32g4xx_hal_pwr_ex.o
 .debug_line    0x0000000000001438     0x1bd7 hal/Drivers/STM32G4xx_HAL_Driver/Src/stm32g4xx_hal_uart.o
 .debug_line    0x000000000000300f      0x772 hal/Drivers/STM32G4xx_HAL_Driver/Src/stm32g4xx_hal_uart_ex.o
 .debug_line    0x0000000000003781      0x576 hal/Drivers/STM32G4xx_HAL_Driver/Src/stm32g4xx_hal.o
 .debug_line    0x0000000000003cf7      0x9b4 hal/Drivers/STM32G4xx_HAL_Driver/Src/stm32g4xx_hal_rcc.o
 .debug_line    0x00000000000046ab      0xb90 hal/Drivers/STM32G4xx_HAL_Driver/Src/stm32g4xx_hal_rcc_ex.o
 .debug_line    0x000000000000523b      0x5db hal/Drivers/STM32G4xx_HAL_Driver/Src/stm32g4xx_hal_gpio.o
 .debug_line    0x0000000000005816      0x752 hal/Drivers/STM32G4xx_HAL_Driver/Src/stm32g4xx_hal_cortex.o
 .debug_line    0x0000000000005f68       0x60 /usr/lib/gcc/arm-none-eabi/9.2.1/thumb/v7e-m+fp/hard/libgcc.a(_aeabi_uldivmod.o)
 .debug_line    0x0000000000005fc8      0x61a /usr/lib/gcc/arm-none-eabi/9.2.1/thumb/v7e-m+fp/hard/libgcc.a(_udivmoddi4.o)
 .debug_line    0x00000000000065e2       0x60 /usr/lib/gcc/arm-none-eabi/9.2.1/thumb/v7e-m+fp/hard/libgcc.a(_dvmd_tls.o)

.debug_str      0x0000000000000000     0x4d31
 .debug_str     0x0000000000000000      0x1ea /usr/lib/gcc/arm-none-eabi/9.2.1/../../../arm-none-eabi/lib/thumb/v7e-m+fp/hard/libc_nano.a(lib_a-init.o)
                                        0x229 (size before relaxing)
 .debug_str     0x00000000000001ea      0x6f6 /usr/lib/gcc/arm-none-eabi/9.2.1/../../../arm-none-eabi/lib/thumb/v7e-m+fp/hard/libc_nano.a(lib_a-memset.o)
                                        0x90f (size before relaxing)
 .debug_str     0x00000000000008e0      0xc1d hal/Core/Src/main.o
                                        0xd27 (size before relaxing)
 .debug_str     0x00000000000014fd       0xac hal/Core/Src/stm32g4xx_it.o
                                        0x46a (size before relaxing)
 .debug_str     0x00000000000015a9       0xbf hal/Core/Src/stm32g4xx_hal_msp.o
                                        0xabc (size before relaxing)
 .debug_str     0x0000000000001668       0xb0 hal/Core/Src/system_stm32g4xx.o
                                        0x5c0 (size before relaxing)
 .debug_str     0x0000000000001718       0x26 hal/startup_stm32g431xx.o
                                         0x68 (size before relaxing)
 .debug_str     0x000000000000173e      0x572 hal/Drivers/STM32G4xx_HAL_Driver/Src/stm32g4xx_hal_pwr_ex.o
                                        0x9e3 (size before relaxing)
 .debug_str     0x0000000000001cb0      0x826 hal/Drivers/STM32G4xx_HAL_Driver/Src/stm32g4xx_hal_uart.o
                                       0x129f (size before relaxing)
 .debug_str     0x00000000000024d6      0x2e7 hal/Drivers/STM32G4xx_HAL_Driver/Src/stm32g4xx_hal_uart_ex.o
                                        0xc20 (size before relaxing)
 .debug_str     0x00000000000027bd      0x877 hal/Drivers/STM32G4xx_HAL_Driver/Src/stm32g4xx_hal.o
                                        0xdfb (size before relaxing)
 .debug_str     0x0000000000003034      0x249 hal/Drivers/STM32G4xx_HAL_Driver/Src/stm32g4xx_hal_rcc.o
                                        0x9d0 (size before relaxing)
 .debug_str     0x000000000000327d      0x35d hal/Drivers/STM32G4xx_HAL_Driver/Src/stm32g4xx_hal_rcc_ex.o
                                        0xbaa (size before relaxing)
 .debug_str     0x00000000000035da      0x125 hal/Drivers/STM32G4xx_HAL_Driver/Src/stm32g4xx_hal_gpio.o
                                        0x763 (size before relaxing)
 .debug_str     0x00000000000036ff      0x48a hal/Drivers/STM32G4xx_HAL_Driver/Src/stm32g4xx_hal_cortex.o
                                        0xd9d (size before relaxing)
 .debug_str     0x0000000000003b89       0x97 /usr/lib/gcc/arm-none-eabi/9.2.1/thumb/v7e-m+fp/hard/libgcc.a(_aeabi_uldivmod.o)
                                         0xa3 (size before relaxing)
 .debug_str     0x0000000000003c20     0x10e1 /usr/lib/gcc/arm-none-eabi/9.2.1/thumb/v7e-m+fp/hard/libgcc.a(_udivmoddi4.o)
                                       0x11e6 (size before relaxing)
 .debug_str     0x0000000000004d01       0x30 /usr/lib/gcc/arm-none-eabi/9.2.1/thumb/v7e-m+fp/hard/libgcc.a(_dvmd_tls.o)
                                         0xa7 (size before relaxing)

.debug_frame    0x0000000000000000     0x24cc
 .debug_frame   0x0000000000000000       0x2c /usr/lib/gcc/arm-none-eabi/9.2.1/../../../arm-none-eabi/lib/thumb/v7e-m+fp/hard/libc_nano.a(lib_a-init.o)
 .debug_frame   0x000000000000002c       0x38 /usr/lib/gcc/arm-none-eabi/9.2.1/../../../arm-none-eabi/lib/thumb/v7e-m+fp/hard/libc_nano.a(lib_a-memset.o)
 .debug_frame   0x0000000000000064       0xb0 hal/Core/Src/main.o
 .debug_frame   0x0000000000000114      0x104 hal/Core/Src/stm32g4xx_it.o
 .debug_frame   0x0000000000000218       0x7c hal/Core/Src/stm32g4xx_hal_msp.o
 .debug_frame   0x0000000000000294       0x58 hal/Core/Src/system_stm32g4xx.o
 .debug_frame   0x00000000000002ec      0x4fc hal/Drivers/STM32G4xx_HAL_Driver/Src/stm32g4xx_hal_pwr_ex.o
 .debug_frame   0x00000000000007e8      0xa7c hal/Drivers/STM32G4xx_HAL_Driver/Src/stm32g4xx_hal_uart.o
 .debug_frame   0x0000000000001264      0x29c hal/Drivers/STM32G4xx_HAL_Driver/Src/stm32g4xx_hal_uart_ex.o
 .debug_frame   0x0000000000001500      0x4a0 hal/Drivers/STM32G4xx_HAL_Driver/Src/stm32g4xx_hal.o
 .debug_frame   0x00000000000019a0      0x23c hal/Drivers/STM32G4xx_HAL_Driver/Src/stm32g4xx_hal_rcc.o
 .debug_frame   0x0000000000001bdc      0x2ac hal/Drivers/STM32G4xx_HAL_Driver/Src/stm32g4xx_hal_rcc_ex.o
 .debug_frame   0x0000000000001e88      0x14c hal/Drivers/STM32G4xx_HAL_Driver/Src/stm32g4xx_hal_gpio.o
 .debug_frame   0x0000000000001fd4      0x498 hal/Drivers/STM32G4xx_HAL_Driver/Src/stm32g4xx_hal_cortex.o
 .debug_frame   0x000000000000246c       0x2c /usr/lib/gcc/arm-none-eabi/9.2.1/thumb/v7e-m+fp/hard/libgcc.a(_aeabi_uldivmod.o)
 .debug_frame   0x0000000000002498       0x34 /usr/lib/gcc/arm-none-eabi/9.2.1/thumb/v7e-m+fp/hard/libgcc.a(_udivmoddi4.o)

.debug_ranges   0x0000000000000000      0x960
 .debug_ranges  0x0000000000000000       0x30 hal/Core/Src/main.o
 .debug_ranges  0x0000000000000030       0x50 hal/Core/Src/stm32g4xx_it.o
 .debug_ranges  0x0000000000000080       0x20 hal/Core/Src/stm32g4xx_hal_msp.o
 .debug_ranges  0x00000000000000a0       0x18 hal/Core/Src/system_stm32g4xx.o
 .debug_ranges  0x00000000000000b8       0x20 hal/startup_stm32g431xx.o
 .debug_ranges  0x00000000000000d8      0x130 hal/Drivers/STM32G4xx_HAL_Driver/Src/stm32g4xx_hal_pwr_ex.o
 .debug_ranges  0x0000000000000208      0x268 hal/Drivers/STM32G4xx_HAL_Driver/Src/stm32g4xx_hal_uart.o
 .debug_ranges  0x0000000000000470       0x90 hal/Drivers/STM32G4xx_HAL_Driver/Src/stm32g4xx_hal_uart_ex.o
 .debug_ranges  0x0000000000000500      0x120 hal/Drivers/STM32G4xx_HAL_Driver/Src/stm32g4xx_hal.o
 .debug_ranges  0x0000000000000620       0x88 hal/Drivers/STM32G4xx_HAL_Driver/Src/stm32g4xx_hal_rcc.o
 .debug_ranges  0x00000000000006a8       0xa0 hal/Drivers/STM32G4xx_HAL_Driver/Src/stm32g4xx_hal_rcc_ex.o
 .debug_ranges  0x0000000000000748       0x48 hal/Drivers/STM32G4xx_HAL_Driver/Src/stm32g4xx_hal_gpio.o
 .debug_ranges  0x0000000000000790      0x108 hal/Drivers/STM32G4xx_HAL_Driver/Src/stm32g4xx_hal_cortex.o
 .debug_ranges  0x0000000000000898       0xc8 /usr/lib/gcc/arm-none-eabi/9.2.1/thumb/v7e-m+fp/hard/libgcc.a(_udivmoddi4.o)

Cross Reference Table

Symbol                                            File
ADC1_2_IRQHandler                                 hal/startup_stm32g431xx.o
AHBPrescTable                                     hal/Core/Src/system_stm32g4xx.o
                                                  hal/Drivers/STM32G4xx_HAL_Driver/Src/stm32g4xx_hal_rcc.o
APBPrescTable                                     hal/Core/Src/system_stm32g4xx.o
                                                  hal/Drivers/STM32G4xx_HAL_Driver/Src/stm32g4xx_hal_rcc.o
BusFault_Handler                                  hal/Core/Src/stm32g4xx_it.o
COMP1_2_3_IRQHandler                              hal/startup_stm32g431xx.o
COMP4_IRQHandler                                  hal/startup_stm32g431xx.o
CORDIC_IRQHandler                                 hal/startup_stm32g431xx.o
CRS_IRQHandler                                    hal/startup_stm32g431xx.o
DMA1_Channel1_IRQHandler                          hal/startup_stm32g431xx.o
DMA1_Channel2_IRQHandler                          hal/startup_stm32g431xx.o
DMA1_Channel3_IRQHandler                          hal/startup_stm32g431xx.o
DMA1_Channel4_IRQHandler                          hal/startup_stm32g431xx.o
DMA1_Channel5_IRQHandler                          hal/startup_stm32g431xx.o
DMA1_Channel6_IRQHandler                          hal/startup_stm32g431xx.o
DMA2_Channel1_IRQHandler                          hal/startup_stm32g431xx.o
DMA2_Channel2_IRQHandler                          hal/startup_stm32g431xx.o
DMA2_Channel3_IRQHandler                          hal/startup_stm32g431xx.o
DMA2_Channel4_IRQHandler                          hal/startup_stm32g431xx.o
DMA2_Channel5_IRQHandler                          hal/startup_stm32g431xx.o
DMA2_Channel6_IRQHandler                          hal/startup_stm32g431xx.o
DMAMUX_OVR_IRQHandler                             hal/startup_stm32g431xx.o
DebugMon_Handler                                  hal/Core/Src/stm32g4xx_it.o
Default_Handler                                   hal/startup_stm32g431xx.o
EXTI0_IRQHandler                                  hal/startup_stm32g431xx.o
EXTI15_10_IRQHandler                              hal/startup_stm32g431xx.o
EXTI1_IRQHandler                                  hal/startup_stm32g431xx.o
EXTI2_IRQHandler                                  hal/startup_stm32g431xx.o
EXTI3_IRQHandler                                  hal/startup_stm32g431xx.o
EXTI4_IRQHandler                                  hal/startup_stm32g431xx.o
EXTI9_5_IRQHandler                                hal/startup_stm32g431xx.o
Error_Handler                                     hal/Core/Src/main.o
FDCAN1_IT0_IRQHandler                             hal/startup_stm32g431xx.o
FDCAN1_IT1_IRQHandler                             hal/startup_stm32g431xx.o
FIH_FAILURE                                       /mnt/d/Marcelo/bitbucket/mcuboot/mcuboot/boot/bootutil/src/fault_injection_hardening.o
                                                  /mnt/d/Marcelo/bitbucket/mcuboot/mcuboot/boot/bootutil/src/loader.o
                                                  /mnt/d/Marcelo/bitbucket/mcuboot/mcuboot/boot/bootutil/src/image_validate.o
FIH_SUCCESS                                       /mnt/d/Marcelo/bitbucket/mcuboot/mcuboot/boot/bootutil/src/fault_injection_hardening.o
                                                  /mnt/d/Marcelo/bitbucket/mcuboot/mcuboot/boot/bootutil/src/loader.o
                                                  /mnt/d/Marcelo/bitbucket/mcuboot/mcuboot/boot/bootutil/src/image_validate.o
FLASH_FlushCaches                                 hal/Drivers/STM32G4xx_HAL_Driver/Src/stm32g4xx_hal_flash_ex.o
                                                  hal/Drivers/STM32G4xx_HAL_Driver/Src/stm32g4xx_hal_flash.o
FLASH_IRQHandler                                  hal/startup_stm32g431xx.o
FLASH_PageErase                                   hal/Drivers/STM32G4xx_HAL_Driver/Src/stm32g4xx_hal_flash_ex.o
                                                  hal/Drivers/STM32G4xx_HAL_Driver/Src/stm32g4xx_hal_flash.o
FLASH_WaitForLastOperation                        hal/Drivers/STM32G4xx_HAL_Driver/Src/stm32g4xx_hal_flash.o
                                                  hal/Drivers/STM32G4xx_HAL_Driver/Src/stm32g4xx_hal_flash_ex.o
FMAC_IRQHandler                                   hal/startup_stm32g431xx.o
FPU_IRQHandler                                    hal/startup_stm32g431xx.o
HAL_DBGMCU_DisableDBGSleepMode                    hal/Drivers/STM32G4xx_HAL_Driver/Src/stm32g4xx_hal.o
HAL_DBGMCU_DisableDBGStandbyMode                  hal/Drivers/STM32G4xx_HAL_Driver/Src/stm32g4xx_hal.o
HAL_DBGMCU_DisableDBGStopMode                     hal/Drivers/STM32G4xx_HAL_Driver/Src/stm32g4xx_hal.o
HAL_DBGMCU_EnableDBGSleepMode                     hal/Drivers/STM32G4xx_HAL_Driver/Src/stm32g4xx_hal.o
HAL_DBGMCU_EnableDBGStandbyMode                   hal/Drivers/STM32G4xx_HAL_Driver/Src/stm32g4xx_hal.o
HAL_DBGMCU_EnableDBGStopMode                      hal/Drivers/STM32G4xx_HAL_Driver/Src/stm32g4xx_hal.o
HAL_DMAEx_ConfigMuxRequestGenerator               hal/Drivers/STM32G4xx_HAL_Driver/Src/stm32g4xx_hal_dma_ex.o
HAL_DMAEx_ConfigMuxSync                           hal/Drivers/STM32G4xx_HAL_Driver/Src/stm32g4xx_hal_dma_ex.o
HAL_DMAEx_DisableMuxRequestGenerator              hal/Drivers/STM32G4xx_HAL_Driver/Src/stm32g4xx_hal_dma_ex.o
HAL_DMAEx_EnableMuxRequestGenerator               hal/Drivers/STM32G4xx_HAL_Driver/Src/stm32g4xx_hal_dma_ex.o
HAL_DMAEx_MUX_IRQHandler                          hal/Drivers/STM32G4xx_HAL_Driver/Src/stm32g4xx_hal_dma_ex.o
HAL_DMA_Abort                                     hal/Drivers/STM32G4xx_HAL_Driver/Src/stm32g4xx_hal_dma.o
                                                  hal/Drivers/STM32G4xx_HAL_Driver/Src/stm32g4xx_hal_uart.o
HAL_DMA_Abort_IT                                  hal/Drivers/STM32G4xx_HAL_Driver/Src/stm32g4xx_hal_dma.o
                                                  hal/Drivers/STM32G4xx_HAL_Driver/Src/stm32g4xx_hal_uart.o
HAL_DMA_DeInit                                    hal/Drivers/STM32G4xx_HAL_Driver/Src/stm32g4xx_hal_dma.o
HAL_DMA_GetError                                  hal/Drivers/STM32G4xx_HAL_Driver/Src/stm32g4xx_hal_dma.o
                                                  hal/Drivers/STM32G4xx_HAL_Driver/Src/stm32g4xx_hal_uart.o
HAL_DMA_GetState                                  hal/Drivers/STM32G4xx_HAL_Driver/Src/stm32g4xx_hal_dma.o
HAL_DMA_IRQHandler                                hal/Drivers/STM32G4xx_HAL_Driver/Src/stm32g4xx_hal_dma.o
HAL_DMA_Init                                      hal/Drivers/STM32G4xx_HAL_Driver/Src/stm32g4xx_hal_dma.o
HAL_DMA_PollForTransfer                           hal/Drivers/STM32G4xx_HAL_Driver/Src/stm32g4xx_hal_dma.o
HAL_DMA_RegisterCallback                          hal/Drivers/STM32G4xx_HAL_Driver/Src/stm32g4xx_hal_dma.o
HAL_DMA_Start                                     hal/Drivers/STM32G4xx_HAL_Driver/Src/stm32g4xx_hal_dma.o
HAL_DMA_Start_IT                                  hal/Drivers/STM32G4xx_HAL_Driver/Src/stm32g4xx_hal_dma.o
                                                  hal/Drivers/STM32G4xx_HAL_Driver/Src/stm32g4xx_hal_uart.o
HAL_DMA_UnRegisterCallback                        hal/Drivers/STM32G4xx_HAL_Driver/Src/stm32g4xx_hal_dma.o
HAL_DeInit                                        hal/Drivers/STM32G4xx_HAL_Driver/Src/stm32g4xx_hal.o
HAL_Delay                                         hal/Drivers/STM32G4xx_HAL_Driver/Src/stm32g4xx_hal.o
HAL_EXTI_ClearConfigLine                          hal/Drivers/STM32G4xx_HAL_Driver/Src/stm32g4xx_hal_exti.o
HAL_EXTI_ClearPending                             hal/Drivers/STM32G4xx_HAL_Driver/Src/stm32g4xx_hal_exti.o
HAL_EXTI_GenerateSWI                              hal/Drivers/STM32G4xx_HAL_Driver/Src/stm32g4xx_hal_exti.o
HAL_EXTI_GetConfigLine                            hal/Drivers/STM32G4xx_HAL_Driver/Src/stm32g4xx_hal_exti.o
HAL_EXTI_GetHandle                                hal/Drivers/STM32G4xx_HAL_Driver/Src/stm32g4xx_hal_exti.o
HAL_EXTI_GetPending                               hal/Drivers/STM32G4xx_HAL_Driver/Src/stm32g4xx_hal_exti.o
HAL_EXTI_IRQHandler                               hal/Drivers/STM32G4xx_HAL_Driver/Src/stm32g4xx_hal_exti.o
HAL_EXTI_RegisterCallback                         hal/Drivers/STM32G4xx_HAL_Driver/Src/stm32g4xx_hal_exti.o
HAL_EXTI_SetConfigLine                            hal/Drivers/STM32G4xx_HAL_Driver/Src/stm32g4xx_hal_exti.o
HAL_FLASHEx_DisableDebugger                       hal/Drivers/STM32G4xx_HAL_Driver/Src/stm32g4xx_hal_flash_ex.o
HAL_FLASHEx_DisableRunPowerDown                   hal/Drivers/STM32G4xx_HAL_Driver/Src/stm32g4xx_hal_flash_ramfunc.o
HAL_FLASHEx_EnableDebugger                        hal/Drivers/STM32G4xx_HAL_Driver/Src/stm32g4xx_hal_flash_ex.o
HAL_FLASHEx_EnableRunPowerDown                    hal/Drivers/STM32G4xx_HAL_Driver/Src/stm32g4xx_hal_flash_ramfunc.o
HAL_FLASHEx_EnableSecMemProtection                hal/Drivers/STM32G4xx_HAL_Driver/Src/stm32g4xx_hal_flash_ex.o
HAL_FLASHEx_Erase                                 hal/Drivers/STM32G4xx_HAL_Driver/Src/stm32g4xx_hal_flash_ex.o
HAL_FLASHEx_Erase_IT                              hal/Drivers/STM32G4xx_HAL_Driver/Src/stm32g4xx_hal_flash_ex.o
HAL_FLASHEx_OBGetConfig                           hal/Drivers/STM32G4xx_HAL_Driver/Src/stm32g4xx_hal_flash_ex.o
HAL_FLASHEx_OBProgram                             hal/Drivers/STM32G4xx_HAL_Driver/Src/stm32g4xx_hal_flash_ex.o
HAL_FLASH_EndOfOperationCallback                  hal/Drivers/STM32G4xx_HAL_Driver/Src/stm32g4xx_hal_flash.o
HAL_FLASH_GetError                                hal/Drivers/STM32G4xx_HAL_Driver/Src/stm32g4xx_hal_flash.o
HAL_FLASH_IRQHandler                              hal/Drivers/STM32G4xx_HAL_Driver/Src/stm32g4xx_hal_flash.o
HAL_FLASH_Lock                                    hal/Drivers/STM32G4xx_HAL_Driver/Src/stm32g4xx_hal_flash.o
HAL_FLASH_OB_Launch                               hal/Drivers/STM32G4xx_HAL_Driver/Src/stm32g4xx_hal_flash.o
HAL_FLASH_OB_Lock                                 hal/Drivers/STM32G4xx_HAL_Driver/Src/stm32g4xx_hal_flash.o
HAL_FLASH_OB_Unlock                               hal/Drivers/STM32G4xx_HAL_Driver/Src/stm32g4xx_hal_flash.o
HAL_FLASH_OperationErrorCallback                  hal/Drivers/STM32G4xx_HAL_Driver/Src/stm32g4xx_hal_flash.o
HAL_FLASH_Program                                 hal/Drivers/STM32G4xx_HAL_Driver/Src/stm32g4xx_hal_flash.o
HAL_FLASH_Program_IT                              hal/Drivers/STM32G4xx_HAL_Driver/Src/stm32g4xx_hal_flash.o
HAL_FLASH_Unlock                                  hal/Drivers/STM32G4xx_HAL_Driver/Src/stm32g4xx_hal_flash.o
HAL_GPIO_DeInit                                   hal/Drivers/STM32G4xx_HAL_Driver/Src/stm32g4xx_hal_gpio.o
                                                  hal/Core/Src/stm32g4xx_hal_msp.o
HAL_GPIO_EXTI_Callback                            hal/Drivers/STM32G4xx_HAL_Driver/Src/stm32g4xx_hal_gpio.o
HAL_GPIO_EXTI_IRQHandler                          hal/Drivers/STM32G4xx_HAL_Driver/Src/stm32g4xx_hal_gpio.o
HAL_GPIO_Init                                     hal/Drivers/STM32G4xx_HAL_Driver/Src/stm32g4xx_hal_gpio.o
                                                  hal/Drivers/STM32G4xx_HAL_Driver/Src/stm32g4xx_hal_rcc_ex.o
                                                  hal/Drivers/STM32G4xx_HAL_Driver/Src/stm32g4xx_hal_rcc.o
                                                  hal/Core/Src/stm32g4xx_hal_msp.o
HAL_GPIO_LockPin                                  hal/Drivers/STM32G4xx_HAL_Driver/Src/stm32g4xx_hal_gpio.o
HAL_GPIO_ReadPin                                  hal/Drivers/STM32G4xx_HAL_Driver/Src/stm32g4xx_hal_gpio.o
HAL_GPIO_TogglePin                                hal/Drivers/STM32G4xx_HAL_Driver/Src/stm32g4xx_hal_gpio.o
HAL_GPIO_WritePin                                 hal/Drivers/STM32G4xx_HAL_Driver/Src/stm32g4xx_hal_gpio.o
HAL_GetDEVID                                      hal/Drivers/STM32G4xx_HAL_Driver/Src/stm32g4xx_hal.o
HAL_GetHalVersion                                 hal/Drivers/STM32G4xx_HAL_Driver/Src/stm32g4xx_hal.o
HAL_GetREVID                                      hal/Drivers/STM32G4xx_HAL_Driver/Src/stm32g4xx_hal.o
HAL_GetTick                                       hal/Drivers/STM32G4xx_HAL_Driver/Src/stm32g4xx_hal.o
                                                  hal/Drivers/STM32G4xx_HAL_Driver/Src/stm32g4xx_hal_dma.o
                                                  hal/Drivers/STM32G4xx_HAL_Driver/Src/stm32g4xx_hal_flash.o
                                                  hal/Drivers/STM32G4xx_HAL_Driver/Src/stm32g4xx_hal_rcc_ex.o
                                                  hal/Drivers/STM32G4xx_HAL_Driver/Src/stm32g4xx_hal_rcc.o
                                                  hal/Drivers/STM32G4xx_HAL_Driver/Src/stm32g4xx_hal_uart_ex.o
                                                  hal/Drivers/STM32G4xx_HAL_Driver/Src/stm32g4xx_hal_uart.o
HAL_GetTickFreq                                   hal/Drivers/STM32G4xx_HAL_Driver/Src/stm32g4xx_hal.o
HAL_GetTickPrio                                   hal/Drivers/STM32G4xx_HAL_Driver/Src/stm32g4xx_hal.o
HAL_HalfDuplex_EnableReceiver                     hal/Drivers/STM32G4xx_HAL_Driver/Src/stm32g4xx_hal_uart.o
HAL_HalfDuplex_EnableTransmitter                  hal/Drivers/STM32G4xx_HAL_Driver/Src/stm32g4xx_hal_uart.o
HAL_HalfDuplex_Init                               hal/Drivers/STM32G4xx_HAL_Driver/Src/stm32g4xx_hal_uart.o
HAL_IncTick                                       hal/Drivers/STM32G4xx_HAL_Driver/Src/stm32g4xx_hal.o
                                                  hal/Core/Src/stm32g4xx_it.o
HAL_Init                                          hal/Drivers/STM32G4xx_HAL_Driver/Src/stm32g4xx_hal.o
                                                  hal/Core/Src/main.o
HAL_InitTick                                      hal/Drivers/STM32G4xx_HAL_Driver/Src/stm32g4xx_hal.o
                                                  hal/Drivers/STM32G4xx_HAL_Driver/Src/stm32g4xx_hal_rcc.o
HAL_LIN_Init                                      hal/Drivers/STM32G4xx_HAL_Driver/Src/stm32g4xx_hal_uart.o
HAL_LIN_SendBreak                                 hal/Drivers/STM32G4xx_HAL_Driver/Src/stm32g4xx_hal_uart.o
HAL_MPU_ConfigRegion                              hal/Drivers/STM32G4xx_HAL_Driver/Src/stm32g4xx_hal_cortex.o
HAL_MPU_Disable                                   hal/Drivers/STM32G4xx_HAL_Driver/Src/stm32g4xx_hal_cortex.o
HAL_MPU_Enable                                    hal/Drivers/STM32G4xx_HAL_Driver/Src/stm32g4xx_hal_cortex.o
HAL_MspDeInit                                     hal/Drivers/STM32G4xx_HAL_Driver/Src/stm32g4xx_hal.o
HAL_MspInit                                       hal/Core/Src/stm32g4xx_hal_msp.o
HAL_MultiProcessorEx_AddressLength_Set            hal/Drivers/STM32G4xx_HAL_Driver/Src/stm32g4xx_hal_uart_ex.o
HAL_MultiProcessor_DisableMuteMode                hal/Drivers/STM32G4xx_HAL_Driver/Src/stm32g4xx_hal_uart.o
HAL_MultiProcessor_EnableMuteMode                 hal/Drivers/STM32G4xx_HAL_Driver/Src/stm32g4xx_hal_uart.o
HAL_MultiProcessor_EnterMuteMode                  hal/Drivers/STM32G4xx_HAL_Driver/Src/stm32g4xx_hal_uart.o
HAL_MultiProcessor_Init                           hal/Drivers/STM32G4xx_HAL_Driver/Src/stm32g4xx_hal_uart.o
HAL_NVIC_ClearPendingIRQ                          hal/Drivers/STM32G4xx_HAL_Driver/Src/stm32g4xx_hal_cortex.o
HAL_NVIC_DisableIRQ                               hal/Drivers/STM32G4xx_HAL_Driver/Src/stm32g4xx_hal_cortex.o
HAL_NVIC_EnableIRQ                                hal/Drivers/STM32G4xx_HAL_Driver/Src/stm32g4xx_hal_cortex.o
HAL_NVIC_GetActive                                hal/Drivers/STM32G4xx_HAL_Driver/Src/stm32g4xx_hal_cortex.o
HAL_NVIC_GetPendingIRQ                            hal/Drivers/STM32G4xx_HAL_Driver/Src/stm32g4xx_hal_cortex.o
HAL_NVIC_GetPriority                              hal/Drivers/STM32G4xx_HAL_Driver/Src/stm32g4xx_hal_cortex.o
HAL_NVIC_GetPriorityGrouping                      hal/Drivers/STM32G4xx_HAL_Driver/Src/stm32g4xx_hal_cortex.o
HAL_NVIC_SetPendingIRQ                            hal/Drivers/STM32G4xx_HAL_Driver/Src/stm32g4xx_hal_cortex.o
HAL_NVIC_SetPriority                              hal/Drivers/STM32G4xx_HAL_Driver/Src/stm32g4xx_hal_cortex.o
                                                  hal/Drivers/STM32G4xx_HAL_Driver/Src/stm32g4xx_hal.o
HAL_NVIC_SetPriorityGrouping                      hal/Drivers/STM32G4xx_HAL_Driver/Src/stm32g4xx_hal_cortex.o
                                                  hal/Drivers/STM32G4xx_HAL_Driver/Src/stm32g4xx_hal.o
HAL_NVIC_SystemReset                              hal/Drivers/STM32G4xx_HAL_Driver/Src/stm32g4xx_hal_cortex.o
HAL_PWREx_ConfigPVM                               hal/Drivers/STM32G4xx_HAL_Driver/Src/stm32g4xx_hal_pwr_ex.o
HAL_PWREx_ControlVoltageScaling                   hal/Drivers/STM32G4xx_HAL_Driver/Src/stm32g4xx_hal_pwr_ex.o
                                                  hal/Core/Src/main.o
HAL_PWREx_DisableBatteryCharging                  hal/Drivers/STM32G4xx_HAL_Driver/Src/stm32g4xx_hal_pwr_ex.o
HAL_PWREx_DisableGPIOPullDown                     hal/Drivers/STM32G4xx_HAL_Driver/Src/stm32g4xx_hal_pwr_ex.o
HAL_PWREx_DisableGPIOPullUp                       hal/Drivers/STM32G4xx_HAL_Driver/Src/stm32g4xx_hal_pwr_ex.o
HAL_PWREx_DisableInternalWakeUpLine               hal/Drivers/STM32G4xx_HAL_Driver/Src/stm32g4xx_hal_pwr_ex.o
HAL_PWREx_DisableLowPowerRunMode                  hal/Drivers/STM32G4xx_HAL_Driver/Src/stm32g4xx_hal_pwr_ex.o
                                                  hal/Drivers/STM32G4xx_HAL_Driver/Src/stm32g4xx_hal_pwr.o
HAL_PWREx_DisablePVM1                             hal/Drivers/STM32G4xx_HAL_Driver/Src/stm32g4xx_hal_pwr_ex.o
HAL_PWREx_DisablePVM2                             hal/Drivers/STM32G4xx_HAL_Driver/Src/stm32g4xx_hal_pwr_ex.o
HAL_PWREx_DisablePVM3                             hal/Drivers/STM32G4xx_HAL_Driver/Src/stm32g4xx_hal_pwr_ex.o
HAL_PWREx_DisablePVM4                             hal/Drivers/STM32G4xx_HAL_Driver/Src/stm32g4xx_hal_pwr_ex.o
HAL_PWREx_DisablePullUpPullDownConfig             hal/Drivers/STM32G4xx_HAL_Driver/Src/stm32g4xx_hal_pwr_ex.o
HAL_PWREx_DisableSRAM2ContentRetention            hal/Drivers/STM32G4xx_HAL_Driver/Src/stm32g4xx_hal_pwr_ex.o
HAL_PWREx_DisableUCPDDeadBattery                  hal/Drivers/STM32G4xx_HAL_Driver/Src/stm32g4xx_hal_pwr_ex.o
                                                  hal/Core/Src/stm32g4xx_hal_msp.o
HAL_PWREx_DisableUCPDStandbyMode                  hal/Drivers/STM32G4xx_HAL_Driver/Src/stm32g4xx_hal_pwr_ex.o
HAL_PWREx_EnableBatteryCharging                   hal/Drivers/STM32G4xx_HAL_Driver/Src/stm32g4xx_hal_pwr_ex.o
HAL_PWREx_EnableGPIOPullDown                      hal/Drivers/STM32G4xx_HAL_Driver/Src/stm32g4xx_hal_pwr_ex.o
HAL_PWREx_EnableGPIOPullUp                        hal/Drivers/STM32G4xx_HAL_Driver/Src/stm32g4xx_hal_pwr_ex.o
HAL_PWREx_EnableInternalWakeUpLine                hal/Drivers/STM32G4xx_HAL_Driver/Src/stm32g4xx_hal_pwr_ex.o
HAL_PWREx_EnableLowPowerRunMode                   hal/Drivers/STM32G4xx_HAL_Driver/Src/stm32g4xx_hal_pwr_ex.o
                                                  hal/Drivers/STM32G4xx_HAL_Driver/Src/stm32g4xx_hal_pwr.o
HAL_PWREx_EnablePVM1                              hal/Drivers/STM32G4xx_HAL_Driver/Src/stm32g4xx_hal_pwr_ex.o
HAL_PWREx_EnablePVM2                              hal/Drivers/STM32G4xx_HAL_Driver/Src/stm32g4xx_hal_pwr_ex.o
HAL_PWREx_EnablePVM3                              hal/Drivers/STM32G4xx_HAL_Driver/Src/stm32g4xx_hal_pwr_ex.o
HAL_PWREx_EnablePVM4                              hal/Drivers/STM32G4xx_HAL_Driver/Src/stm32g4xx_hal_pwr_ex.o
HAL_PWREx_EnablePullUpPullDownConfig              hal/Drivers/STM32G4xx_HAL_Driver/Src/stm32g4xx_hal_pwr_ex.o
HAL_PWREx_EnableSRAM2ContentRetention             hal/Drivers/STM32G4xx_HAL_Driver/Src/stm32g4xx_hal_pwr_ex.o
HAL_PWREx_EnableUCPDDeadBattery                   hal/Drivers/STM32G4xx_HAL_Driver/Src/stm32g4xx_hal_pwr_ex.o
HAL_PWREx_EnableUCPDStandbyMode                   hal/Drivers/STM32G4xx_HAL_Driver/Src/stm32g4xx_hal_pwr_ex.o
HAL_PWREx_EnterSHUTDOWNMode                       hal/Drivers/STM32G4xx_HAL_Driver/Src/stm32g4xx_hal_pwr_ex.o
HAL_PWREx_EnterSTOP0Mode                          hal/Drivers/STM32G4xx_HAL_Driver/Src/stm32g4xx_hal_pwr_ex.o
                                                  hal/Drivers/STM32G4xx_HAL_Driver/Src/stm32g4xx_hal_pwr.o
HAL_PWREx_EnterSTOP1Mode                          hal/Drivers/STM32G4xx_HAL_Driver/Src/stm32g4xx_hal_pwr_ex.o
                                                  hal/Drivers/STM32G4xx_HAL_Driver/Src/stm32g4xx_hal_pwr.o
HAL_PWREx_GetVoltageRange                         hal/Drivers/STM32G4xx_HAL_Driver/Src/stm32g4xx_hal_pwr_ex.o
HAL_PWREx_PVD_PVM_IRQHandler                      hal/Drivers/STM32G4xx_HAL_Driver/Src/stm32g4xx_hal_pwr_ex.o
HAL_PWREx_PVM1Callback                            hal/Drivers/STM32G4xx_HAL_Driver/Src/stm32g4xx_hal_pwr_ex.o
HAL_PWREx_PVM2Callback                            hal/Drivers/STM32G4xx_HAL_Driver/Src/stm32g4xx_hal_pwr_ex.o
HAL_PWREx_PVM3Callback                            hal/Drivers/STM32G4xx_HAL_Driver/Src/stm32g4xx_hal_pwr_ex.o
HAL_PWREx_PVM4Callback                            hal/Drivers/STM32G4xx_HAL_Driver/Src/stm32g4xx_hal_pwr_ex.o
HAL_PWR_ConfigPVD                                 hal/Drivers/STM32G4xx_HAL_Driver/Src/stm32g4xx_hal_pwr.o
HAL_PWR_DeInit                                    hal/Drivers/STM32G4xx_HAL_Driver/Src/stm32g4xx_hal_pwr.o
HAL_PWR_DisableBkUpAccess                         hal/Drivers/STM32G4xx_HAL_Driver/Src/stm32g4xx_hal_pwr.o
                                                  hal/Drivers/STM32G4xx_HAL_Driver/Src/stm32g4xx_hal_rcc_ex.o
HAL_PWR_DisablePVD                                hal/Drivers/STM32G4xx_HAL_Driver/Src/stm32g4xx_hal_pwr.o
HAL_PWR_DisableSEVOnPend                          hal/Drivers/STM32G4xx_HAL_Driver/Src/stm32g4xx_hal_pwr.o
HAL_PWR_DisableSleepOnExit                        hal/Drivers/STM32G4xx_HAL_Driver/Src/stm32g4xx_hal_pwr.o
HAL_PWR_DisableWakeUpPin                          hal/Drivers/STM32G4xx_HAL_Driver/Src/stm32g4xx_hal_pwr.o
HAL_PWR_EnableBkUpAccess                          hal/Drivers/STM32G4xx_HAL_Driver/Src/stm32g4xx_hal_pwr.o
                                                  hal/Drivers/STM32G4xx_HAL_Driver/Src/stm32g4xx_hal_rcc_ex.o
HAL_PWR_EnablePVD                                 hal/Drivers/STM32G4xx_HAL_Driver/Src/stm32g4xx_hal_pwr.o
HAL_PWR_EnableSEVOnPend                           hal/Drivers/STM32G4xx_HAL_Driver/Src/stm32g4xx_hal_pwr.o
HAL_PWR_EnableSleepOnExit                         hal/Drivers/STM32G4xx_HAL_Driver/Src/stm32g4xx_hal_pwr.o
HAL_PWR_EnableWakeUpPin                           hal/Drivers/STM32G4xx_HAL_Driver/Src/stm32g4xx_hal_pwr.o
HAL_PWR_EnterSLEEPMode                            hal/Drivers/STM32G4xx_HAL_Driver/Src/stm32g4xx_hal_pwr.o
HAL_PWR_EnterSTANDBYMode                          hal/Drivers/STM32G4xx_HAL_Driver/Src/stm32g4xx_hal_pwr.o
HAL_PWR_EnterSTOPMode                             hal/Drivers/STM32G4xx_HAL_Driver/Src/stm32g4xx_hal_pwr.o
HAL_PWR_PVDCallback                               hal/Drivers/STM32G4xx_HAL_Driver/Src/stm32g4xx_hal_pwr.o
                                                  hal/Drivers/STM32G4xx_HAL_Driver/Src/stm32g4xx_hal_pwr_ex.o
HAL_RCCEx_CRSConfig                               hal/Drivers/STM32G4xx_HAL_Driver/Src/stm32g4xx_hal_rcc_ex.o
HAL_RCCEx_CRSGetSynchronizationInfo               hal/Drivers/STM32G4xx_HAL_Driver/Src/stm32g4xx_hal_rcc_ex.o
HAL_RCCEx_CRSSoftwareSynchronizationGenerate      hal/Drivers/STM32G4xx_HAL_Driver/Src/stm32g4xx_hal_rcc_ex.o
HAL_RCCEx_CRSWaitSynchronization                  hal/Drivers/STM32G4xx_HAL_Driver/Src/stm32g4xx_hal_rcc_ex.o
HAL_RCCEx_CRS_ErrorCallback                       hal/Drivers/STM32G4xx_HAL_Driver/Src/stm32g4xx_hal_rcc_ex.o
HAL_RCCEx_CRS_ExpectedSyncCallback                hal/Drivers/STM32G4xx_HAL_Driver/Src/stm32g4xx_hal_rcc_ex.o
HAL_RCCEx_CRS_IRQHandler                          hal/Drivers/STM32G4xx_HAL_Driver/Src/stm32g4xx_hal_rcc_ex.o
HAL_RCCEx_CRS_SyncOkCallback                      hal/Drivers/STM32G4xx_HAL_Driver/Src/stm32g4xx_hal_rcc_ex.o
HAL_RCCEx_CRS_SyncWarnCallback                    hal/Drivers/STM32G4xx_HAL_Driver/Src/stm32g4xx_hal_rcc_ex.o
HAL_RCCEx_DisableLSCO                             hal/Drivers/STM32G4xx_HAL_Driver/Src/stm32g4xx_hal_rcc_ex.o
HAL_RCCEx_DisableLSECSS                           hal/Drivers/STM32G4xx_HAL_Driver/Src/stm32g4xx_hal_rcc_ex.o
HAL_RCCEx_EnableLSCO                              hal/Drivers/STM32G4xx_HAL_Driver/Src/stm32g4xx_hal_rcc_ex.o
HAL_RCCEx_EnableLSECSS                            hal/Drivers/STM32G4xx_HAL_Driver/Src/stm32g4xx_hal_rcc_ex.o
HAL_RCCEx_EnableLSECSS_IT                         hal/Drivers/STM32G4xx_HAL_Driver/Src/stm32g4xx_hal_rcc_ex.o
HAL_RCCEx_GetPeriphCLKConfig                      hal/Drivers/STM32G4xx_HAL_Driver/Src/stm32g4xx_hal_rcc_ex.o
HAL_RCCEx_GetPeriphCLKFreq                        hal/Drivers/STM32G4xx_HAL_Driver/Src/stm32g4xx_hal_rcc_ex.o
HAL_RCCEx_LSECSS_Callback                         hal/Drivers/STM32G4xx_HAL_Driver/Src/stm32g4xx_hal_rcc_ex.o
HAL_RCCEx_LSECSS_IRQHandler                       hal/Drivers/STM32G4xx_HAL_Driver/Src/stm32g4xx_hal_rcc_ex.o
HAL_RCCEx_PeriphCLKConfig                         hal/Drivers/STM32G4xx_HAL_Driver/Src/stm32g4xx_hal_rcc_ex.o
                                                  hal/Core/Src/main.o
HAL_RCC_CSSCallback                               hal/Drivers/STM32G4xx_HAL_Driver/Src/stm32g4xx_hal_rcc.o
HAL_RCC_ClockConfig                               hal/Drivers/STM32G4xx_HAL_Driver/Src/stm32g4xx_hal_rcc.o
                                                  hal/Core/Src/main.o
HAL_RCC_DeInit                                    hal/Drivers/STM32G4xx_HAL_Driver/Src/stm32g4xx_hal_rcc.o
HAL_RCC_DisableLSECSS                             hal/Drivers/STM32G4xx_HAL_Driver/Src/stm32g4xx_hal_rcc.o
HAL_RCC_EnableCSS                                 hal/Drivers/STM32G4xx_HAL_Driver/Src/stm32g4xx_hal_rcc.o
HAL_RCC_EnableLSECSS                              hal/Drivers/STM32G4xx_HAL_Driver/Src/stm32g4xx_hal_rcc.o
HAL_RCC_GetClockConfig                            hal/Drivers/STM32G4xx_HAL_Driver/Src/stm32g4xx_hal_rcc.o
HAL_RCC_GetHCLKFreq                               hal/Drivers/STM32G4xx_HAL_Driver/Src/stm32g4xx_hal_rcc.o
HAL_RCC_GetOscConfig                              hal/Drivers/STM32G4xx_HAL_Driver/Src/stm32g4xx_hal_rcc.o
HAL_RCC_GetPCLK1Freq                              hal/Drivers/STM32G4xx_HAL_Driver/Src/stm32g4xx_hal_rcc.o
                                                  hal/Drivers/STM32G4xx_HAL_Driver/Src/stm32g4xx_hal_rcc_ex.o
                                                  hal/Drivers/STM32G4xx_HAL_Driver/Src/stm32g4xx_hal_uart.o
HAL_RCC_GetPCLK2Freq                              hal/Drivers/STM32G4xx_HAL_Driver/Src/stm32g4xx_hal_rcc.o
                                                  hal/Drivers/STM32G4xx_HAL_Driver/Src/stm32g4xx_hal_rcc_ex.o
                                                  hal/Drivers/STM32G4xx_HAL_Driver/Src/stm32g4xx_hal_uart.o
HAL_RCC_GetSysClockFreq                           hal/Drivers/STM32G4xx_HAL_Driver/Src/stm32g4xx_hal_rcc.o
                                                  hal/Drivers/STM32G4xx_HAL_Driver/Src/stm32g4xx_hal_rcc_ex.o
                                                  hal/Drivers/STM32G4xx_HAL_Driver/Src/stm32g4xx_hal_uart.o
HAL_RCC_MCOConfig                                 hal/Drivers/STM32G4xx_HAL_Driver/Src/stm32g4xx_hal_rcc.o
HAL_RCC_NMI_IRQHandler                            hal/Drivers/STM32G4xx_HAL_Driver/Src/stm32g4xx_hal_rcc.o
HAL_RCC_OscConfig                                 hal/Drivers/STM32G4xx_HAL_Driver/Src/stm32g4xx_hal_rcc.o
                                                  hal/Core/Src/main.o
HAL_RS485Ex_Init                                  hal/Drivers/STM32G4xx_HAL_Driver/Src/stm32g4xx_hal_uart_ex.o
HAL_ResumeTick                                    hal/Drivers/STM32G4xx_HAL_Driver/Src/stm32g4xx_hal.o
HAL_SYSCFG_CCMSRAMErase                           hal/Drivers/STM32G4xx_HAL_Driver/Src/stm32g4xx_hal.o
HAL_SYSCFG_CCMSRAM_WriteProtectionEnable          hal/Drivers/STM32G4xx_HAL_Driver/Src/stm32g4xx_hal.o
HAL_SYSCFG_DisableIOSwitchBooster                 hal/Drivers/STM32G4xx_HAL_Driver/Src/stm32g4xx_hal.o
HAL_SYSCFG_DisableIOSwitchVDD                     hal/Drivers/STM32G4xx_HAL_Driver/Src/stm32g4xx_hal.o
HAL_SYSCFG_DisableMemorySwappingBank              hal/Drivers/STM32G4xx_HAL_Driver/Src/stm32g4xx_hal.o
HAL_SYSCFG_DisableVREFBUF                         hal/Drivers/STM32G4xx_HAL_Driver/Src/stm32g4xx_hal.o
HAL_SYSCFG_EnableIOSwitchBooster                  hal/Drivers/STM32G4xx_HAL_Driver/Src/stm32g4xx_hal.o
HAL_SYSCFG_EnableIOSwitchVDD                      hal/Drivers/STM32G4xx_HAL_Driver/Src/stm32g4xx_hal.o
HAL_SYSCFG_EnableMemorySwappingBank               hal/Drivers/STM32G4xx_HAL_Driver/Src/stm32g4xx_hal.o
HAL_SYSCFG_EnableVREFBUF                          hal/Drivers/STM32G4xx_HAL_Driver/Src/stm32g4xx_hal.o
HAL_SYSCFG_VREFBUF_HighImpedanceConfig            hal/Drivers/STM32G4xx_HAL_Driver/Src/stm32g4xx_hal.o
HAL_SYSCFG_VREFBUF_TrimmingConfig                 hal/Drivers/STM32G4xx_HAL_Driver/Src/stm32g4xx_hal.o
HAL_SYSCFG_VREFBUF_VoltageScalingConfig           hal/Drivers/STM32G4xx_HAL_Driver/Src/stm32g4xx_hal.o
HAL_SYSTICK_CLKSourceConfig                       hal/Drivers/STM32G4xx_HAL_Driver/Src/stm32g4xx_hal_cortex.o
HAL_SYSTICK_Callback                              hal/Drivers/STM32G4xx_HAL_Driver/Src/stm32g4xx_hal_cortex.o
HAL_SYSTICK_Config                                hal/Drivers/STM32G4xx_HAL_Driver/Src/stm32g4xx_hal_cortex.o
                                                  hal/Drivers/STM32G4xx_HAL_Driver/Src/stm32g4xx_hal.o
HAL_SYSTICK_IRQHandler                            hal/Drivers/STM32G4xx_HAL_Driver/Src/stm32g4xx_hal_cortex.o
HAL_SetTickFreq                                   hal/Drivers/STM32G4xx_HAL_Driver/Src/stm32g4xx_hal.o
HAL_SuspendTick                                   hal/Drivers/STM32G4xx_HAL_Driver/Src/stm32g4xx_hal.o
HAL_UARTEx_DisableFifoMode                        hal/Drivers/STM32G4xx_HAL_Driver/Src/stm32g4xx_hal_uart_ex.o
                                                  hal/Core/Src/main.o
HAL_UARTEx_DisableStopMode                        hal/Drivers/STM32G4xx_HAL_Driver/Src/stm32g4xx_hal_uart_ex.o
HAL_UARTEx_EnableFifoMode                         hal/Drivers/STM32G4xx_HAL_Driver/Src/stm32g4xx_hal_uart_ex.o
HAL_UARTEx_EnableStopMode                         hal/Drivers/STM32G4xx_HAL_Driver/Src/stm32g4xx_hal_uart_ex.o
HAL_UARTEx_ReceiveToIdle                          hal/Drivers/STM32G4xx_HAL_Driver/Src/stm32g4xx_hal_uart_ex.o
HAL_UARTEx_ReceiveToIdle_DMA                      hal/Drivers/STM32G4xx_HAL_Driver/Src/stm32g4xx_hal_uart_ex.o
HAL_UARTEx_ReceiveToIdle_IT                       hal/Drivers/STM32G4xx_HAL_Driver/Src/stm32g4xx_hal_uart_ex.o
HAL_UARTEx_RxEventCallback                        hal/Drivers/STM32G4xx_HAL_Driver/Src/stm32g4xx_hal_uart.o
HAL_UARTEx_RxFifoFullCallback                     hal/Drivers/STM32G4xx_HAL_Driver/Src/stm32g4xx_hal_uart_ex.o
                                                  hal/Drivers/STM32G4xx_HAL_Driver/Src/stm32g4xx_hal_uart.o
HAL_UARTEx_SetRxFifoThreshold                     hal/Drivers/STM32G4xx_HAL_Driver/Src/stm32g4xx_hal_uart_ex.o
                                                  hal/Core/Src/main.o
HAL_UARTEx_SetTxFifoThreshold                     hal/Drivers/STM32G4xx_HAL_Driver/Src/stm32g4xx_hal_uart_ex.o
                                                  hal/Core/Src/main.o
HAL_UARTEx_StopModeWakeUpSourceConfig             hal/Drivers/STM32G4xx_HAL_Driver/Src/stm32g4xx_hal_uart_ex.o
HAL_UARTEx_TxFifoEmptyCallback                    hal/Drivers/STM32G4xx_HAL_Driver/Src/stm32g4xx_hal_uart_ex.o
                                                  hal/Drivers/STM32G4xx_HAL_Driver/Src/stm32g4xx_hal_uart.o
HAL_UARTEx_WakeupCallback                         hal/Drivers/STM32G4xx_HAL_Driver/Src/stm32g4xx_hal_uart_ex.o
                                                  hal/Drivers/STM32G4xx_HAL_Driver/Src/stm32g4xx_hal_uart.o
HAL_UART_Abort                                    hal/Drivers/STM32G4xx_HAL_Driver/Src/stm32g4xx_hal_uart.o
HAL_UART_AbortCpltCallback                        hal/Drivers/STM32G4xx_HAL_Driver/Src/stm32g4xx_hal_uart.o
HAL_UART_AbortReceive                             hal/Drivers/STM32G4xx_HAL_Driver/Src/stm32g4xx_hal_uart.o
HAL_UART_AbortReceiveCpltCallback                 hal/Drivers/STM32G4xx_HAL_Driver/Src/stm32g4xx_hal_uart.o
HAL_UART_AbortReceive_IT                          hal/Drivers/STM32G4xx_HAL_Driver/Src/stm32g4xx_hal_uart.o
HAL_UART_AbortTransmit                            hal/Drivers/STM32G4xx_HAL_Driver/Src/stm32g4xx_hal_uart.o
HAL_UART_AbortTransmitCpltCallback                hal/Drivers/STM32G4xx_HAL_Driver/Src/stm32g4xx_hal_uart.o
HAL_UART_AbortTransmit_IT                         hal/Drivers/STM32G4xx_HAL_Driver/Src/stm32g4xx_hal_uart.o
HAL_UART_Abort_IT                                 hal/Drivers/STM32G4xx_HAL_Driver/Src/stm32g4xx_hal_uart.o
HAL_UART_DMAPause                                 hal/Drivers/STM32G4xx_HAL_Driver/Src/stm32g4xx_hal_uart.o
HAL_UART_DMAResume                                hal/Drivers/STM32G4xx_HAL_Driver/Src/stm32g4xx_hal_uart.o
HAL_UART_DMAStop                                  hal/Drivers/STM32G4xx_HAL_Driver/Src/stm32g4xx_hal_uart.o
HAL_UART_DeInit                                   hal/Drivers/STM32G4xx_HAL_Driver/Src/stm32g4xx_hal_uart.o
HAL_UART_DisableReceiverTimeout                   hal/Drivers/STM32G4xx_HAL_Driver/Src/stm32g4xx_hal_uart.o
HAL_UART_EnableReceiverTimeout                    hal/Drivers/STM32G4xx_HAL_Driver/Src/stm32g4xx_hal_uart.o
HAL_UART_ErrorCallback                            hal/Drivers/STM32G4xx_HAL_Driver/Src/stm32g4xx_hal_uart.o
HAL_UART_GetError                                 hal/Drivers/STM32G4xx_HAL_Driver/Src/stm32g4xx_hal_uart.o
HAL_UART_GetState                                 hal/Drivers/STM32G4xx_HAL_Driver/Src/stm32g4xx_hal_uart.o
HAL_UART_IRQHandler                               hal/Drivers/STM32G4xx_HAL_Driver/Src/stm32g4xx_hal_uart.o
HAL_UART_Init                                     hal/Drivers/STM32G4xx_HAL_Driver/Src/stm32g4xx_hal_uart.o
                                                  hal/Core/Src/main.o
HAL_UART_MspDeInit                                hal/Core/Src/stm32g4xx_hal_msp.o
HAL_UART_MspInit                                  hal/Core/Src/stm32g4xx_hal_msp.o
                                                  hal/Drivers/STM32G4xx_HAL_Driver/Src/stm32g4xx_hal_uart_ex.o
HAL_UART_Receive                                  hal/Drivers/STM32G4xx_HAL_Driver/Src/stm32g4xx_hal_uart.o
HAL_UART_Receive_DMA                              hal/Drivers/STM32G4xx_HAL_Driver/Src/stm32g4xx_hal_uart.o
HAL_UART_Receive_IT                               hal/Drivers/STM32G4xx_HAL_Driver/Src/stm32g4xx_hal_uart.o
HAL_UART_ReceiverTimeout_Config                   hal/Drivers/STM32G4xx_HAL_Driver/Src/stm32g4xx_hal_uart.o
HAL_UART_RxCpltCallback                           hal/Drivers/STM32G4xx_HAL_Driver/Src/stm32g4xx_hal_uart.o
HAL_UART_RxHalfCpltCallback                       hal/Drivers/STM32G4xx_HAL_Driver/Src/stm32g4xx_hal_uart.o
HAL_UART_Transmit                                 hal/Drivers/STM32G4xx_HAL_Driver/Src/stm32g4xx_hal_uart.o
HAL_UART_Transmit_DMA                             hal/Drivers/STM32G4xx_HAL_Driver/Src/stm32g4xx_hal_uart.o
HAL_UART_Transmit_IT                              hal/Drivers/STM32G4xx_HAL_Driver/Src/stm32g4xx_hal_uart.o
HAL_UART_TxCpltCallback                           hal/Drivers/STM32G4xx_HAL_Driver/Src/stm32g4xx_hal_uart.o
HAL_UART_TxHalfCpltCallback                       hal/Drivers/STM32G4xx_HAL_Driver/Src/stm32g4xx_hal_uart.o
HardFault_Handler                                 hal/Core/Src/stm32g4xx_it.o
I2C1_ER_IRQHandler                                hal/startup_stm32g431xx.o
I2C1_EV_IRQHandler                                hal/startup_stm32g431xx.o
I2C2_ER_IRQHandler                                hal/startup_stm32g431xx.o
I2C2_EV_IRQHandler                                hal/startup_stm32g431xx.o
I2C3_ER_IRQHandler                                hal/startup_stm32g431xx.o
I2C3_EV_IRQHandler                                hal/startup_stm32g431xx.o
LPTIM1_IRQHandler                                 hal/startup_stm32g431xx.o
LPUART1_IRQHandler                                hal/startup_stm32g431xx.o
MCUBOOT_WATCHDOG_FEED                             /mnt/d/Marcelo/bitbucket/mcuboot/mcuboot/boot/bootutil/src/loader.o
MemManage_Handler                                 hal/Core/Src/stm32g4xx_it.o
NMI_Handler                                       hal/Core/Src/stm32g4xx_it.o
PVD_PVM_IRQHandler                                hal/startup_stm32g431xx.o
PendSV_Handler                                    hal/Core/Src/stm32g4xx_it.o
RCC_IRQHandler                                    hal/startup_stm32g431xx.o
RNG_IRQHandler                                    hal/startup_stm32g431xx.o
RTC_Alarm_IRQHandler                              hal/startup_stm32g431xx.o
RTC_TAMP_LSECSS_IRQHandler                        hal/startup_stm32g431xx.o
RTC_WKUP_IRQHandler                               hal/startup_stm32g431xx.o
Reset_Handler                                     hal/startup_stm32g431xx.o
SAI1_IRQHandler                                   hal/startup_stm32g431xx.o
SPI1_IRQHandler                                   hal/startup_stm32g431xx.o
SPI2_IRQHandler                                   hal/startup_stm32g431xx.o
SPI3_IRQHandler                                   hal/startup_stm32g431xx.o
SVC_Handler                                       hal/Core/Src/stm32g4xx_it.o
SysTick_Handler                                   hal/Core/Src/stm32g4xx_it.o
SystemClock_Config                                hal/Core/Src/main.o
SystemCoreClock                                   hal/Core/Src/system_stm32g4xx.o
                                                  hal/Drivers/STM32G4xx_HAL_Driver/Src/stm32g4xx_hal_rcc.o
                                                  hal/Drivers/STM32G4xx_HAL_Driver/Src/stm32g4xx_hal.o
                                                  hal/Drivers/STM32G4xx_HAL_Driver/Src/stm32g4xx_hal_pwr_ex.o
SystemCoreClockUpdate                             hal/Core/Src/system_stm32g4xx.o
SystemInit                                        hal/Core/Src/system_stm32g4xx.o
                                                  hal/startup_stm32g431xx.o
TIM1_BRK_TIM15_IRQHandler                         hal/startup_stm32g431xx.o
TIM1_CC_IRQHandler                                hal/startup_stm32g431xx.o
TIM1_TRG_COM_TIM17_IRQHandler                     hal/startup_stm32g431xx.o
TIM1_UP_TIM16_IRQHandler                          hal/startup_stm32g431xx.o
TIM2_IRQHandler                                   hal/startup_stm32g431xx.o
TIM3_IRQHandler                                   hal/startup_stm32g431xx.o
TIM4_IRQHandler                                   hal/startup_stm32g431xx.o
TIM6_DAC_IRQHandler                               hal/startup_stm32g431xx.o
TIM7_IRQHandler                                   hal/startup_stm32g431xx.o
TIM8_BRK_IRQHandler                               hal/startup_stm32g431xx.o
TIM8_CC_IRQHandler                                hal/startup_stm32g431xx.o
TIM8_TRG_COM_IRQHandler                           hal/startup_stm32g431xx.o
TIM8_UP_IRQHandler                                hal/startup_stm32g431xx.o
UART4_IRQHandler                                  hal/startup_stm32g431xx.o
UARTPrescTable                                    hal/Drivers/STM32G4xx_HAL_Driver/Src/stm32g4xx_hal_uart.o
UART_AdvFeatureConfig                             hal/Drivers/STM32G4xx_HAL_Driver/Src/stm32g4xx_hal_uart.o
                                                  hal/Drivers/STM32G4xx_HAL_Driver/Src/stm32g4xx_hal_uart_ex.o
UART_CheckIdleState                               hal/Drivers/STM32G4xx_HAL_Driver/Src/stm32g4xx_hal_uart.o
                                                  hal/Drivers/STM32G4xx_HAL_Driver/Src/stm32g4xx_hal_uart_ex.o
UART_SetConfig                                    hal/Drivers/STM32G4xx_HAL_Driver/Src/stm32g4xx_hal_uart.o
                                                  hal/Drivers/STM32G4xx_HAL_Driver/Src/stm32g4xx_hal_uart_ex.o
UART_Start_Receive_DMA                            hal/Drivers/STM32G4xx_HAL_Driver/Src/stm32g4xx_hal_uart.o
                                                  hal/Drivers/STM32G4xx_HAL_Driver/Src/stm32g4xx_hal_uart_ex.o
UART_Start_Receive_IT                             hal/Drivers/STM32G4xx_HAL_Driver/Src/stm32g4xx_hal_uart.o
                                                  hal/Drivers/STM32G4xx_HAL_Driver/Src/stm32g4xx_hal_uart_ex.o
UART_WaitOnFlagUntilTimeout                       hal/Drivers/STM32G4xx_HAL_Driver/Src/stm32g4xx_hal_uart.o
                                                  hal/Drivers/STM32G4xx_HAL_Driver/Src/stm32g4xx_hal_uart_ex.o
UCPD1_IRQHandler                                  hal/startup_stm32g431xx.o
USART1_IRQHandler                                 hal/startup_stm32g431xx.o
USART2_IRQHandler                                 hal/startup_stm32g431xx.o
USART3_IRQHandler                                 hal/startup_stm32g431xx.o
USBWakeUp_IRQHandler                              hal/startup_stm32g431xx.o
USB_HP_IRQHandler                                 hal/startup_stm32g431xx.o
USB_LP_IRQHandler                                 hal/startup_stm32g431xx.o
UsageFault_Handler                                hal/Core/Src/stm32g4xx_it.o
WWDG_IRQHandler                                   hal/startup_stm32g431xx.o
_ITM_deregisterTMCloneTable                       /usr/lib/gcc/arm-none-eabi/9.2.1/thumb/v7e-m+fp/hard/crtbegin.o
_ITM_registerTMCloneTable                         /usr/lib/gcc/arm-none-eabi/9.2.1/thumb/v7e-m+fp/hard/crtbegin.o
__TMC_END__                                       /usr/lib/gcc/arm-none-eabi/9.2.1/thumb/v7e-m+fp/hard/crtend.o
                                                  /usr/lib/gcc/arm-none-eabi/9.2.1/thumb/v7e-m+fp/hard/crtbegin.o
__aeabi_idiv0                                     /usr/lib/gcc/arm-none-eabi/9.2.1/thumb/v7e-m+fp/hard/libgcc.a(_dvmd_tls.o)
__aeabi_ldiv0                                     /usr/lib/gcc/arm-none-eabi/9.2.1/thumb/v7e-m+fp/hard/libgcc.a(_dvmd_tls.o)
                                                  /usr/lib/gcc/arm-none-eabi/9.2.1/thumb/v7e-m+fp/hard/libgcc.a(_aeabi_uldivmod.o)
__aeabi_uldivmod                                  /usr/lib/gcc/arm-none-eabi/9.2.1/thumb/v7e-m+fp/hard/libgcc.a(_aeabi_uldivmod.o)
                                                  hal/Drivers/STM32G4xx_HAL_Driver/Src/stm32g4xx_hal_uart.o
__assert                                          /usr/lib/gcc/arm-none-eabi/9.2.1/../../../arm-none-eabi/lib/thumb/v7e-m+fp/hard/libc_nano.a(lib_a-assert.o)
__assert_func                                     /usr/lib/gcc/arm-none-eabi/9.2.1/../../../arm-none-eabi/lib/thumb/v7e-m+fp/hard/libc_nano.a(lib_a-assert.o)
                                                  /mnt/d/Marcelo/bitbucket/mcuboot/mcuboot/boot/bootutil/src/swap_scratch.o
                                                  /mnt/d/Marcelo/bitbucket/mcuboot/mcuboot/boot/bootutil/src/swap_misc.o
                                                  /mnt/d/Marcelo/bitbucket/mcuboot/mcuboot/boot/bootutil/src/loader.o
                                                  /mnt/d/Marcelo/bitbucket/mcuboot/mcuboot/boot/bootutil/src/bootutil_public.o
                                                  /mnt/d/Marcelo/bitbucket/mcuboot/mcuboot/boot/bootutil/src/bootutil_misc.o
__atexit_dummy                                    /usr/lib/gcc/arm-none-eabi/9.2.1/../../../arm-none-eabi/lib/thumb/v7e-m+fp/hard/libc_nano.a(lib_a-__atexit.o)
__bss_end__                                       /usr/lib/gcc/arm-none-eabi/9.2.1/../../../arm-none-eabi/lib/thumb/v7e-m+fp/hard/crt0.o
__bss_start__                                     /usr/lib/gcc/arm-none-eabi/9.2.1/../../../arm-none-eabi/lib/thumb/v7e-m+fp/hard/crt0.o
__call_exitprocs                                  /usr/lib/gcc/arm-none-eabi/9.2.1/../../../arm-none-eabi/lib/thumb/v7e-m+fp/hard/libc_nano.a(lib_a-__call_atexit.o)
                                                  /usr/lib/gcc/arm-none-eabi/9.2.1/../../../arm-none-eabi/lib/thumb/v7e-m+fp/hard/libc_nano.a(lib_a-__atexit.o)
                                                  /usr/lib/gcc/arm-none-eabi/9.2.1/../../../arm-none-eabi/lib/thumb/v7e-m+fp/hard/libc_nano.a(lib_a-exit.o)
__deregister_frame_info                           /usr/lib/gcc/arm-none-eabi/9.2.1/thumb/v7e-m+fp/hard/crtbegin.o
__dso_handle                                      /usr/lib/gcc/arm-none-eabi/9.2.1/thumb/v7e-m+fp/hard/crtbegin.o
__fini_array_end                                  /usr/lib/gcc/arm-none-eabi/9.2.1/../../../arm-none-eabi/lib/thumb/v7e-m+fp/hard/libc_nano.a(lib_a-fini.o)
__fini_array_start                                /usr/lib/gcc/arm-none-eabi/9.2.1/../../../arm-none-eabi/lib/thumb/v7e-m+fp/hard/libc_nano.a(lib_a-fini.o)
__fp_lock_all                                     /usr/lib/gcc/arm-none-eabi/9.2.1/../../../arm-none-eabi/lib/thumb/v7e-m+fp/hard/libc_nano.a(lib_a-findfp.o)
__fp_unlock_all                                   /usr/lib/gcc/arm-none-eabi/9.2.1/../../../arm-none-eabi/lib/thumb/v7e-m+fp/hard/libc_nano.a(lib_a-findfp.o)
__init_array_end                                  /usr/lib/gcc/arm-none-eabi/9.2.1/../../../arm-none-eabi/lib/thumb/v7e-m+fp/hard/libc_nano.a(lib_a-init.o)
__init_array_start                                /usr/lib/gcc/arm-none-eabi/9.2.1/../../../arm-none-eabi/lib/thumb/v7e-m+fp/hard/libc_nano.a(lib_a-init.o)
__libc_fini_array                                 /usr/lib/gcc/arm-none-eabi/9.2.1/../../../arm-none-eabi/lib/thumb/v7e-m+fp/hard/libc_nano.a(lib_a-fini.o)
                                                  /usr/lib/gcc/arm-none-eabi/9.2.1/../../../arm-none-eabi/lib/thumb/v7e-m+fp/hard/crt0.o
__libc_init_array                                 /usr/lib/gcc/arm-none-eabi/9.2.1/../../../arm-none-eabi/lib/thumb/v7e-m+fp/hard/libc_nano.a(lib_a-init.o)
                                                  hal/startup_stm32g431xx.o
                                                  /usr/lib/gcc/arm-none-eabi/9.2.1/../../../arm-none-eabi/lib/thumb/v7e-m+fp/hard/crt0.o
__malloc_free_list                                /usr/lib/gcc/arm-none-eabi/9.2.1/../../../arm-none-eabi/lib/thumb/v7e-m+fp/hard/libc_nano.a(lib_a-nano-mallocr.o)
                                                  /usr/lib/gcc/arm-none-eabi/9.2.1/../../../arm-none-eabi/lib/thumb/v7e-m+fp/hard/libc_nano.a(lib_a-nano-freer.o)
__malloc_lock                                     /usr/lib/gcc/arm-none-eabi/9.2.1/../../../arm-none-eabi/lib/thumb/v7e-m+fp/hard/libc_nano.a(lib_a-mlock.o)
                                                  /usr/lib/gcc/arm-none-eabi/9.2.1/../../../arm-none-eabi/lib/thumb/v7e-m+fp/hard/libc_nano.a(lib_a-nano-mallocr.o)
                                                  /usr/lib/gcc/arm-none-eabi/9.2.1/../../../arm-none-eabi/lib/thumb/v7e-m+fp/hard/libc_nano.a(lib_a-nano-freer.o)
__malloc_sbrk_start                               /usr/lib/gcc/arm-none-eabi/9.2.1/../../../arm-none-eabi/lib/thumb/v7e-m+fp/hard/libc_nano.a(lib_a-nano-mallocr.o)
__malloc_unlock                                   /usr/lib/gcc/arm-none-eabi/9.2.1/../../../arm-none-eabi/lib/thumb/v7e-m+fp/hard/libc_nano.a(lib_a-mlock.o)
                                                  /usr/lib/gcc/arm-none-eabi/9.2.1/../../../arm-none-eabi/lib/thumb/v7e-m+fp/hard/libc_nano.a(lib_a-nano-mallocr.o)
                                                  /usr/lib/gcc/arm-none-eabi/9.2.1/../../../arm-none-eabi/lib/thumb/v7e-m+fp/hard/libc_nano.a(lib_a-nano-freer.o)
__on_exit_args                                    /usr/lib/gcc/arm-none-eabi/9.2.1/../../../arm-none-eabi/lib/thumb/v7e-m+fp/hard/libc_nano.a(lib_a-__atexit.o)