Archive member included to satisfy reference by file (symbol)

/usr/lib/gcc/arm-none-eabi/9.2.1/../../../arm-none-eabi/lib/thumb/v7e-m+fp/hard/libc_nano.a(lib_a-atexit.o)
                              /usr/lib/gcc/arm-none-eabi/9.2.1/../../../arm-none-eabi/lib/thumb/v7e-m+fp/hard/crt0.o (atexit)
/usr/lib/gcc/arm-none-eabi/9.2.1/../../../arm-none-eabi/lib/thumb/v7e-m+fp/hard/libc_nano.a(lib_a-exit.o)
                              /usr/lib/gcc/arm-none-eabi/9.2.1/../../../arm-none-eabi/lib/thumb/v7e-m+fp/hard/crt0.o (exit)
/usr/lib/gcc/arm-none-eabi/9.2.1/../../../arm-none-eabi/lib/thumb/v7e-m+fp/hard/libc_nano.a(lib_a-fini.o)
                              /usr/lib/gcc/arm-none-eabi/9.2.1/../../../arm-none-eabi/lib/thumb/v7e-m+fp/hard/crt0.o (__libc_fini_array)
/usr/lib/gcc/arm-none-eabi/9.2.1/../../../arm-none-eabi/lib/thumb/v7e-m+fp/hard/libc_nano.a(lib_a-impure.o)
                              /usr/lib/gcc/arm-none-eabi/9.2.1/../../../arm-none-eabi/lib/thumb/v7e-m+fp/hard/libc_nano.a(lib_a-exit.o) (_global_impure_ptr)
/usr/lib/gcc/arm-none-eabi/9.2.1/../../../arm-none-eabi/lib/thumb/v7e-m+fp/hard/libc_nano.a(lib_a-init.o)
                              /usr/lib/gcc/arm-none-eabi/9.2.1/../../../arm-none-eabi/lib/thumb/v7e-m+fp/hard/crt0.o (__libc_init_array)
/usr/lib/gcc/arm-none-eabi/9.2.1/../../../arm-none-eabi/lib/thumb/v7e-m+fp/hard/libc_nano.a(lib_a-memset.o)
                              /usr/lib/gcc/arm-none-eabi/9.2.1/../../../arm-none-eabi/lib/thumb/v7e-m+fp/hard/crt0.o (memset)
/usr/lib/gcc/arm-none-eabi/9.2.1/../../../arm-none-eabi/lib/thumb/v7e-m+fp/hard/libc_nano.a(lib_a-__atexit.o)
                              /usr/lib/gcc/arm-none-eabi/9.2.1/../../../arm-none-eabi/lib/thumb/v7e-m+fp/hard/libc_nano.a(lib_a-atexit.o) (__register_exitproc)
/usr/lib/gcc/arm-none-eabi/9.2.1/../../../arm-none-eabi/lib/thumb/v7e-m+fp/hard/libc_nano.a(lib_a-__call_atexit.o)
                              /usr/lib/gcc/arm-none-eabi/9.2.1/../../../arm-none-eabi/lib/thumb/v7e-m+fp/hard/libc_nano.a(lib_a-__atexit.o) (__call_exitprocs)
/usr/lib/gcc/arm-none-eabi/9.2.1/../../../arm-none-eabi/lib/thumb/v7e-m+fp/hard/libnosys.a(_exit.o)
                              /usr/lib/gcc/arm-none-eabi/9.2.1/../../../arm-none-eabi/lib/thumb/v7e-m+fp/hard/libc_nano.a(lib_a-exit.o) (_exit)
/usr/lib/gcc/arm-none-eabi/9.2.1/thumb/v7e-m+fp/hard/libgcc.a(_aeabi_uldivmod.o)
                              hal/Drivers/STM32G4xx_HAL_Driver/Src/stm32g4xx_hal_uart.o (__aeabi_uldivmod)
/usr/lib/gcc/arm-none-eabi/9.2.1/thumb/v7e-m+fp/hard/libgcc.a(_udivmoddi4.o)
                              /usr/lib/gcc/arm-none-eabi/9.2.1/thumb/v7e-m+fp/hard/libgcc.a(_aeabi_uldivmod.o) (__udivmoddi4)
/usr/lib/gcc/arm-none-eabi/9.2.1/thumb/v7e-m+fp/hard/libgcc.a(_dvmd_tls.o)
                              /usr/lib/gcc/arm-none-eabi/9.2.1/thumb/v7e-m+fp/hard/libgcc.a(_aeabi_uldivmod.o) (__aeabi_ldiv0)
/usr/lib/gcc/arm-none-eabi/9.2.1/../../../arm-none-eabi/lib/thumb/v7e-m+fp/hard/libc_nano.a(lib_a-assert.o)
                              /mnt/d/Marcelo/bitbucket/mcuboot/mcuboot/boot/bootutil/src/bootutil_misc.o (__assert_func)
/usr/lib/gcc/arm-none-eabi/9.2.1/../../../arm-none-eabi/lib/thumb/v7e-m+fp/hard/libc_nano.a(lib_a-fprintf.o)
                              /usr/lib/gcc/arm-none-eabi/9.2.1/../../../arm-none-eabi/lib/thumb/v7e-m+fp/hard/libc_nano.a(lib_a-assert.o) (fiprintf)
/usr/lib/gcc/arm-none-eabi/9.2.1/../../../arm-none-eabi/lib/thumb/v7e-m+fp/hard/libc_nano.a(lib_a-malloc.o)
                              /mnt/d/Marcelo/bitbucket/mcuboot/mcuboot/boot/bootutil/src/loader.o (malloc)
/usr/lib/gcc/arm-none-eabi/9.2.1/../../../arm-none-eabi/lib/thumb/v7e-m+fp/hard/libc_nano.a(lib_a-memcmp.o)
                              /mnt/d/Marcelo/bitbucket/mcuboot/mcuboot/boot/bootutil/src/bootutil_misc.o (memcmp)
/usr/lib/gcc/arm-none-eabi/9.2.1/../../../arm-none-eabi/lib/thumb/v7e-m+fp/hard/libc_nano.a(lib_a-memcpy.o)
                              /mnt/d/Marcelo/bitbucket/mcuboot/mcuboot/boot/bootutil/src/bootutil_public.o (memcpy)
/usr/lib/gcc/arm-none-eabi/9.2.1/../../../arm-none-eabi/lib/thumb/v7e-m+fp/hard/libc_nano.a(lib_a-nano-freer.o)
                              /usr/lib/gcc/arm-none-eabi/9.2.1/../../../arm-none-eabi/lib/thumb/v7e-m+fp/hard/libc_nano.a(lib_a-malloc.o) (_free_r)
/usr/lib/gcc/arm-none-eabi/9.2.1/../../../arm-none-eabi/lib/thumb/v7e-m+fp/hard/libc_nano.a(lib_a-nano-mallocr.o)
                              /usr/lib/gcc/arm-none-eabi/9.2.1/../../../arm-none-eabi/lib/thumb/v7e-m+fp/hard/libc_nano.a(lib_a-malloc.o) (_malloc_r)
/usr/lib/gcc/arm-none-eabi/9.2.1/../../../arm-none-eabi/lib/thumb/v7e-m+fp/hard/libc_nano.a(lib_a-nano-vfprintf.o)
                              /usr/lib/gcc/arm-none-eabi/9.2.1/../../../arm-none-eabi/lib/thumb/v7e-m+fp/hard/libc_nano.a(lib_a-fprintf.o) (_vfprintf_r)
/usr/lib/gcc/arm-none-eabi/9.2.1/../../../arm-none-eabi/lib/thumb/v7e-m+fp/hard/libc_nano.a(lib_a-nano-vfprintf_i.o)
[...]
Memory Configuration

Name             Origin             Length             Attributes
RAM              0x0000000020000000 0x0000000000008000 xrw
FLASH            0x0000000008000000 0x0000000000020000 xr
*default*        0x0000000000000000 0xffffffffffffffff

Linker script and memory map

LOAD /usr/lib/gcc/arm-none-eabi/9.2.1/thumb/v7e-m+fp/hard/crti.o
LOAD /usr/lib/gcc/arm-none-eabi/9.2.1/thumb/v7e-m+fp/hard/crtbegin.o
LOAD /usr/lib/gcc/arm-none-eabi/9.2.1/../../../arm-none-eabi/lib/thumb/v7e-m+fp/hard/crt0.o
LOAD /usr/lib/gcc/arm-none-eabi/9.2.1/../../../arm-none-eabi/lib/thumb/v7e-m+fp/hard/libc_nano.a
LOAD /usr/lib/gcc/arm-none-eabi/9.2.1/../../../arm-none-eabi/lib/thumb/v7e-m+fp/hard/libm.a
LOAD /usr/lib/gcc/arm-none-eabi/9.2.1/../../../arm-none-eabi/lib/thumb/v7e-m+fp/hard/libnosys.a
LOAD /mnt/d/Marcelo/bitbucket/mcuboot/mcuboot/boot/bootutil/src/boot_record.o
LOAD /mnt/d/Marcelo/bitbucket/mcuboot/mcuboot/boot/bootutil/src/bootutil_misc.o
LOAD /mnt/d/Marcelo/bitbucket/mcuboot/mcuboot/boot/bootutil/src/bootutil_public.o
LOAD /mnt/d/Marcelo/bitbucket/mcuboot/mcuboot/boot/bootutil/src/caps.o
LOAD /mnt/d/Marcelo/bitbucket/mcuboot/mcuboot/boot/bootutil/src/encrypted.o
LOAD /mnt/d/Marcelo/bitbucket/mcuboot/mcuboot/boot/bootutil/src/fault_injection_hardening.o
LOAD /mnt/d/Marcelo/bitbucket/mcuboot/mcuboot/boot/bootutil/src/fault_injection_hardening_delay_rng_mbedtls.o
LOAD /mnt/d/Marcelo/bitbucket/mcuboot/mcuboot/boot/bootutil/src/image_ec.o
LOAD /mnt/d/Marcelo/bitbucket/mcuboot/mcuboot/boot/bootutil/src/image_ec256.o
LOAD /mnt/d/Marcelo/bitbucket/mcuboot/mcuboot/boot/bootutil/src/image_ed25519.o
LOAD /mnt/d/Marcelo/bitbucket/mcuboot/mcuboot/boot/bootutil/src/image_rsa.o
LOAD /mnt/d/Marcelo/bitbucket/mcuboot/mcuboot/boot/bootutil/src/image_validate.o
LOAD /mnt/d/Marcelo/bitbucket/mcuboot/mcuboot/boot/bootutil/src/loader.o
LOAD /mnt/d/Marcelo/bitbucket/mcuboot/mcuboot/boot/bootutil/src/swap_misc.o
LOAD /mnt/d/Marcelo/bitbucket/mcuboot/mcuboot/boot/bootutil/src/swap_move.o
LOAD /mnt/d/Marcelo/bitbucket/mcuboot/mcuboot/boot/bootutil/src/swap_scratch.o
LOAD /mnt/d/Marcelo/bitbucket/mcuboot/mcuboot/boot/bootutil/src/tlv.o
LOAD mcuboot_main.o
LOAD hal/Core/Src/main.o
LOAD hal/Core/Src/stm32g4xx_it.o
LOAD hal/Core/Src/stm32g4xx_hal_msp.o
LOAD hal/Core/Src/system_stm32g4xx.o
LOAD hal/startup_stm32g431xx.o
LOAD hal/Drivers/STM32G4xx_HAL_Driver/Src/stm32g4xx_hal_tim.o
LOAD hal/Drivers/STM32G4xx_HAL_Driver/Src/stm32g4xx_hal_tim_ex.o
LOAD hal/Drivers/STM32G4xx_HAL_Driver/Src/stm32g4xx_hal_pwr_ex.o
LOAD hal/Drivers/STM32G4xx_HAL_Driver/Src/stm32g4xx_hal_uart.o
LOAD hal/Drivers/STM32G4xx_HAL_Driver/Src/stm32g4xx_hal_uart_ex.o
LOAD hal/Drivers/STM32G4xx_HAL_Driver/Src/stm32g4xx_hal.o
LOAD hal/Drivers/STM32G4xx_HAL_Driver/Src/stm32g4xx_hal_rcc.o
LOAD hal/Drivers/STM32G4xx_HAL_Driver/Src/stm32g4xx_hal_rcc_ex.o
LOAD hal/Drivers/STM32G4xx_HAL_Driver/Src/stm32g4xx_hal_flash.o
LOAD hal/Drivers/STM32G4xx_HAL_Driver/Src/stm32g4xx_hal_flash_ex.o
LOAD hal/Drivers/STM32G4xx_HAL_Driver/Src/stm32g4xx_hal_flash_ramfunc.o
LOAD hal/Drivers/STM32G4xx_HAL_Driver/Src/stm32g4xx_hal_gpio.o
LOAD hal/Drivers/STM32G4xx_HAL_Driver/Src/stm32g4xx_hal_exti.o
LOAD hal/Drivers/STM32G4xx_HAL_Driver/Src/stm32g4xx_hal_dma.o
LOAD hal/Drivers/STM32G4xx_HAL_Driver/Src/stm32g4xx_hal_dma_ex.o
LOAD hal/Drivers/STM32G4xx_HAL_Driver/Src/stm32g4xx_hal_pwr.o
LOAD hal/Drivers/STM32G4xx_HAL_Driver/Src/stm32g4xx_hal_cortex.o
START GROUP
LOAD /usr/lib/gcc/arm-none-eabi/9.2.1/thumb/v7e-m+fp/hard/libgcc.a
LOAD /usr/lib/gcc/arm-none-eabi/9.2.1/../../../arm-none-eabi/lib/thumb/v7e-m+fp/hard/libc_nano.a
END GROUP
START GROUP
LOAD /usr/lib/gcc/arm-none-eabi/9.2.1/thumb/v7e-m+fp/hard/libgcc.a
LOAD /usr/lib/gcc/arm-none-eabi/9.2.1/../../../arm-none-eabi/lib/thumb/v7e-m+fp/hard/libc_nano.a
END GROUP
LOAD /usr/lib/gcc/arm-none-eabi/9.2.1/thumb/v7e-m+fp/hard/crtend.o
LOAD /usr/lib/gcc/arm-none-eabi/9.2.1/thumb/v7e-m+fp/hard/crtn.o
                0x0000000020008000                _estack = 0x20008000
                0x0000000000000200                _Min_Heap_Size = 0x200
                0x0000000000000400                _Min_Stack_Size = 0x400

.isr_vector     0x0000000008000000      0x1d8
                0x0000000008000000                . = ALIGN (0x4)
 *(.isr_vector)
 .isr_vector    0x0000000008000000      0x1d8 hal/startup_stm32g431xx.o
                0x0000000008000000                g_pfnVectors
                0x00000000080001d8                . = ALIGN (0x4)

.text           0x00000000080001e0     0x7464
                0x00000000080001e0                . = ALIGN (0x4)
 *(.text)
 .text          0x00000000080001e0       0x88 /usr/lib/gcc/arm-none-eabi/9.2.1/thumb/v7e-m+fp/hard/crtbegin.o
 .text          0x0000000008000268       0x48 /usr/lib/gcc/arm-none-eabi/9.2.1/../../../arm-none-eabi/lib/thumb/v7e-m+fp/hard/libc_nano.a(lib_a-init.o)
                0x0000000008000268                __libc_init_array
 .text          0x00000000080002b0       0xa0 /usr/lib/gcc/arm-none-eabi/9.2.1/../../../arm-none-eabi/lib/thumb/v7e-m+fp/hard/libc_nano.a(lib_a-memset.o)
                0x00000000080002b0                memset
 .text          0x0000000008000350        0x4 /usr/lib/gcc/arm-none-eabi/9.2.1/../../../arm-none-eabi/lib/thumb/v7e-m+fp/hard/libnosys.a(_exit.o)
                0x0000000008000350                _exit
 .text          0x0000000008000354       0x30 /usr/lib/gcc/arm-none-eabi/9.2.1/thumb/v7e-m+fp/hard/libgcc.a(_aeabi_uldivmod.o)
                0x0000000008000354                __aeabi_uldivmod
 .text          0x0000000008000384      0x2c4 /usr/lib/gcc/arm-none-eabi/9.2.1/thumb/v7e-m+fp/hard/libgcc.a(_udivmoddi4.o)
                0x0000000008000384                __udivmoddi4
 .text          0x0000000008000648        0x4 /usr/lib/gcc/arm-none-eabi/9.2.1/thumb/v7e-m+fp/hard/libgcc.a(_dvmd_tls.o)
                0x0000000008000648                __aeabi_ldiv0
                0x0000000008000648                __aeabi_idiv0
 .text          0x000000000800064c       0x48 /usr/lib/gcc/arm-none-eabi/9.2.1/../../../arm-none-eabi/lib/thumb/v7e-m+fp/hard/libc_nano.a(lib_a-assert.o)
                0x000000000800064c                __assert_func
                0x0000000008000688                __assert
 .text          0x0000000008000694       0x44 /usr/lib/gcc/arm-none-eabi/9.2.1/../../../arm-none-eabi/lib/thumb/v7e-m+fp/hard/libc_nano.a(lib_a-fprintf.o)
                0x0000000008000694                _fprintf_r
                0x0000000008000694                _fiprintf_r
                0x00000000080006b0                fprintf
                0x00000000080006b0                fiprintf
 .text          0x00000000080006d8       0x60 /usr/lib/gcc/arm-none-eabi/9.2.1/../../../arm-none-eabi/lib/thumb/v7e-m+fp/hard/libc_nano.a(lib_a-memcmp.o)
                0x00000000080006d8                memcmp
 .text          0x0000000008000738      0x134 /usr/lib/gcc/arm-none-eabi/9.2.1/../../../arm-none-eabi/lib/thumb/v7e-m+fp/hard/libc_nano.a(lib_a-memcpy.o)
                0x0000000008000738                memcpy
 .text          0x000000000800086c       0xac /usr/lib/gcc/arm-none-eabi/9.2.1/../../../arm-none-eabi/lib/thumb/v7e-m+fp/hard/libc_nano.a(lib_a-nano-freer.o)
                0x000000000800086c                _free_r
 .text          0x0000000008000918       0xc8 /usr/lib/gcc/arm-none-eabi/9.2.1/../../../arm-none-eabi/lib/thumb/v7e-m+fp/hard/libc_nano.a(lib_a-nano-mallocr.o)
                0x0000000008000918                _malloc_r
 .text          0x00000000080009e0      0x364 /usr/lib/gcc/arm-none-eabi/9.2.1/../../../arm-none-eabi/lib/thumb/v7e-m+fp/hard/libc_nano.a(lib_a-nano-vfprintf.o)
                0x0000000008000a1c                __sfputs_r
                0x0000000008000a4c                __sprint_r
                0x0000000008000a68                _vfiprintf_r
                0x0000000008000a68                _vfprintf_r
                0x0000000008000d2c                vfiprintf
                0x0000000008000d2c                vfprintf
 .text          0x0000000008000d44      0x3c4 /usr/lib/gcc/arm-none-eabi/9.2.1/../../../arm-none-eabi/lib/thumb/v7e-m+fp/hard/libc_nano.a(lib_a-nano-vfprintf_i.o)
                0x0000000008000d44                _printf_common
                0x0000000008000e70                _printf_i
 .text          0x0000000008001108       0x68 /usr/lib/gcc/arm-none-eabi/9.2.1/../../../arm-none-eabi/lib/thumb/v7e-m+fp/hard/libc_nano.a(lib_a-printf.o)
                0x0000000008001108                _printf_r
                0x0000000008001108                _iprintf_r
                0x0000000008001138                printf
                0x0000000008001138                iprintf
 .text          0x0000000008001170       0x24 /usr/lib/gcc/arm-none-eabi/9.2.1/../../../arm-none-eabi/lib/thumb/v7e-m+fp/hard/libc_nano.a(lib_a-sbrkr.o)
                0x0000000008001170                _sbrk_r
 .text          0x0000000008001194       0xc0 /usr/lib/gcc/arm-none-eabi/9.2.1/../../../arm-none-eabi/lib/thumb/v7e-m+fp/hard/libc_nano.a(lib_a-wbuf.o)
                0x0000000008001194                __swbuf_r
                0x0000000008001244                __swbuf
 .text          0x0000000008001254      0x100 /usr/lib/gcc/arm-none-eabi/9.2.1/../../../arm-none-eabi/lib/thumb/v7e-m+fp/hard/libc_nano.a(lib_a-wsetup.o)
                0x0000000008001254                __swsetup_r
 .text          0x0000000008001354       0x10 /usr/lib/gcc/arm-none-eabi/9.2.1/../../../arm-none-eabi/lib/thumb/v7e-m+fp/hard/libc_nano.a(lib_a-abort.o)
                0x0000000008001354                abort
 .text          0x0000000008001364      0x1b0 /usr/lib/gcc/arm-none-eabi/9.2.1/../../../arm-none-eabi/lib/thumb/v7e-m+fp/hard/libc_nano.a(lib_a-fflush.o)
                0x0000000008001364                __sflush_r
                0x0000000008001490                _fflush_r
                0x00000000080014f0                fflush
 .text          0x0000000008001514      0x210 /usr/lib/gcc/arm-none-eabi/9.2.1/../../../arm-none-eabi/lib/thumb/v7e-m+fp/hard/libc_nano.a(lib_a-findfp.o)
                0x0000000008001518                _cleanup_r
                0x0000000008001528                __sfmoreglue
                0x0000000008001558                __sfp
                0x00000000080016d0                _cleanup
                0x00000000080016e4                __sinit
                0x00000000080016ec                __sfp_lock_acquire
                0x00000000080016f0                __sfp_lock_release
                0x00000000080016f4                __sinit_lock_acquire
                0x00000000080016f8                __sinit_lock_release
                0x00000000080016fc                __fp_lock_all
                0x0000000008001710                __fp_unlock_all
 .text          0x0000000008001724      0x308 /usr/lib/gcc/arm-none-eabi/9.2.1/../../../arm-none-eabi/lib/thumb/v7e-m+fp/hard/libc_nano.a(lib_a-fvwrite.o)
                0x0000000008001724                __sfvwrite_r
 .text          0x0000000008001a2c       0xa0 /usr/lib/gcc/arm-none-eabi/9.2.1/../../../arm-none-eabi/lib/thumb/v7e-m+fp/hard/libc_nano.a(lib_a-fwalk.o)
                0x0000000008001a2c                _fwalk
                0x0000000008001a78                _fwalk_reent
 .text          0x0000000008001acc       0xf0 /usr/lib/gcc/arm-none-eabi/9.2.1/../../../arm-none-eabi/lib/thumb/v7e-m+fp/hard/libc_nano.a(lib_a-makebuf.o)
                0x0000000008001acc                __swhatbuf_r
                0x0000000008001b28                __smakebuf_r
 *fill*         0x0000000008001bbc        0x4 
 .text          0x0000000008001bc0       0xa0 /usr/lib/gcc/arm-none-eabi/9.2.1/../../../arm-none-eabi/lib/thumb/v7e-m+fp/hard/libc_nano.a(lib_a-memchr.o)
                0x0000000008001bc0                memchr
 .text          0x0000000008001c60       0xd0 /usr/lib/gcc/arm-none-eabi/9.2.1/../../../arm-none-eabi/lib/thumb/v7e-m+fp/hard/libc_nano.a(lib_a-memmove.o)
                0x0000000008001c60                memmove
 .text          0x0000000008001d30        0x8 /usr/lib/gcc/arm-none-eabi/9.2.1/../../../arm-none-eabi/lib/thumb/v7e-m+fp/hard/libc_nano.a(lib_a-mlock.o)
                0x0000000008001d30                __malloc_lock
                0x0000000008001d34                __malloc_unlock
 .text          0x0000000008001d38       0x4c /usr/lib/gcc/arm-none-eabi/9.2.1/../../../arm-none-eabi/lib/thumb/v7e-m+fp/hard/libc_nano.a(lib_a-nano-reallocr.o)
                0x0000000008001d38                _realloc_r
 .text          0x0000000008001d84      0x150 /usr/lib/gcc/arm-none-eabi/9.2.1/../../../arm-none-eabi/lib/thumb/v7e-m+fp/hard/libc_nano.a(lib_a-signal.o)
                0x0000000008001dac                _init_signal_r
                0x0000000008001db8                _signal_r
                0x0000000008001dec                _raise_r
                0x0000000008001e40                __sigtramp_r
                0x0000000008001e90                raise
                0x0000000008001ea0                signal
                0x0000000008001eb0                _init_signal
                0x0000000008001ec4                __sigtramp
 .text          0x0000000008001ed4       0x2c /usr/lib/gcc/arm-none-eabi/9.2.1/../../../arm-none-eabi/lib/thumb/v7e-m+fp/hard/libc_nano.a(lib_a-signalr.o)
                0x0000000008001ed4                _kill_r
                0x0000000008001efc                _getpid_r
 .text          0x0000000008001f00       0x90 /usr/lib/gcc/arm-none-eabi/9.2.1/../../../arm-none-eabi/lib/thumb/v7e-m+fp/hard/libc_nano.a(lib_a-stdio.o)
                0x0000000008001f00                __sread
                0x0000000008001f24                __seofread
                0x0000000008001f28                __swrite
                0x0000000008001f68                __sseek
                0x0000000008001f88                __sclose
 .text          0x0000000008001f90       0x2c /usr/lib/gcc/arm-none-eabi/9.2.1/../../../arm-none-eabi/lib/thumb/v7e-m+fp/hard/libc_nano.a(lib_a-writer.o)
                0x0000000008001f90                _write_r
 .text          0x0000000008001fbc       0x24 /usr/lib/gcc/arm-none-eabi/9.2.1/../../../arm-none-eabi/lib/thumb/v7e-m+fp/hard/libc_nano.a(lib_a-closer.o)
                0x0000000008001fbc                _close_r
 .text          0x0000000008001fe0       0x28 /usr/lib/gcc/arm-none-eabi/9.2.1/../../../arm-none-eabi/lib/thumb/v7e-m+fp/hard/libc_nano.a(lib_a-fstatr.o)
                0x0000000008001fe0                _fstat_r
 .text          0x0000000008002008       0x24 /usr/lib/gcc/arm-none-eabi/9.2.1/../../../arm-none-eabi/lib/thumb/v7e-m+fp/hard/libc_nano.a(lib_a-isattyr.o)
                0x0000000008002008                _isatty_r
 .text          0x000000000800202c       0x2c /usr/lib/gcc/arm-none-eabi/9.2.1/../../../arm-none-eabi/lib/thumb/v7e-m+fp/hard/libc_nano.a(lib_a-lseekr.o)
                0x000000000800202c                _lseek_r
 .text          0x0000000008002058       0x10 /usr/lib/gcc/arm-none-eabi/9.2.1/../../../arm-none-eabi/lib/thumb/v7e-m+fp/hard/libc_nano.a(lib_a-nano-msizer.o)
                0x0000000008002058                _malloc_usable_size_r
 .text          0x0000000008002068       0x2c /usr/lib/gcc/arm-none-eabi/9.2.1/../../../arm-none-eabi/lib/thumb/v7e-m+fp/hard/libc_nano.a(lib_a-readr.o)
                0x0000000008002068                _read_r
 *(.text*)
 .text.flash_area_get_id
                0x0000000008002094       0x18 /mnt/d/Marcelo/bitbucket/mcuboot/mcuboot/boot/bootutil/src/bootutil_misc.o
 .text.flash_area_get_size
                0x00000000080020ac       0x18 /mnt/d/Marcelo/bitbucket/mcuboot/mcuboot/boot/bootutil/src/bootutil_misc.o
 .text.boot_fih_memequal
                0x00000000080020c4       0x20 /mnt/d/Marcelo/bitbucket/mcuboot/mcuboot/boot/bootutil/src/bootutil_misc.o
                0x00000000080020c4                boot_fih_memequal
 .text.boot_status_sz
                0x00000000080020e4       0x1e /mnt/d/Marcelo/bitbucket/mcuboot/mcuboot/boot/bootutil/src/bootutil_misc.o
                0x00000000080020e4                boot_status_sz
 .text.boot_trailer_sz
                0x0000000008002102       0x1a /mnt/d/Marcelo/bitbucket/mcuboot/mcuboot/boot/bootutil/src/bootutil_misc.o
                0x0000000008002102                boot_trailer_sz
 .text.boot_status_entries
                0x000000000800211c       0x42 /mnt/d/Marcelo/bitbucket/mcuboot/mcuboot/boot/bootutil/src/bootutil_misc.o
                0x000000000800211c                boot_status_entries
 *fill*         0x000000000800215e        0x2 
 .text.boot_status_off
                0x0000000008002160       0x58 /mnt/d/Marcelo/bitbucket/mcuboot/mcuboot/boot/bootutil/src/bootutil_misc.o
                0x0000000008002160                boot_status_off
 .text.boot_magic_off
                0x00000000080021b8       0x1a /mnt/d/Marcelo/bitbucket/mcuboot/mcuboot/boot/bootutil/src/bootutil_misc.o
 .text.boot_image_ok_off
                0x00000000080021d2       0x1a /mnt/d/Marcelo/bitbucket/mcuboot/mcuboot/boot/bootutil/src/bootutil_misc.o
 .text.boot_copy_done_off
                0x00000000080021ec       0x1a /mnt/d/Marcelo/bitbucket/mcuboot/mcuboot/boot/bootutil/src/bootutil_misc.o
 .text.boot_swap_size_off
                0x0000000008002206       0x1a /mnt/d/Marcelo/bitbucket/mcuboot/mcuboot/boot/bootutil/src/bootutil_misc.o
 .text.boot_find_status
                0x0000000008002220       0xa4 /mnt/d/Marcelo/bitbucket/mcuboot/mcuboot/boot/bootutil/src/bootutil_misc.o
 .text.boot_read_swap_size
                0x00000000080022c4       0x48 /mnt/d/Marcelo/bitbucket/mcuboot/mcuboot/boot/bootutil/src/bootutil_misc.o
                0x00000000080022c4                boot_read_swap_size
 .text.boot_write_copy_done
                0x000000000800230c       0x24 /mnt/d/Marcelo/bitbucket/mcuboot/mcuboot/boot/bootutil/src/bootutil_misc.o
                0x000000000800230c                boot_write_copy_done
 .text.boot_write_swap_size
                0x0000000008002330       0x28 /mnt/d/Marcelo/bitbucket/mcuboot/mcuboot/boot/bootutil/src/bootutil_misc.o
                0x0000000008002330                boot_write_swap_size
 .text.flash_area_get_size
                0x0000000008002358       0x18 /mnt/d/Marcelo/bitbucket/mcuboot/mcuboot/boot/bootutil/src/bootutil_public.o
 .text.boot_magic_decode
                0x0000000008002370       0x2c /mnt/d/Marcelo/bitbucket/mcuboot/mcuboot/boot/bootutil/src/bootutil_public.o
 .text.boot_flag_decode
                0x000000000800239c       0x22 /mnt/d/Marcelo/bitbucket/mcuboot/mcuboot/boot/bootutil/src/bootutil_public.o
 .text.boot_magic_off
                0x00000000080023be       0x1a /mnt/d/Marcelo/bitbucket/mcuboot/mcuboot/boot/bootutil/src/bootutil_public.o
 .text.boot_image_ok_off
                0x00000000080023d8       0x1a /mnt/d/Marcelo/bitbucket/mcuboot/mcuboot/boot/bootutil/src/bootutil_public.o
 .text.boot_copy_done_off
                0x00000000080023f2       0x1a /mnt/d/Marcelo/bitbucket/mcuboot/mcuboot/boot/bootutil/src/bootutil_public.o
 .text.boot_swap_info_off
                0x000000000800240c       0x1a /mnt/d/Marcelo/bitbucket/mcuboot/mcuboot/boot/bootutil/src/bootutil_public.o
                0x000000000800240c                boot_swap_info_off
 .text.boot_magic_compatible_check
                0x0000000008002426       0x48 /mnt/d/Marcelo/bitbucket/mcuboot/mcuboot/boot/bootutil/src/bootutil_public.o
                0x0000000008002426                boot_magic_compatible_check
 .text.bootutil_buffer_is_erased
                0x000000000800246e       0x5a /mnt/d/Marcelo/bitbucket/mcuboot/mcuboot/boot/bootutil/src/bootutil_public.o
                0x000000000800246e                bootutil_buffer_is_erased
 .text.boot_read_flag
                0x00000000080024c8       0x58 /mnt/d/Marcelo/bitbucket/mcuboot/mcuboot/boot/bootutil/src/bootutil_public.o
 .text.boot_read_copy_done
                0x0000000008002520       0x26 /mnt/d/Marcelo/bitbucket/mcuboot/mcuboot/boot/bootutil/src/bootutil_public.o
 .text.boot_read_swap_state
                0x0000000008002546       0xe8 /mnt/d/Marcelo/bitbucket/mcuboot/mcuboot/boot/bootutil/src/bootutil_public.o
                0x0000000008002546                boot_read_swap_state
 .text.boot_read_swap_state_by_id
                0x000000000800262e       0x44 /mnt/d/Marcelo/bitbucket/mcuboot/mcuboot/boot/bootutil/src/bootutil_public.o
                0x000000000800262e                boot_read_swap_state_by_id
 *fill*         0x0000000008002672        0x2 
 .text.boot_write_magic
                0x0000000008002674       0x38 /mnt/d/Marcelo/bitbucket/mcuboot/mcuboot/boot/bootutil/src/bootutil_public.o
                0x0000000008002674                boot_write_magic
 .text.boot_write_trailer
                0x00000000080026ac       0x92 /mnt/d/Marcelo/bitbucket/mcuboot/mcuboot/boot/bootutil/src/bootutil_public.o
                0x00000000080026ac                boot_write_trailer
 .text.boot_write_trailer_flag
                0x000000000800273e       0x2a /mnt/d/Marcelo/bitbucket/mcuboot/mcuboot/boot/bootutil/src/bootutil_public.o
                0x000000000800273e                boot_write_trailer_flag
 .text.boot_write_image_ok
                0x0000000008002768       0x24 /mnt/d/Marcelo/bitbucket/mcuboot/mcuboot/boot/bootutil/src/bootutil_public.o
                0x0000000008002768                boot_write_image_ok
 .text.boot_read_image_ok
                0x000000000800278c       0x26 /mnt/d/Marcelo/bitbucket/mcuboot/mcuboot/boot/bootutil/src/bootutil_public.o
                0x000000000800278c                boot_read_image_ok
 *fill*         0x00000000080027b2        0x2 
 .text.boot_write_swap_info
                0x00000000080027b4       0x7c /mnt/d/Marcelo/bitbucket/mcuboot/mcuboot/boot/bootutil/src/bootutil_public.o
                0x00000000080027b4                boot_write_swap_info
 .text.boot_swap_type_multi
                0x0000000008002830      0x168 /mnt/d/Marcelo/bitbucket/mcuboot/mcuboot/boot/bootutil/src/bootutil_public.o
                0x0000000008002830                boot_swap_type_multi
 .text.bootutil_ecdsa_p256_init
                0x0000000008002998       0x16 /mnt/d/Marcelo/bitbucket/mcuboot/mcuboot/boot/bootutil/src/image_ec256.o
 .text.bootutil_ecdsa_p256_drop
                0x00000000080029ae       0x16 /mnt/d/Marcelo/bitbucket/mcuboot/mcuboot/boot/bootutil/src/image_ec256.o
 .text.bootutil_ecdsa_p256_verify
                0x00000000080029c4       0x88 /mnt/d/Marcelo/bitbucket/mcuboot/mcuboot/boot/bootutil/src/image_ec256.o
 .text.bootutil_import_key
                0x0000000008002a4c       0xd4 /mnt/d/Marcelo/bitbucket/mcuboot/mcuboot/boot/bootutil/src/image_ec256.o
 .text.bootutil_verify_sig
                0x0000000008002b20       0xa4 /mnt/d/Marcelo/bitbucket/mcuboot/mcuboot/boot/bootutil/src/image_ec256.o
                0x0000000008002b20                bootutil_verify_sig
 .text.bootutil_sha256_init
                0x0000000008002bc4       0x1e /mnt/d/Marcelo/bitbucket/mcuboot/mcuboot/boot/bootutil/src/image_validate.o
 .text.bootutil_sha256_drop
                0x0000000008002be2       0x14 /mnt/d/Marcelo/bitbucket/mcuboot/mcuboot/boot/bootutil/src/image_validate.o
 .text.bootutil_sha256_update
                0x0000000008002bf6       0x20 /mnt/d/Marcelo/bitbucket/mcuboot/mcuboot/boot/bootutil/src/image_validate.o
 .text.bootutil_sha256_finish
                0x0000000008002c16       0x1c /mnt/d/Marcelo/bitbucket/mcuboot/mcuboot/boot/bootutil/src/image_validate.o
 .text.bootutil_img_hash
                0x0000000008002c32      0x116 /mnt/d/Marcelo/bitbucket/mcuboot/mcuboot/boot/bootutil/src/image_validate.o
 .text.bootutil_find_key
                0x0000000008002d48       0xb8 /mnt/d/Marcelo/bitbucket/mcuboot/mcuboot/boot/bootutil/src/image_validate.o
 .text.bootutil_img_validate
                0x0000000008002e00      0x304 /mnt/d/Marcelo/bitbucket/mcuboot/mcuboot/boot/bootutil/src/image_validate.o
                0x0000000008002e00                bootutil_img_validate
 .text.flash_area_get_device_id
                0x0000000008003104       0x18 /mnt/d/Marcelo/bitbucket/mcuboot/mcuboot/boot/bootutil/src/loader.o
 .text.flash_area_get_off
                0x000000000800311c       0x18 /mnt/d/Marcelo/bitbucket/mcuboot/mcuboot/boot/bootutil/src/loader.o
 .text.flash_area_get_size
                0x0000000008003134       0x18 /mnt/d/Marcelo/bitbucket/mcuboot/mcuboot/boot/bootutil/src/loader.o
 .text.boot_u32_safe_add
                0x000000000800314c       0x32 /mnt/d/Marcelo/bitbucket/mcuboot/mcuboot/boot/bootutil/src/loader.o
 .text.boot_img_hdr
                0x000000000800317e       0x22 /mnt/d/Marcelo/bitbucket/mcuboot/mcuboot/boot/bootutil/src/loader.o
 .text.boot_img_slot_off
                0x00000000080031a0       0x2a /mnt/d/Marcelo/bitbucket/mcuboot/mcuboot/boot/bootutil/src/loader.o
 .text.boot_read_image_headers
                0x00000000080031ca       0x6c /mnt/d/Marcelo/bitbucket/mcuboot/mcuboot/boot/bootutil/src/loader.o
 .text.boot_add_shared_data
                0x0000000008003236       0x18 /mnt/d/Marcelo/bitbucket/mcuboot/mcuboot/boot/bootutil/src/loader.o
 .text.fill_rsp
                0x000000000800324e       0x52 /mnt/d/Marcelo/bitbucket/mcuboot/mcuboot/boot/bootutil/src/loader.o
 .text.close_all_flash_areas
                0x00000000080032a0       0x48 /mnt/d/Marcelo/bitbucket/mcuboot/mcuboot/boot/bootutil/src/loader.o
 .text.boot_read_image_size
                0x00000000080032e8       0xfa /mnt/d/Marcelo/bitbucket/mcuboot/mcuboot/boot/bootutil/src/loader.o
 .text.boot_write_sz
                0x00000000080033e2       0x3a /mnt/d/Marcelo/bitbucket/mcuboot/mcuboot/boot/bootutil/src/loader.o
 .text.boot_initialize_area
                0x000000000800341c       0x7c /mnt/d/Marcelo/bitbucket/mcuboot/mcuboot/boot/bootutil/src/loader.o
 .text.boot_read_sectors
                0x0000000008003498       0x5e /mnt/d/Marcelo/bitbucket/mcuboot/mcuboot/boot/bootutil/src/loader.o
 .text.boot_status_reset
                0x00000000080034f6       0x3e /mnt/d/Marcelo/bitbucket/mcuboot/mcuboot/boot/bootutil/src/loader.o
                0x00000000080034f6                boot_status_reset
 .text.boot_status_is_reset
                0x0000000008003534       0x38 /mnt/d/Marcelo/bitbucket/mcuboot/mcuboot/boot/bootutil/src/loader.o
                0x0000000008003534                boot_status_is_reset
 .text.boot_write_status
                0x000000000800356c       0xb4 /mnt/d/Marcelo/bitbucket/mcuboot/mcuboot/boot/bootutil/src/loader.o
                0x000000000800356c                boot_write_status
 .text.boot_image_check
                0x0000000008003620       0x5c /mnt/d/Marcelo/bitbucket/mcuboot/mcuboot/boot/bootutil/src/loader.o
 .text.boot_is_header_valid
                0x000000000800367c       0x5c /mnt/d/Marcelo/bitbucket/mcuboot/mcuboot/boot/bootutil/src/loader.o
 .text.boot_data_is_set_to
                0x00000000080036d8       0x46 /mnt/d/Marcelo/bitbucket/mcuboot/mcuboot/boot/bootutil/src/loader.o
 .text.boot_check_header_erased
                0x000000000800371e       0x7a /mnt/d/Marcelo/bitbucket/mcuboot/mcuboot/boot/bootutil/src/loader.o
 .text.boot_validate_slot
                0x0000000008003798      0x148 /mnt/d/Marcelo/bitbucket/mcuboot/mcuboot/boot/bootutil/src/loader.o
 .text.boot_validated_swap_type
                0x00000000080038e0       0x98 /mnt/d/Marcelo/bitbucket/mcuboot/mcuboot/boot/bootutil/src/loader.o
 .text.boot_erase_region
                0x0000000008003978       0x20 /mnt/d/Marcelo/bitbucket/mcuboot/mcuboot/boot/bootutil/src/loader.o
                0x0000000008003978                boot_erase_region
 .text.boot_copy_region
                0x0000000008003998       0x8c /mnt/d/Marcelo/bitbucket/mcuboot/mcuboot/boot/bootutil/src/loader.o
                0x0000000008003998                boot_copy_region
 .text.boot_swap_image
                0x0000000008003a24      0x114 /mnt/d/Marcelo/bitbucket/mcuboot/mcuboot/boot/bootutil/src/loader.o
 .text.boot_perform_update
                0x0000000008003b38       0x94 /mnt/d/Marcelo/bitbucket/mcuboot/mcuboot/boot/bootutil/src/loader.o
 .text.boot_complete_partial_swap
                0x0000000008003bcc       0xc4 /mnt/d/Marcelo/bitbucket/mcuboot/mcuboot/boot/bootutil/src/loader.o
 .text.boot_prepare_image_for_update
                0x0000000008003c90      0x180 /mnt/d/Marcelo/bitbucket/mcuboot/mcuboot/boot/bootutil/src/loader.o
 .text.boot_update_hw_rollback_protection
                0x0000000008003e10       0x16 /mnt/d/Marcelo/bitbucket/mcuboot/mcuboot/boot/bootutil/src/loader.o
 *fill*         0x0000000008003e26        0x2 
 .text.context_boot_go
                0x0000000008003e28      0x274 /mnt/d/Marcelo/bitbucket/mcuboot/mcuboot/boot/bootutil/src/loader.o
                0x0000000008003e28                context_boot_go
 .text.boot_go  0x000000000800409c       0x38 /mnt/d/Marcelo/bitbucket/mcuboot/mcuboot/boot/bootutil/src/loader.o
                0x000000000800409c                boot_go
 .text.flash_area_get_id
                0x00000000080040d4       0x18 /mnt/d/Marcelo/bitbucket/mcuboot/mcuboot/boot/bootutil/src/swap_misc.o
 .text.flash_sector_get_off
                0x00000000080040ec       0x18 /mnt/d/Marcelo/bitbucket/mcuboot/mcuboot/boot/bootutil/src/swap_misc.o
 .text.flash_sector_get_size
                0x0000000008004104       0x18 /mnt/d/Marcelo/bitbucket/mcuboot/mcuboot/boot/bootutil/src/swap_misc.o
 .text.boot_img_num_sectors
                0x000000000800411c       0x26 /mnt/d/Marcelo/bitbucket/mcuboot/mcuboot/boot/bootutil/src/swap_misc.o
 .text.boot_img_sector_size
                0x0000000008004142       0x32 /mnt/d/Marcelo/bitbucket/mcuboot/mcuboot/boot/bootutil/src/swap_misc.o
 .text.boot_img_sector_off
                0x0000000008004174       0x4c /mnt/d/Marcelo/bitbucket/mcuboot/mcuboot/boot/bootutil/src/swap_misc.o
 .text.swap_erase_trailer_sectors
                0x00000000080041c0       0xec /mnt/d/Marcelo/bitbucket/mcuboot/mcuboot/boot/bootutil/src/swap_misc.o
                0x00000000080041c0                swap_erase_trailer_sectors
 .text.swap_status_init
                0x00000000080042ac       0xcc /mnt/d/Marcelo/bitbucket/mcuboot/mcuboot/boot/bootutil/src/swap_misc.o
                0x00000000080042ac                swap_status_init
 .text.swap_read_status
                0x0000000008004378       0xe4 /mnt/d/Marcelo/bitbucket/mcuboot/mcuboot/boot/bootutil/src/swap_misc.o
                0x0000000008004378                swap_read_status
 .text.swap_set_copy_done
                0x000000000800445c       0x3e /mnt/d/Marcelo/bitbucket/mcuboot/mcuboot/boot/bootutil/src/swap_misc.o
                0x000000000800445c                swap_set_copy_done
 .text.swap_set_image_ok
                0x000000000800449a       0x64 /mnt/d/Marcelo/bitbucket/mcuboot/mcuboot/boot/bootutil/src/swap_misc.o
                0x000000000800449a                swap_set_image_ok
 .text.flash_area_get_size
                0x00000000080044fe       0x18 /mnt/d/Marcelo/bitbucket/mcuboot/mcuboot/boot/bootutil/src/swap_scratch.o
 .text.flash_sector_get_off
                0x0000000008004516       0x18 /mnt/d/Marcelo/bitbucket/mcuboot/mcuboot/boot/bootutil/src/swap_scratch.o
 .text.flash_sector_get_size
                0x000000000800452e       0x18 /mnt/d/Marcelo/bitbucket/mcuboot/mcuboot/boot/bootutil/src/swap_scratch.o
 .text.boot_img_num_sectors
                0x0000000008004546       0x26 /mnt/d/Marcelo/bitbucket/mcuboot/mcuboot/boot/bootutil/src/swap_scratch.o
 .text.boot_img_sector_size
                0x000000000800456c       0x32 /mnt/d/Marcelo/bitbucket/mcuboot/mcuboot/boot/bootutil/src/swap_scratch.o
 .text.boot_img_sector_off
                0x000000000800459e       0x4c /mnt/d/Marcelo/bitbucket/mcuboot/mcuboot/boot/bootutil/src/swap_scratch.o
 .text.boot_scratch_area_size
                0x00000000080045ea       0x1c /mnt/d/Marcelo/bitbucket/mcuboot/mcuboot/boot/bootutil/src/swap_scratch.o
 .text.boot_read_image_header
                0x0000000008004606       0x66 /mnt/d/Marcelo/bitbucket/mcuboot/mcuboot/boot/bootutil/src/swap_scratch.o
                0x0000000008004606                boot_read_image_header
 .text.swap_read_status_bytes
                0x000000000800466c      0x10c /mnt/d/Marcelo/bitbucket/mcuboot/mcuboot/boot/bootutil/src/swap_scratch.o
                0x000000000800466c                swap_read_status_bytes
 .text.boot_status_internal_off
                0x0000000008004778       0x3a /mnt/d/Marcelo/bitbucket/mcuboot/mcuboot/boot/bootutil/src/swap_scratch.o
                0x0000000008004778                boot_status_internal_off
 *fill*         0x00000000080047b2        0x2 
 .text.boot_slots_compatible
                0x00000000080047b4      0x184 /mnt/d/Marcelo/bitbucket/mcuboot/mcuboot/boot/bootutil/src/swap_scratch.o
                0x00000000080047b4                boot_slots_compatible
 .text.swap_status_source
                0x0000000008004938      0x184 /mnt/d/Marcelo/bitbucket/mcuboot/mcuboot/boot/bootutil/src/swap_scratch.o
                0x0000000008004938                swap_status_source
 .text.boot_copy_sz
                0x0000000008004abc       0x60 /mnt/d/Marcelo/bitbucket/mcuboot/mcuboot/boot/bootutil/src/swap_scratch.o
 .text.boot_swap_sectors
                0x0000000008004b1c      0x49c /mnt/d/Marcelo/bitbucket/mcuboot/mcuboot/boot/bootutil/src/swap_scratch.o
 .text.swap_run
                0x0000000008004fb8       0xd6 /mnt/d/Marcelo/bitbucket/mcuboot/mcuboot/boot/bootutil/src/swap_scratch.o
                0x0000000008004fb8                swap_run
 .text.bootutil_tlv_iter_begin
                0x000000000800508e       0xf6 /mnt/d/Marcelo/bitbucket/mcuboot/mcuboot/boot/bootutil/src/tlv.o
                0x000000000800508e                bootutil_tlv_iter_begin
 .text.bootutil_tlv_iter_next
                0x0000000008005184       0xea /mnt/d/Marcelo/bitbucket/mcuboot/mcuboot/boot/bootutil/src/tlv.o
                0x0000000008005184                bootutil_tlv_iter_next
 .text.stm32_do_boot
                0x000000000800526e       0x14 mcuboot_main.o
                0x000000000800526e                stm32_do_boot
 *fill*         0x0000000008005282        0x2 
 .text.mcuboot_main
                0x0000000008005284       0x28 mcuboot_main.o
                0x0000000008005284                mcuboot_main
 .text.main     0x00000000080052ac       0x1a hal/Core/Src/main.o
                0x00000000080052ac                main
 .text.SystemClock_Config
                0x00000000080052c6       0xc8 hal/Core/Src/main.o
                0x00000000080052c6                SystemClock_Config
 *fill*         0x000000000800538e        0x2 
 .text.MX_USART2_UART_Init
                0x0000000008005390       0x98 hal/Core/Src/main.o
 .text.MX_GPIO_Init
                0x0000000008005428       0x48 hal/Core/Src/main.o
 .text.Error_Handler
                0x0000000008005470        0xa hal/Core/Src/main.o
                0x0000000008005470                Error_Handler
 .text.NMI_Handler
                0x000000000800547a        0x6 hal/Core/Src/stm32g4xx_it.o
                0x000000000800547a                NMI_Handler
 .text.HardFault_Handler
                0x0000000008005480        0x6 hal/Core/Src/stm32g4xx_it.o
                0x0000000008005480                HardFault_Handler
 .text.MemManage_Handler
                0x0000000008005486        0x6 hal/Core/Src/stm32g4xx_it.o
                0x0000000008005486                MemManage_Handler
 .text.BusFault_Handler
                0x000000000800548c        0x6 hal/Core/Src/stm32g4xx_it.o
                0x000000000800548c                BusFault_Handler
 .text.UsageFault_Handler
                0x0000000008005492        0x6 hal/Core/Src/stm32g4xx_it.o
                0x0000000008005492                UsageFault_Handler
 .text.SVC_Handler
                0x0000000008005498        0xe hal/Core/Src/stm32g4xx_it.o
                0x0000000008005498                SVC_Handler
 .text.DebugMon_Handler
                0x00000000080054a6        0xe hal/Core/Src/stm32g4xx_it.o
                0x00000000080054a6                DebugMon_Handler
 .text.PendSV_Handler
                0x00000000080054b4        0xe hal/Core/Src/stm32g4xx_it.o
                0x00000000080054b4                PendSV_Handler
 .text.SysTick_Handler
                0x00000000080054c2        0xc hal/Core/Src/stm32g4xx_it.o
                0x00000000080054c2                SysTick_Handler
 *fill*         0x00000000080054ce        0x2 
 .text.HAL_MspInit
                0x00000000080054d0       0x48 hal/Core/Src/stm32g4xx_hal_msp.o
                0x00000000080054d0                HAL_MspInit
 .text.HAL_UART_MspInit
                0x0000000008005518       0x84 hal/Core/Src/stm32g4xx_hal_msp.o
                0x0000000008005518                HAL_UART_MspInit
 .text.SystemInit
                0x000000000800559c       0x24 hal/Core/Src/system_stm32g4xx.o
                0x000000000800559c                SystemInit
 .text.Reset_Handler
                0x00000000080055c0       0x50 hal/startup_stm32g431xx.o
                0x00000000080055c0                Reset_Handler
 .text.Default_Handler
                0x0000000008005610        0x2 hal/startup_stm32g431xx.o
                0x0000000008005610                RTC_Alarm_IRQHandler
                0x0000000008005610                EXTI2_IRQHandler
                0x0000000008005610                TIM8_TRG_COM_IRQHandler
                0x0000000008005610                TIM8_CC_IRQHandler
                0x0000000008005610                TIM1_CC_IRQHandler
                0x0000000008005610                USB_HP_IRQHandler
                0x0000000008005610                CORDIC_IRQHandler
                0x0000000008005610                EXTI3_IRQHandler
                0x0000000008005610                I2C3_ER_IRQHandler
                0x0000000008005610                EXTI0_IRQHandler
                0x0000000008005610                I2C2_EV_IRQHandler
                0x0000000008005610                FPU_IRQHandler
                0x0000000008005610                FDCAN1_IT1_IRQHandler
                0x0000000008005610                TIM1_UP_TIM16_IRQHandler
                0x0000000008005610                ADC1_2_IRQHandler
                0x0000000008005610                SPI1_IRQHandler
                0x0000000008005610                TIM6_DAC_IRQHandler
                0x0000000008005610                TIM8_UP_IRQHandler
                0x0000000008005610                DMA2_Channel2_IRQHandler
                0x0000000008005610                DMA1_Channel4_IRQHandler
                0x0000000008005610                USART3_IRQHandler
                0x0000000008005610                TIM4_IRQHandler
                0x0000000008005610                DMA2_Channel1_IRQHandler
                0x0000000008005610                I2C1_EV_IRQHandler
                0x0000000008005610                DMA1_Channel6_IRQHandler
                0x0000000008005610                UART4_IRQHandler
                0x0000000008005610                DMA2_Channel4_IRQHandler
                0x0000000008005610                TIM3_IRQHandler
                0x0000000008005610                RCC_IRQHandler
                0x0000000008005610                DMA1_Channel1_IRQHandler
                0x0000000008005610                Default_Handler
                0x0000000008005610                RTC_TAMP_LSECSS_IRQHandler
                0x0000000008005610                FMAC_IRQHandler
                0x0000000008005610                EXTI15_10_IRQHandler
                0x0000000008005610                TIM7_IRQHandler
                0x0000000008005610                UCPD1_IRQHandler
                0x0000000008005610                I2C3_EV_IRQHandler
                0x0000000008005610                EXTI9_5_IRQHandler
                0x0000000008005610                RTC_WKUP_IRQHandler
                0x0000000008005610                PVD_PVM_IRQHandler
                0x0000000008005610                SPI2_IRQHandler
                0x0000000008005610                DMA2_Channel5_IRQHandler
                0x0000000008005610                CRS_IRQHandler
                0x0000000008005610                DMA1_Channel5_IRQHandler
                0x0000000008005610                USB_LP_IRQHandler
                0x0000000008005610                EXTI4_IRQHandler
                0x0000000008005610                RNG_IRQHandler
                0x0000000008005610                TIM1_TRG_COM_TIM17_IRQHandler
                0x0000000008005610                DMA1_Channel3_IRQHandler
                0x0000000008005610                WWDG_IRQHandler
                0x0000000008005610                LPUART1_IRQHandler
                0x0000000008005610                DMA2_Channel6_IRQHandler
                0x0000000008005610                FDCAN1_IT0_IRQHandler
                0x0000000008005610                TIM2_IRQHandler
                0x0000000008005610                COMP1_2_3_IRQHandler
                0x0000000008005610                EXTI1_IRQHandler
                0x0000000008005610                USART2_IRQHandler
                0x0000000008005610                I2C2_ER_IRQHandler
                0x0000000008005610                DMA1_Channel2_IRQHandler
                0x0000000008005610                TIM8_BRK_IRQHandler
                0x0000000008005610                FLASH_IRQHandler
                0x0000000008005610                USART1_IRQHandler
                0x0000000008005610                SPI3_IRQHandler
                0x0000000008005610                I2C1_ER_IRQHandler
                0x0000000008005610                LPTIM1_IRQHandler
                0x0000000008005610                DMAMUX_OVR_IRQHandler
                0x0000000008005610                USBWakeUp_IRQHandler
                0x0000000008005610                SAI1_IRQHandler
                0x0000000008005610                DMA2_Channel3_IRQHandler
                0x0000000008005610                COMP4_IRQHandler
                0x0000000008005610                TIM1_BRK_TIM15_IRQHandler
 *fill*         0x0000000008005612        0x2 
 .text.HAL_PWREx_ControlVoltageScaling
                0x0000000008005614      0x148 hal/Drivers/STM32G4xx_HAL_Driver/Src/stm32g4xx_hal_pwr_ex.o
                0x0000000008005614                HAL_PWREx_ControlVoltageScaling
 .text.HAL_PWREx_DisableUCPDDeadBattery
                0x000000000800575c       0x20 hal/Drivers/STM32G4xx_HAL_Driver/Src/stm32g4xx_hal_pwr_ex.o
                0x000000000800575c                HAL_PWREx_DisableUCPDDeadBattery
 .text.HAL_UART_Init
                0x000000000800577c       0xa0 hal/Drivers/STM32G4xx_HAL_Driver/Src/stm32g4xx_hal_uart.o
                0x000000000800577c                HAL_UART_Init
 .text.UART_SetConfig
                0x000000000800581c      0x53c hal/Drivers/STM32G4xx_HAL_Driver/Src/stm32g4xx_hal_uart.o
                0x000000000800581c                UART_SetConfig
 .text.UART_AdvFeatureConfig
                0x0000000008005d58      0x144 hal/Drivers/STM32G4xx_HAL_Driver/Src/stm32g4xx_hal_uart.o
                0x0000000008005d58                UART_AdvFeatureConfig
 .text.UART_CheckIdleState
                0x0000000008005e9c       0x96 hal/Drivers/STM32G4xx_HAL_Driver/Src/stm32g4xx_hal_uart.o
                0x0000000008005e9c                UART_CheckIdleState
 .text.UART_WaitOnFlagUntilTimeout
                0x0000000008005f32      0x100 hal/Drivers/STM32G4xx_HAL_Driver/Src/stm32g4xx_hal_uart.o
                0x0000000008005f32                UART_WaitOnFlagUntilTimeout
 .text.HAL_UARTEx_DisableFifoMode
                0x0000000008006032       0x72 hal/Drivers/STM32G4xx_HAL_Driver/Src/stm32g4xx_hal_uart_ex.o
                0x0000000008006032                HAL_UARTEx_DisableFifoMode
 .text.HAL_UARTEx_SetTxFifoThreshold
                0x00000000080060a4       0x7c hal/Drivers/STM32G4xx_HAL_Driver/Src/stm32g4xx_hal_uart_ex.o
                0x00000000080060a4                HAL_UARTEx_SetTxFifoThreshold
 .text.HAL_UARTEx_SetRxFifoThreshold
                0x0000000008006120       0x7c hal/Drivers/STM32G4xx_HAL_Driver/Src/stm32g4xx_hal_uart_ex.o
                0x0000000008006120                HAL_UARTEx_SetRxFifoThreshold
 .text.UARTEx_SetNbDataToProcess
                0x000000000800619c       0x9c hal/Drivers/STM32G4xx_HAL_Driver/Src/stm32g4xx_hal_uart_ex.o
 .text.HAL_Init
                0x0000000008006238       0x30 hal/Drivers/STM32G4xx_HAL_Driver/Src/stm32g4xx_hal.o
                0x0000000008006238                HAL_Init
 .text.HAL_InitTick
                0x0000000008006268       0x74 hal/Drivers/STM32G4xx_HAL_Driver/Src/stm32g4xx_hal.o
                0x0000000008006268                HAL_InitTick
 .text.HAL_IncTick
                0x00000000080062dc       0x24 hal/Drivers/STM32G4xx_HAL_Driver/Src/stm32g4xx_hal.o
                0x00000000080062dc                HAL_IncTick
 .text.HAL_GetTick
                0x0000000008006300       0x18 hal/Drivers/STM32G4xx_HAL_Driver/Src/stm32g4xx_hal.o
                0x0000000008006300                HAL_GetTick
 .text.HAL_RCC_OscConfig
                0x0000000008006318      0x630 hal/Drivers/STM32G4xx_HAL_Driver/Src/stm32g4xx_hal_rcc.o
                0x0000000008006318                HAL_RCC_OscConfig
 .text.HAL_RCC_ClockConfig
                0x0000000008006948      0x278 hal/Drivers/STM32G4xx_HAL_Driver/Src/stm32g4xx_hal_rcc.o
                0x0000000008006948                HAL_RCC_ClockConfig
 .text.HAL_RCC_GetSysClockFreq
                0x0000000008006bc0       0xc4 hal/Drivers/STM32G4xx_HAL_Driver/Src/stm32g4xx_hal_rcc.o
                0x0000000008006bc0                HAL_RCC_GetSysClockFreq
 .text.HAL_RCC_GetHCLKFreq
                0x0000000008006c84       0x18 hal/Drivers/STM32G4xx_HAL_Driver/Src/stm32g4xx_hal_rcc.o
                0x0000000008006c84                HAL_RCC_GetHCLKFreq
 .text.HAL_RCC_GetPCLK1Freq
                0x0000000008006c9c       0x2c hal/Drivers/STM32G4xx_HAL_Driver/Src/stm32g4xx_hal_rcc.o
                0x0000000008006c9c                HAL_RCC_GetPCLK1Freq
 .text.HAL_RCC_GetPCLK2Freq
                0x0000000008006cc8       0x2c hal/Drivers/STM32G4xx_HAL_Driver/Src/stm32g4xx_hal_rcc.o
                0x0000000008006cc8                HAL_RCC_GetPCLK2Freq
 .text.RCC_GetSysClockFreqFromPLLSource
                0x0000000008006cf4       0x8c hal/Drivers/STM32G4xx_HAL_Driver/Src/stm32g4xx_hal_rcc.o
 .text.HAL_RCCEx_PeriphCLKConfig
                0x0000000008006d80      0x3e0 hal/Drivers/STM32G4xx_HAL_Driver/Src/stm32g4xx_hal_rcc_ex.o
                0x0000000008006d80                HAL_RCCEx_PeriphCLKConfig
 .text.HAL_GPIO_Init
                0x0000000008007160      0x304 hal/Drivers/STM32G4xx_HAL_Driver/Src/stm32g4xx_hal_gpio.o
                0x0000000008007160                HAL_GPIO_Init
 .text.__NVIC_SetPriorityGrouping
                0x0000000008007464       0x48 hal/Drivers/STM32G4xx_HAL_Driver/Src/stm32g4xx_hal_cortex.o
 .text.__NVIC_GetPriorityGrouping
                0x00000000080074ac       0x1c hal/Drivers/STM32G4xx_HAL_Driver/Src/stm32g4xx_hal_cortex.o
 .text.__NVIC_SetPriority
                0x00000000080074c8       0x54 hal/Drivers/STM32G4xx_HAL_Driver/Src/stm32g4xx_hal_cortex.o
 .text.NVIC_EncodePriority
                0x000000000800751c       0x66 hal/Drivers/STM32G4xx_HAL_Driver/Src/stm32g4xx_hal_cortex.o
 *fill*         0x0000000008007582        0x2 
 .text.SysTick_Config
                0x0000000008007584       0x44 hal/Drivers/STM32G4xx_HAL_Driver/Src/stm32g4xx_hal_cortex.o
 .text.HAL_NVIC_SetPriorityGrouping
                0x00000000080075c8       0x16 hal/Drivers/STM32G4xx_HAL_Driver/Src/stm32g4xx_hal_cortex.o
                0x00000000080075c8                HAL_NVIC_SetPriorityGrouping
 .text.HAL_NVIC_SetPriority
                0x00000000080075de       0x34 hal/Drivers/STM32G4xx_HAL_Driver/Src/stm32g4xx_hal_cortex.o
                0x00000000080075de                HAL_NVIC_SetPriority
 .text.HAL_SYSTICK_Config
                0x0000000008007612       0x18 hal/Drivers/STM32G4xx_HAL_Driver/Src/stm32g4xx_hal_cortex.o
                0x0000000008007612                HAL_SYSTICK_Config
 *(.glue_7)
 .glue_7        0x000000000800762a        0x0 linker stubs
 *(.glue_7t)
 .glue_7t       0x000000000800762a        0x0 linker stubs
 *(.eh_frame)
 *fill*         0x000000000800762a        0x2 
 .eh_frame      0x000000000800762c        0x0 /usr/lib/gcc/arm-none-eabi/9.2.1/thumb/v7e-m+fp/hard/crtbegin.o
 *(.init)
 .init          0x000000000800762c        0x4 /usr/lib/gcc/arm-none-eabi/9.2.1/thumb/v7e-m+fp/hard/crti.o
                0x000000000800762c                _init
 .init          0x0000000008007630        0x8 /usr/lib/gcc/arm-none-eabi/9.2.1/thumb/v7e-m+fp/hard/crtn.o
 *(.fini)
 .fini          0x0000000008007638        0x4 /usr/lib/gcc/arm-none-eabi/9.2.1/thumb/v7e-m+fp/hard/crti.o
                0x0000000008007638                _fini
 .fini          0x000000000800763c        0x8 /usr/lib/gcc/arm-none-eabi/9.2.1/thumb/v7e-m+fp/hard/crtn.o
                0x0000000008007644                . = ALIGN (0x4)
                0x0000000008007644                _etext = .

.vfp11_veneer   0x0000000008007644        0x0
 .vfp11_veneer  0x0000000008007644        0x0 linker stubs

.v4_bx          0x0000000008007644        0x0
 .v4_bx         0x0000000008007644        0x0 linker stubs

.iplt           0x0000000008007644        0x0
 .iplt          0x0000000008007644        0x0 /usr/lib/gcc/arm-none-eabi/9.2.1/thumb/v7e-m+fp/hard/crtbegin.o

.rodata         0x0000000008007644      0x81c
                0x0000000008007644                . = ALIGN (0x4)
 *(.rodata)
 .rodata        0x0000000008007644        0x4 /usr/lib/gcc/arm-none-eabi/9.2.1/../../../arm-none-eabi/lib/thumb/v7e-m+fp/hard/libc_nano.a(lib_a-impure.o)
                0x0000000008007644                _global_impure_ptr
 .rodata        0x0000000008007648       0x77 /mnt/d/Marcelo/bitbucket/mcuboot/mcuboot/boot/bootutil/src/bootutil_misc.o
 *fill*         0x00000000080076bf        0x1 
 .rodata        0x00000000080076c0      0x12a /mnt/d/Marcelo/bitbucket/mcuboot/mcuboot/boot/bootutil/src/bootutil_public.o
 *fill*         0x00000000080077ea        0x2 
 .rodata        0x00000000080077ec      0x17a /mnt/d/Marcelo/bitbucket/mcuboot/mcuboot/boot/bootutil/src/loader.o
 *fill*         0x0000000008007966        0x2 
 .rodata        0x0000000008007968       0x52 /mnt/d/Marcelo/bitbucket/mcuboot/mcuboot/boot/bootutil/src/swap_misc.o
 *fill*         0x00000000080079ba        0x2 
 .rodata        0x00000000080079bc      0x23b /mnt/d/Marcelo/bitbucket/mcuboot/mcuboot/boot/bootutil/src/swap_scratch.o
 *fill*         0x0000000008007bf7        0x1 
 .rodata        0x0000000008007bf8       0x60 /usr/lib/gcc/arm-none-eabi/9.2.1/../../../arm-none-eabi/lib/thumb/v7e-m+fp/hard/libc_nano.a(lib_a-findfp.o)
                0x0000000008007bf8                __sf_fake_stderr
                0x0000000008007c18                __sf_fake_stdout
                0x0000000008007c38                __sf_fake_stdin
 *(.rodata*)
 .rodata.__func__.6665
                0x0000000008007c58       0x10 /mnt/d/Marcelo/bitbucket/mcuboot/mcuboot/boot/bootutil/src/bootutil_misc.o
 .rodata.boot_img_magic
                0x0000000008007c68       0x10 /mnt/d/Marcelo/bitbucket/mcuboot/mcuboot/boot/bootutil/src/bootutil_public.o
                0x0000000008007c68                boot_img_magic
 .rodata.boot_swap_tables
                0x0000000008007c78       0x12 /mnt/d/Marcelo/bitbucket/mcuboot/mcuboot/boot/bootutil/src/bootutil_public.o
 *fill*         0x0000000008007c8a        0x2 
 .rodata.__func__.6612
                0x0000000008007c8c       0x15 /mnt/d/Marcelo/bitbucket/mcuboot/mcuboot/boot/bootutil/src/bootutil_public.o
 *fill*         0x0000000008007ca1        0x3 
 .rodata.ec_pubkey_oid
                0x0000000008007ca4        0x8 /mnt/d/Marcelo/bitbucket/mcuboot/mcuboot/boot/bootutil/src/image_ec256.o
 .rodata.ec_secp256r1_oid
                0x0000000008007cac        0x9 /mnt/d/Marcelo/bitbucket/mcuboot/mcuboot/boot/bootutil/src/image_ec256.o
 *fill*         0x0000000008007cb5        0x3 
 .rodata.__func__.7163
                0x0000000008007cb8       0x10 /mnt/d/Marcelo/bitbucket/mcuboot/mcuboot/boot/bootutil/src/loader.o
 .rodata.__func__.7172
                0x0000000008007cc8       0x14 /mnt/d/Marcelo/bitbucket/mcuboot/mcuboot/boot/bootutil/src/loader.o
 .rodata.__func__.7178
                0x0000000008007cdc       0x1b /mnt/d/Marcelo/bitbucket/mcuboot/mcuboot/boot/bootutil/src/loader.o
 *fill*         0x0000000008007cf7        0x1 
 .rodata.__func__.7186
                0x0000000008007cf8       0x1e /mnt/d/Marcelo/bitbucket/mcuboot/mcuboot/boot/bootutil/src/loader.o
 *fill*         0x0000000008007d16        0x2 
 .rodata.__func__.7204
                0x0000000008007d18       0x10 /mnt/d/Marcelo/bitbucket/mcuboot/mcuboot/boot/bootutil/src/loader.o
 .rodata.__func__.6966
                0x0000000008007d28       0x1b /mnt/d/Marcelo/bitbucket/mcuboot/mcuboot/boot/bootutil/src/swap_misc.o
 *fill*         0x0000000008007d43        0x1 
 .rodata.__func__.6977
                0x0000000008007d44       0x11 /mnt/d/Marcelo/bitbucket/mcuboot/mcuboot/boot/bootutil/src/swap_misc.o
 *fill*         0x0000000008007d55        0x3 
 .rodata.__func__.6992
                0x0000000008007d58       0x11 /mnt/d/Marcelo/bitbucket/mcuboot/mcuboot/boot/bootutil/src/swap_misc.o
 *fill*         0x0000000008007d69        0x3 
 .rodata.boot_status_tables
                0x0000000008007d6c       0x10 /mnt/d/Marcelo/bitbucket/mcuboot/mcuboot/boot/bootutil/src/swap_scratch.o
 .rodata.__func__.7016
                0x0000000008007d7c       0x13 /mnt/d/Marcelo/bitbucket/mcuboot/mcuboot/boot/bootutil/src/swap_scratch.o
 *fill*         0x0000000008007d8f        0x1 
 .rodata.__func__.7050
                0x0000000008007d90       0x12 /mnt/d/Marcelo/bitbucket/mcuboot/mcuboot/boot/bootutil/src/swap_scratch.o
 *fill*         0x0000000008007da2        0x2 
 .rodata.AHBPrescTable
                0x0000000008007da4       0x10 hal/Core/Src/system_stm32g4xx.o
                0x0000000008007da4                AHBPrescTable
 .rodata.APBPrescTable
                0x0000000008007db4        0x8 hal/Core/Src/system_stm32g4xx.o
                0x0000000008007db4                APBPrescTable
 .rodata.UARTPrescTable
                0x0000000008007dbc       0x18 hal/Drivers/STM32G4xx_HAL_Driver/Src/stm32g4xx_hal_uart.o
                0x0000000008007dbc                UARTPrescTable
 .rodata.numerator.7855
                0x0000000008007dd4        0x8 hal/Drivers/STM32G4xx_HAL_Driver/Src/stm32g4xx_hal_uart_ex.o
 .rodata.denominator.7856
                0x0000000008007ddc        0x8 hal/Drivers/STM32G4xx_HAL_Driver/Src/stm32g4xx_hal_uart_ex.o
 .rodata.str1.4
                0x0000000008007de4       0x3f /usr/lib/gcc/arm-none-eabi/9.2.1/../../../arm-none-eabi/lib/thumb/v7e-m+fp/hard/libc_nano.a(lib_a-assert.o)
                                         0x43 (size before relaxing)
 *fill*         0x0000000008007e23        0x1 
 .rodata.str1.4
                0x0000000008007e24       0x13 /usr/lib/gcc/arm-none-eabi/9.2.1/../../../arm-none-eabi/lib/thumb/v7e-m+fp/hard/libc_nano.a(lib_a-nano-vfprintf.o)
 *fill*         0x0000000008007e37        0x1 
 .rodata.str1.4
                0x0000000008007e38       0x25 /usr/lib/gcc/arm-none-eabi/9.2.1/../../../arm-none-eabi/lib/thumb/v7e-m+fp/hard/libc_nano.a(lib_a-nano-vfprintf_i.o)
                0x0000000008007e60                . = ALIGN (0x4)
 *fill*         0x0000000008007e5d        0x3 

.ARM.extab
 *(.ARM.extab* .gnu.linkonce.armextab.*)

.ARM            0x0000000008007e60        0x8
                0x0000000008007e60                __exidx_start = .
 *(.ARM.exidx*)
 .ARM.exidx     0x0000000008007e60        0x8 /usr/lib/gcc/arm-none-eabi/9.2.1/thumb/v7e-m+fp/hard/libgcc.a(_udivmoddi4.o)
                0x0000000008007e68                __exidx_end = .

.rel.dyn        0x0000000008007e68        0x0
 .rel.iplt      0x0000000008007e68        0x0 /usr/lib/gcc/arm-none-eabi/9.2.1/thumb/v7e-m+fp/hard/crtbegin.o

.preinit_array  0x0000000008007e68        0x0
                0x0000000008007e68                PROVIDE (__preinit_array_start = .)
 *(.preinit_array*)
                0x0000000008007e68                PROVIDE (__preinit_array_end = .)

.init_array     0x0000000008007e68        0x4
                0x0000000008007e68                PROVIDE (__init_array_start = .)
 *(SORT_BY_NAME(.init_array.*))
 *(.init_array*)
 .init_array    0x0000000008007e68        0x4 /usr/lib/gcc/arm-none-eabi/9.2.1/thumb/v7e-m+fp/hard/crtbegin.o
                0x0000000008007e6c                PROVIDE (__init_array_end = .)

.fini_array     0x0000000008007e6c        0x4
                0x0000000008007e6c                PROVIDE (__fini_array_start = .)
 *(SORT_BY_NAME(.fini_array.*))
 *(.fini_array*)
 .fini_array    0x0000000008007e6c        0x4 /usr/lib/gcc/arm-none-eabi/9.2.1/thumb/v7e-m+fp/hard/crtbegin.o
                0x0000000008007e70                PROVIDE (__fini_array_end = .)
                0x0000000008007e70                _sidata = LOADADDR (.data)

.data           0x0000000020000000       0x74 load address 0x0000000008007e70
                0x0000000020000000                . = ALIGN (0x4)
                0x0000000020000000                _sdata = .
 *(.data)
 .data          0x0000000020000000       0x64 /usr/lib/gcc/arm-none-eabi/9.2.1/../../../arm-none-eabi/lib/thumb/v7e-m+fp/hard/libc_nano.a(lib_a-impure.o)
                0x0000000020000000                _impure_ptr
 *(.data*)
 .data.FIH_FAILURE
                0x0000000020000064        0x4 /mnt/d/Marcelo/bitbucket/mcuboot/mcuboot/boot/bootutil/src/fault_injection_hardening.o
                0x0000000020000064                FIH_FAILURE
 .data.SystemCoreClock
                0x0000000020000068        0x4 hal/Core/Src/system_stm32g4xx.o
                0x0000000020000068                SystemCoreClock
 .data.uwTickPrio
                0x000000002000006c        0x4 hal/Drivers/STM32G4xx_HAL_Driver/Src/stm32g4xx_hal.o
                0x000000002000006c                uwTickPrio
 .data.uwTickFreq
                0x0000000020000070        0x4 hal/Drivers/STM32G4xx_HAL_Driver/Src/stm32g4xx_hal.o
                0x0000000020000070                uwTickFreq
                0x0000000020000074                . = ALIGN (0x4)
                0x0000000020000074                _edata = .

.tm_clone_table
                0x0000000020000074        0x0 load address 0x0000000008007ee4
 .tm_clone_table
                0x0000000020000074        0x0 /usr/lib/gcc/arm-none-eabi/9.2.1/thumb/v7e-m+fp/hard/crtbegin.o
 .tm_clone_table
                0x0000000020000074        0x0 /usr/lib/gcc/arm-none-eabi/9.2.1/thumb/v7e-m+fp/hard/crtend.o

.igot.plt       0x0000000020000074        0x0 load address 0x0000000008007ee4
 .igot.plt      0x0000000020000074        0x0 /usr/lib/gcc/arm-none-eabi/9.2.1/thumb/v7e-m+fp/hard/crtbegin.o
                0x0000000020000074                . = ALIGN (0x4)

.bss            0x0000000020000074      0x87c load address 0x0000000008007ee4
                0x0000000020000074                _sbss = .
                0x0000000020000074                __bss_start__ = _sbss
 *(.bss)
 .bss           0x0000000020000074       0x1c /usr/lib/gcc/arm-none-eabi/9.2.1/thumb/v7e-m+fp/hard/crtbegin.o
 .bss           0x0000000020000090        0x8 /usr/lib/gcc/arm-none-eabi/9.2.1/../../../arm-none-eabi/lib/thumb/v7e-m+fp/hard/libc_nano.a(lib_a-nano-mallocr.o)
                0x0000000020000090                __malloc_free_list
                0x0000000020000094                __malloc_sbrk_start
 *(.bss*)
 .bss.FIH_SUCCESS
                0x0000000020000098        0x4 /mnt/d/Marcelo/bitbucket/mcuboot/mcuboot/boot/bootutil/src/fault_injection_hardening.o
                0x0000000020000098                FIH_SUCCESS
 .bss.boot_data
                0x000000002000009c       0x6c /mnt/d/Marcelo/bitbucket/mcuboot/mcuboot/boot/bootutil/src/loader.o
 .bss.tmpbuf.7077
                0x0000000020000108      0x100 /mnt/d/Marcelo/bitbucket/mcuboot/mcuboot/boot/bootutil/src/loader.o
 .bss.buf.7148  0x0000000020000208      0x400 /mnt/d/Marcelo/bitbucket/mcuboot/mcuboot/boot/bootutil/src/loader.o
 .bss.primary_slot_sectors.7201
                0x0000000020000608       0xc0 /mnt/d/Marcelo/bitbucket/mcuboot/mcuboot/boot/bootutil/src/loader.o
 .bss.secondary_slot_sectors.7202
                0x00000000200006c8       0xc0 /mnt/d/Marcelo/bitbucket/mcuboot/mcuboot/boot/bootutil/src/loader.o
 .bss.scratch_sectors.7203
                0x0000000020000788       0xc0 /mnt/d/Marcelo/bitbucket/mcuboot/mcuboot/boot/bootutil/src/loader.o
 .bss.boot_status_fails
                0x0000000020000848        0x4 /mnt/d/Marcelo/bitbucket/mcuboot/mcuboot/boot/bootutil/src/swap_scratch.o
                0x0000000020000848                boot_status_fails
 .bss.rsp.6506  0x000000002000084c        0xc mcuboot_main.o
 *(COMMON)
 COMMON         0x0000000020000858       0x90 hal/Core/Src/main.o
                0x0000000020000858                huart2
 COMMON         0x00000000200008e8        0x4 hal/Drivers/STM32G4xx_HAL_Driver/Src/stm32g4xx_hal.o
                0x00000000200008e8                uwTick
 COMMON         0x00000000200008ec        0x4 /usr/lib/gcc/arm-none-eabi/9.2.1/../../../arm-none-eabi/lib/thumb/v7e-m+fp/hard/libc_nano.a(lib_a-reent.o)
                0x00000000200008ec                errno
                0x00000000200008f0                . = ALIGN (0x4)
                0x00000000200008f0                _ebss = .
                0x00000000200008f0                __bss_end__ = _ebss

._user_heap_stack
                0x00000000200008f0      0x600 load address 0x0000000008007ee4
                0x00000000200008f0                . = ALIGN (0x8)
                [!provide]                        PROVIDE (end = .)
                [!provide]                        PROVIDE (_end = .)
                0x0000000020000af0                . = (. + _Min_Heap_Size)
 *fill*         0x00000000200008f0      0x200 
                0x0000000020000ef0                . = (. + _Min_Stack_Size)
 *fill*         0x0000000020000af0      0x400 
                0x0000000020000ef0                . = ALIGN (0x8)

/DISCARD/
 libc.a(*)
 libm.a(*)
 libgcc.a(*)

.ARM.attributes
                0x0000000000000000       0x30
 *(.ARM.attributes)
 .ARM.attributes
                0x0000000000000000       0x1e /usr/lib/gcc/arm-none-eabi/9.2.1/thumb/v7e-m+fp/hard/crti.o
 .ARM.attributes
                0x000000000000001e       0x34 /usr/lib/gcc/arm-none-eabi/9.2.1/thumb/v7e-m+fp/hard/crtbegin.o
 .ARM.attributes
                0x0000000000000052       0x32 /usr/lib/gcc/arm-none-eabi/9.2.1/../../../arm-none-eabi/lib/thumb/v7e-m+fp/hard/libc_nano.a(lib_a-impure.o)
 .ARM.attributes
                0x0000000000000084       0x34 /usr/lib/gcc/arm-none-eabi/9.2.1/../../../arm-none-eabi/lib/thumb/v7e-m+fp/hard/libc_nano.a(lib_a-init.o)
 .ARM.attributes
                0x00000000000000b8       0x34 /usr/lib/gcc/arm-none-eabi/9.2.1/../../../arm-none-eabi/lib/thumb/v7e-m+fp/hard/libc_nano.a(lib_a-memset.o)
 .ARM.attributes
                0x00000000000000ec       0x34 /usr/lib/gcc/arm-none-eabi/9.2.1/../../../arm-none-eabi/lib/thumb/v7e-m+fp/hard/libnosys.a(_exit.o)
 .ARM.attributes
                0x0000000000000120       0x34 /mnt/d/Marcelo/bitbucket/mcuboot/mcuboot/boot/bootutil/src/bootutil_misc.o
 .ARM.attributes
                0x0000000000000154       0x34 /mnt/d/Marcelo/bitbucket/mcuboot/mcuboot/boot/bootutil/src/bootutil_public.o
 .ARM.attributes
                0x0000000000000188       0x39 /mnt/d/Marcelo/bitbucket/mcuboot/mcuboot/boot/bootutil/src/fault_injection_hardening.o
 .ARM.attributes
                0x00000000000001c1       0x34 /mnt/d/Marcelo/bitbucket/mcuboot/mcuboot/boot/bootutil/src/image_ec256.o
 .ARM.attributes
                0x00000000000001f5       0x34 /mnt/d/Marcelo/bitbucket/mcuboot/mcuboot/boot/bootutil/src/image_validate.o
 .ARM.attributes
                0x0000000000000229       0x34 /mnt/d/Marcelo/bitbucket/mcuboot/mcuboot/boot/bootutil/src/loader.o
 .ARM.attributes
                0x000000000000025d       0x34 /mnt/d/Marcelo/bitbucket/mcuboot/mcuboot/boot/bootutil/src/swap_misc.o
 .ARM.attributes
                0x0000000000000291       0x34 /mnt/d/Marcelo/bitbucket/mcuboot/mcuboot/boot/bootutil/src/swap_scratch.o
 .ARM.attributes
                0x00000000000002c5       0x34 /mnt/d/Marcelo/bitbucket/mcuboot/mcuboot/boot/bootutil/src/tlv.o
 .ARM.attributes
                0x00000000000002f9       0x34 mcuboot_main.o
 .ARM.attributes
                0x000000000000032d       0x34 hal/Core/Src/main.o
 .ARM.attributes
                0x0000000000000361       0x34 hal/Core/Src/stm32g4xx_it.o
 .ARM.attributes
                0x0000000000000395       0x34 hal/Core/Src/stm32g4xx_hal_msp.o
 .ARM.attributes
                0x00000000000003c9       0x34 hal/Core/Src/system_stm32g4xx.o
 .ARM.attributes
                0x00000000000003fd       0x21 hal/startup_stm32g431xx.o
 .ARM.attributes
                0x000000000000041e       0x34 hal/Drivers/STM32G4xx_HAL_Driver/Src/stm32g4xx_hal_pwr_ex.o
 .ARM.attributes
                0x0000000000000452       0x34 hal/Drivers/STM32G4xx_HAL_Driver/Src/stm32g4xx_hal_uart.o
 .ARM.attributes
                0x0000000000000486       0x34 hal/Drivers/STM32G4xx_HAL_Driver/Src/stm32g4xx_hal_uart_ex.o
 .ARM.attributes
                0x00000000000004ba       0x34 hal/Drivers/STM32G4xx_HAL_Driver/Src/stm32g4xx_hal.o
 .ARM.attributes
                0x00000000000004ee       0x34 hal/Drivers/STM32G4xx_HAL_Driver/Src/stm32g4xx_hal_rcc.o
 .ARM.attributes
                0x0000000000000522       0x34 hal/Drivers/STM32G4xx_HAL_Driver/Src/stm32g4xx_hal_rcc_ex.o
 .ARM.attributes
                0x0000000000000556       0x34 hal/Drivers/STM32G4xx_HAL_Driver/Src/stm32g4xx_hal_gpio.o
 .ARM.attributes
                0x000000000000058a       0x34 hal/Drivers/STM32G4xx_HAL_Driver/Src/stm32g4xx_hal_cortex.o
 .ARM.attributes
                0x00000000000005be       0x1e /usr/lib/gcc/arm-none-eabi/9.2.1/thumb/v7e-m+fp/hard/libgcc.a(_aeabi_uldivmod.o)
 .ARM.attributes
                0x00000000000005dc       0x34 /usr/lib/gcc/arm-none-eabi/9.2.1/thumb/v7e-m+fp/hard/libgcc.a(_udivmoddi4.o)
 .ARM.attributes
                0x0000000000000610       0x1e /usr/lib/gcc/arm-none-eabi/9.2.1/thumb/v7e-m+fp/hard/libgcc.a(_dvmd_tls.o)
 .ARM.attributes
                0x000000000000062e       0x34 /usr/lib/gcc/arm-none-eabi/9.2.1/../../../arm-none-eabi/lib/thumb/v7e-m+fp/hard/libc_nano.a(lib_a-assert.o)
 .ARM.attributes
                0x0000000000000662       0x34 /usr/lib/gcc/arm-none-eabi/9.2.1/../../../arm-none-eabi/lib/thumb/v7e-m+fp/hard/libc_nano.a(lib_a-fprintf.o)
 .ARM.attributes
                0x0000000000000696       0x34 /usr/lib/gcc/arm-none-eabi/9.2.1/../../../arm-none-eabi/lib/thumb/v7e-m+fp/hard/libc_nano.a(lib_a-memcmp.o)
 .ARM.attributes
                0x00000000000006ca       0x1c /usr/lib/gcc/arm-none-eabi/9.2.1/../../../arm-none-eabi/lib/thumb/v7e-m+fp/hard/libc_nano.a(lib_a-memcpy.o)
 .ARM.attributes
                0x00000000000006e6       0x34 /usr/lib/gcc/arm-none-eabi/9.2.1/../../../arm-none-eabi/lib/thumb/v7e-m+fp/hard/libc_nano.a(lib_a-nano-freer.o)
 .ARM.attributes
                0x000000000000071a       0x34 /usr/lib/gcc/arm-none-eabi/9.2.1/../../../arm-none-eabi/lib/thumb/v7e-m+fp/hard/libc_nano.a(lib_a-nano-mallocr.o)
 .ARM.attributes
                0x000000000000074e       0x34 /usr/lib/gcc/arm-none-eabi/9.2.1/../../../arm-none-eabi/lib/thumb/v7e-m+fp/hard/libc_nano.a(lib_a-nano-vfprintf.o)
 .ARM.attributes
                0x0000000000000782       0x34 /usr/lib/gcc/arm-none-eabi/9.2.1/../../../arm-none-eabi/lib/thumb/v7e-m+fp/hard/libc_nano.a(lib_a-nano-vfprintf_i.o)
 .ARM.attributes
                0x00000000000007b6       0x34 /usr/lib/gcc/arm-none-eabi/9.2.1/../../../arm-none-eabi/lib/thumb/v7e-m+fp/hard/libc_nano.a(lib_a-printf.o)
 .ARM.attributes
                0x00000000000007ea       0x34 /usr/lib/gcc/arm-none-eabi/9.2.1/../../../arm-none-eabi/lib/thumb/v7e-m+fp/hard/libc_nano.a(lib_a-sbrkr.o)
 .ARM.attributes
                0x000000000000081e       0x34 /usr/lib/gcc/arm-none-eabi/9.2.1/../../../arm-none-eabi/lib/thumb/v7e-m+fp/hard/libc_nano.a(lib_a-wbuf.o)
 .ARM.attributes
                0x0000000000000852       0x34 /usr/lib/gcc/arm-none-eabi/9.2.1/../../../arm-none-eabi/lib/thumb/v7e-m+fp/hard/libc_nano.a(lib_a-wsetup.o)
 .ARM.attributes
                0x0000000000000886       0x34 /usr/lib/gcc/arm-none-eabi/9.2.1/../../../arm-none-eabi/lib/thumb/v7e-m+fp/hard/libc_nano.a(lib_a-abort.o)
 .ARM.attributes
                0x00000000000008ba       0x34 /usr/lib/gcc/arm-none-eabi/9.2.1/../../../arm-none-eabi/lib/thumb/v7e-m+fp/hard/libc_nano.a(lib_a-fflush.o)
 .ARM.attributes
                0x00000000000008ee       0x34 /usr/lib/gcc/arm-none-eabi/9.2.1/../../../arm-none-eabi/lib/thumb/v7e-m+fp/hard/libc_nano.a(lib_a-findfp.o)
 .ARM.attributes
                0x0000000000000922       0x34 /usr/lib/gcc/arm-none-eabi/9.2.1/../../../arm-none-eabi/lib/thumb/v7e-m+fp/hard/libc_nano.a(lib_a-fvwrite.o)
 .ARM.attributes
                0x0000000000000956       0x34 /usr/lib/gcc/arm-none-eabi/9.2.1/../../../arm-none-eabi/lib/thumb/v7e-m+fp/hard/libc_nano.a(lib_a-fwalk.o)
 .ARM.attributes
                0x000000000000098a       0x34 /usr/lib/gcc/arm-none-eabi/9.2.1/../../../arm-none-eabi/lib/thumb/v7e-m+fp/hard/libc_nano.a(lib_a-makebuf.o)
 .ARM.attributes
                0x00000000000009be       0x1c /usr/lib/gcc/arm-none-eabi/9.2.1/../../../arm-none-eabi/lib/thumb/v7e-m+fp/hard/libc_nano.a(lib_a-memchr.o)
 .ARM.attributes
                0x00000000000009da       0x34 /usr/lib/gcc/arm-none-eabi/9.2.1/../../../arm-none-eabi/lib/thumb/v7e-m+fp/hard/libc_nano.a(lib_a-memmove.o)
 .ARM.attributes
                0x0000000000000a0e       0x34 /usr/lib/gcc/arm-none-eabi/9.2.1/../../../arm-none-eabi/lib/thumb/v7e-m+fp/hard/libc_nano.a(lib_a-mlock.o)
 .ARM.attributes
                0x0000000000000a42       0x34 /usr/lib/gcc/arm-none-eabi/9.2.1/../../../arm-none-eabi/lib/thumb/v7e-m+fp/hard/libc_nano.a(lib_a-nano-reallocr.o)
 .ARM.attributes
                0x0000000000000a76       0x34 /usr/lib/gcc/arm-none-eabi/9.2.1/../../../arm-none-eabi/lib/thumb/v7e-m+fp/hard/libc_nano.a(lib_a-reent.o)
 .ARM.attributes
                0x0000000000000aaa       0x34 /usr/lib/gcc/arm-none-eabi/9.2.1/../../../arm-none-eabi/lib/thumb/v7e-m+fp/hard/libc_nano.a(lib_a-signal.o)
 .ARM.attributes
                0x0000000000000ade       0x34 /usr/lib/gcc/arm-none-eabi/9.2.1/../../../arm-none-eabi/lib/thumb/v7e-m+fp/hard/libc_nano.a(lib_a-signalr.o)
 .ARM.attributes
                0x0000000000000b12       0x34 /usr/lib/gcc/arm-none-eabi/9.2.1/../../../arm-none-eabi/lib/thumb/v7e-m+fp/hard/libc_nano.a(lib_a-stdio.o)
 .ARM.attributes
                0x0000000000000b46       0x34 /usr/lib/gcc/arm-none-eabi/9.2.1/../../../arm-none-eabi/lib/thumb/v7e-m+fp/hard/libc_nano.a(lib_a-writer.o)
 .ARM.attributes
                0x0000000000000b7a       0x34 /usr/lib/gcc/arm-none-eabi/9.2.1/../../../arm-none-eabi/lib/thumb/v7e-m+fp/hard/libc_nano.a(lib_a-closer.o)
 .ARM.attributes
                0x0000000000000bae       0x34 /usr/lib/gcc/arm-none-eabi/9.2.1/../../../arm-none-eabi/lib/thumb/v7e-m+fp/hard/libc_nano.a(lib_a-fstatr.o)
 .ARM.attributes
                0x0000000000000be2       0x34 /usr/lib/gcc/arm-none-eabi/9.2.1/../../../arm-none-eabi/lib/thumb/v7e-m+fp/hard/libc_nano.a(lib_a-isattyr.o)
 .ARM.attributes
                0x0000000000000c16       0x34 /usr/lib/gcc/arm-none-eabi/9.2.1/../../../arm-none-eabi/lib/thumb/v7e-m+fp/hard/libc_nano.a(lib_a-lseekr.o)
 .ARM.attributes
                0x0000000000000c4a       0x34 /usr/lib/gcc/arm-none-eabi/9.2.1/../../../arm-none-eabi/lib/thumb/v7e-m+fp/hard/libc_nano.a(lib_a-nano-msizer.o)
 .ARM.attributes
                0x0000000000000c7e       0x34 /usr/lib/gcc/arm-none-eabi/9.2.1/../../../arm-none-eabi/lib/thumb/v7e-m+fp/hard/libc_nano.a(lib_a-readr.o)
 .ARM.attributes
                0x0000000000000cb2       0x32 /usr/lib/gcc/arm-none-eabi/9.2.1/thumb/v7e-m+fp/hard/crtend.o
 .ARM.attributes
                0x0000000000000ce4       0x1e /usr/lib/gcc/arm-none-eabi/9.2.1/thumb/v7e-m+fp/hard/crtn.o
OUTPUT(mcuboot_firmware.elf elf32-littlearm)
LOAD linker stubs
LOAD /usr/lib/gcc/arm-none-eabi/9.2.1/../../../arm-none-eabi/lib/thumb/v7e-m+fp/hard/libc.a
LOAD /usr/lib/gcc/arm-none-eabi/9.2.1/../../../arm-none-eabi/lib/thumb/v7e-m+fp/hard/libm.a
LOAD /usr/lib/gcc/arm-none-eabi/9.2.1/thumb/v7e-m+fp/hard/libgcc.a

.comment        0x0000000000000000       0xa7
 .comment       0x0000000000000000       0x59 /usr/lib/gcc/arm-none-eabi/9.2.1/thumb/v7e-m+fp/hard/crtbegin.o
                                         0x5a (size before relaxing)
 .comment       0x0000000000000059       0x4e /usr/lib/gcc/arm-none-eabi/9.2.1/../../../arm-none-eabi/lib/thumb/v7e-m+fp/hard/libc_nano.a(lib_a-impure.o)
                                         0x4f (size before relaxing)
 .comment       0x00000000000000a7       0x4f /usr/lib/gcc/arm-none-eabi/9.2.1/../../../arm-none-eabi/lib/thumb/v7e-m+fp/hard/libc_nano.a(lib_a-init.o)
 .comment       0x00000000000000a7       0x4f /usr/lib/gcc/arm-none-eabi/9.2.1/../../../arm-none-eabi/lib/thumb/v7e-m+fp/hard/libc_nano.a(lib_a-memset.o)
 .comment       0x00000000000000a7       0x4f /usr/lib/gcc/arm-none-eabi/9.2.1/../../../arm-none-eabi/lib/thumb/v7e-m+fp/hard/libnosys.a(_exit.o)
 .comment       0x00000000000000a7       0x5a /mnt/d/Marcelo/bitbucket/mcuboot/mcuboot/boot/bootutil/src/bootutil_misc.o
 .comment       0x00000000000000a7       0x5a /mnt/d/Marcelo/bitbucket/mcuboot/mcuboot/boot/bootutil/src/bootutil_public.o
 .comment       0x00000000000000a7       0x5a /mnt/d/Marcelo/bitbucket/mcuboot/mcuboot/boot/bootutil/src/fault_injection_hardening.o
 .comment       0x00000000000000a7       0x5a /mnt/d/Marcelo/bitbucket/mcuboot/mcuboot/boot/bootutil/src/image_ec256.o
 .comment       0x00000000000000a7       0x5a /mnt/d/Marcelo/bitbucket/mcuboot/mcuboot/boot/bootutil/src/image_validate.o
 .comment       0x00000000000000a7       0x5a /mnt/d/Marcelo/bitbucket/mcuboot/mcuboot/boot/bootutil/src/loader.o
 .comment       0x00000000000000a7       0x5a /mnt/d/Marcelo/bitbucket/mcuboot/mcuboot/boot/bootutil/src/swap_misc.o
 .comment       0x00000000000000a7       0x5a /mnt/d/Marcelo/bitbucket/mcuboot/mcuboot/boot/bootutil/src/swap_scratch.o
 .comment       0x00000000000000a7       0x5a /mnt/d/Marcelo/bitbucket/mcuboot/mcuboot/boot/bootutil/src/tlv.o
 .comment       0x00000000000000a7       0x5a mcuboot_main.o
 .comment       0x00000000000000a7       0x5a hal/Core/Src/main.o
 .comment       0x00000000000000a7       0x5a hal/Core/Src/stm32g4xx_it.o
 .comment       0x00000000000000a7       0x5a hal/Core/Src/stm32g4xx_hal_msp.o
 .comment       0x00000000000000a7       0x5a hal/Core/Src/system_stm32g4xx.o
 .comment       0x00000000000000a7       0x5a hal/Drivers/STM32G4xx_HAL_Driver/Src/stm32g4xx_hal_pwr_ex.o
 .comment       0x00000000000000a7       0x5a hal/Drivers/STM32G4xx_HAL_Driver/Src/stm32g4xx_hal_uart.o
 .comment       0x00000000000000a7       0x5a hal/Drivers/STM32G4xx_HAL_Driver/Src/stm32g4xx_hal_uart_ex.o
 .comment       0x00000000000000a7       0x5a hal/Drivers/STM32G4xx_HAL_Driver/Src/stm32g4xx_hal.o
 .comment       0x00000000000000a7       0x5a hal/Drivers/STM32G4xx_HAL_Driver/Src/stm32g4xx_hal_rcc.o
 .comment       0x00000000000000a7       0x5a hal/Drivers/STM32G4xx_HAL_Driver/Src/stm32g4xx_hal_rcc_ex.o
 .comment       0x00000000000000a7       0x5a hal/Drivers/STM32G4xx_HAL_Driver/Src/stm32g4xx_hal_gpio.o
 .comment       0x00000000000000a7       0x5a hal/Drivers/STM32G4xx_HAL_Driver/Src/stm32g4xx_hal_cortex.o
 .comment       0x00000000000000a7       0x5a /usr/lib/gcc/arm-none-eabi/9.2.1/thumb/v7e-m+fp/hard/libgcc.a(_udivmoddi4.o)
 .comment       0x00000000000000a7       0x4f /usr/lib/gcc/arm-none-eabi/9.2.1/../../../arm-none-eabi/lib/thumb/v7e-m+fp/hard/libc_nano.a(lib_a-assert.o)
 .comment       0x00000000000000a7       0x4f /usr/lib/gcc/arm-none-eabi/9.2.1/../../../arm-none-eabi/lib/thumb/v7e-m+fp/hard/libc_nano.a(lib_a-fprintf.o)
 .comment       0x00000000000000a7       0x4f /usr/lib/gcc/arm-none-eabi/9.2.1/../../../arm-none-eabi/lib/thumb/v7e-m+fp/hard/libc_nano.a(lib_a-memcmp.o)
 .comment       0x00000000000000a7       0x4f /usr/lib/gcc/arm-none-eabi/9.2.1/../../../arm-none-eabi/lib/thumb/v7e-m+fp/hard/libc_nano.a(lib_a-nano-freer.o)
 .comment       0x00000000000000a7       0x4f /usr/lib/gcc/arm-none-eabi/9.2.1/../../../arm-none-eabi/lib/thumb/v7e-m+fp/hard/libc_nano.a(lib_a-nano-mallocr.o)
 .comment       0x00000000000000a7       0x4f /usr/lib/gcc/arm-none-eabi/9.2.1/../../../arm-none-eabi/lib/thumb/v7e-m+fp/hard/libc_nano.a(lib_a-nano-vfprintf.o)
 .comment       0x00000000000000a7       0x4f /usr/lib/gcc/arm-none-eabi/9.2.1/../../../arm-none-eabi/lib/thumb/v7e-m+fp/hard/libc_nano.a(lib_a-nano-vfprintf_i.o)
 .comment       0x00000000000000a7       0x4f /usr/lib/gcc/arm-none-eabi/9.2.1/../../../arm-none-eabi/lib/thumb/v7e-m+fp/hard/libc_nano.a(lib_a-printf.o)
 .comment       0x00000000000000a7       0x4f /usr/lib/gcc/arm-none-eabi/9.2.1/../../../arm-none-eabi/lib/thumb/v7e-m+fp/hard/libc_nano.a(lib_a-sbrkr.o)
 .comment       0x00000000000000a7       0x4f /usr/lib/gcc/arm-none-eabi/9.2.1/../../../arm-none-eabi/lib/thumb/v7e-m+fp/hard/libc_nano.a(lib_a-wbuf.o)
 .comment       0x00000000000000a7       0x4f /usr/lib/gcc/arm-none-eabi/9.2.1/../../../arm-none-eabi/lib/thumb/v7e-m+fp/hard/libc_nano.a(lib_a-wsetup.o)
 .comment       0x00000000000000a7       0x4f /usr/lib/gcc/arm-none-eabi/9.2.1/../../../arm-none-eabi/lib/thumb/v7e-m+fp/hard/libc_nano.a(lib_a-abort.o)
 .comment       0x00000000000000a7       0x4f /usr/lib/gcc/arm-none-eabi/9.2.1/../../../arm-none-eabi/lib/thumb/v7e-m+fp/hard/libc_nano.a(lib_a-fflush.o)
 .comment       0x00000000000000a7       0x4f /usr/lib/gcc/arm-none-eabi/9.2.1/../../../arm-none-eabi/lib/thumb/v7e-m+fp/hard/libc_nano.a(lib_a-findfp.o)
 .comment       0x00000000000000a7       0x4f /usr/lib/gcc/arm-none-eabi/9.2.1/../../../arm-none-eabi/lib/thumb/v7e-m+fp/hard/libc_nano.a(lib_a-fvwrite.o)
 .comment       0x00000000000000a7       0x4f /usr/lib/gcc/arm-none-eabi/9.2.1/../../../arm-none-eabi/lib/thumb/v7e-m+fp/hard/libc_nano.a(lib_a-fwalk.o)
 .comment       0x00000000000000a7       0x4f /usr/lib/gcc/arm-none-eabi/9.2.1/../../../arm-none-eabi/lib/thumb/v7e-m+fp/hard/libc_nano.a(lib_a-makebuf.o)
 .comment       0x00000000000000a7       0x4f /usr/lib/gcc/arm-none-eabi/9.2.1/../../../arm-none-eabi/lib/thumb/v7e-m+fp/hard/libc_nano.a(lib_a-memmove.o)
 .comment       0x00000000000000a7       0x4f /usr/lib/gcc/arm-none-eabi/9.2.1/../../../arm-none-eabi/lib/thumb/v7e-m+fp/hard/libc_nano.a(lib_a-mlock.o)
 .comment       0x00000000000000a7       0x4f /usr/lib/gcc/arm-none-eabi/9.2.1/../../../arm-none-eabi/lib/thumb/v7e-m+fp/hard/libc_nano.a(lib_a-nano-reallocr.o)
 .comment       0x00000000000000a7       0x4f /usr/lib/gcc/arm-none-eabi/9.2.1/../../../arm-none-eabi/lib/thumb/v7e-m+fp/hard/libc_nano.a(lib_a-reent.o)
 .comment       0x00000000000000a7       0x4f /usr/lib/gcc/arm-none-eabi/9.2.1/../../../arm-none-eabi/lib/thumb/v7e-m+fp/hard/libc_nano.a(lib_a-signal.o)
 .comment       0x00000000000000a7       0x4f /usr/lib/gcc/arm-none-eabi/9.2.1/../../../arm-none-eabi/lib/thumb/v7e-m+fp/hard/libc_nano.a(lib_a-signalr.o)
 .comment       0x00000000000000a7       0x4f /usr/lib/gcc/arm-none-eabi/9.2.1/../../../arm-none-eabi/lib/thumb/v7e-m+fp/hard/libc_nano.a(lib_a-stdio.o)
 .comment       0x00000000000000a7       0x4f /usr/lib/gcc/arm-none-eabi/9.2.1/../../../arm-none-eabi/lib/thumb/v7e-m+fp/hard/libc_nano.a(lib_a-writer.o)
 .comment       0x00000000000000a7       0x4f /usr/lib/gcc/arm-none-eabi/9.2.1/../../../arm-none-eabi/lib/thumb/v7e-m+fp/hard/libc_nano.a(lib_a-closer.o)
 .comment       0x00000000000000a7       0x4f /usr/lib/gcc/arm-none-eabi/9.2.1/../../../arm-none-eabi/lib/thumb/v7e-m+fp/hard/libc_nano.a(lib_a-fstatr.o)
 .comment       0x00000000000000a7       0x4f /usr/lib/gcc/arm-none-eabi/9.2.1/../../../arm-none-eabi/lib/thumb/v7e-m+fp/hard/libc_nano.a(lib_a-isattyr.o)
 .comment       0x00000000000000a7       0x4f /usr/lib/gcc/arm-none-eabi/9.2.1/../../../arm-none-eabi/lib/thumb/v7e-m+fp/hard/libc_nano.a(lib_a-lseekr.o)
 .comment       0x00000000000000a7       0x4f /usr/lib/gcc/arm-none-eabi/9.2.1/../../../arm-none-eabi/lib/thumb/v7e-m+fp/hard/libc_nano.a(lib_a-nano-msizer.o)
 .comment       0x00000000000000a7       0x4f /usr/lib/gcc/arm-none-eabi/9.2.1/../../../arm-none-eabi/lib/thumb/v7e-m+fp/hard/libc_nano.a(lib_a-readr.o)
 .comment       0x00000000000000a7       0x5a /usr/lib/gcc/arm-none-eabi/9.2.1/thumb/v7e-m+fp/hard/crtend.o

.debug_info     0x0000000000000000    0x2e6d7
 .debug_info    0x0000000000000000      0x92a /usr/lib/gcc/arm-none-eabi/9.2.1/../../../arm-none-eabi/lib/thumb/v7e-m+fp/hard/libc_nano.a(lib_a-impure.o)
 .debug_info    0x000000000000092a      0x11a /usr/lib/gcc/arm-none-eabi/9.2.1/../../../arm-none-eabi/lib/thumb/v7e-m+fp/hard/libc_nano.a(lib_a-init.o)
 .debug_info    0x0000000000000a44      0xf21 /usr/lib/gcc/arm-none-eabi/9.2.1/../../../arm-none-eabi/lib/thumb/v7e-m+fp/hard/libc_nano.a(lib_a-memset.o)
 .debug_info    0x0000000000001965       0xa3 /usr/lib/gcc/arm-none-eabi/9.2.1/../../../arm-none-eabi/lib/thumb/v7e-m+fp/hard/libnosys.a(_exit.o)
 .debug_info    0x0000000000001a08      0xdcb /mnt/d/Marcelo/bitbucket/mcuboot/mcuboot/boot/bootutil/src/bootutil_misc.o
 .debug_info    0x00000000000027d3     0x128c /mnt/d/Marcelo/bitbucket/mcuboot/mcuboot/boot/bootutil/src/bootutil_public.o
 .debug_info    0x0000000000003a5f       0x65 /mnt/d/Marcelo/bitbucket/mcuboot/mcuboot/boot/bootutil/src/fault_injection_hardening.o
 .debug_info    0x0000000000003ac4      0xed4 /mnt/d/Marcelo/bitbucket/mcuboot/mcuboot/boot/bootutil/src/image_ec256.o
 .debug_info    0x0000000000004998     0x112e /mnt/d/Marcelo/bitbucket/mcuboot/mcuboot/boot/bootutil/src/image_validate.o
 .debug_info    0x0000000000005ac6     0x1e50 /mnt/d/Marcelo/bitbucket/mcuboot/mcuboot/boot/bootutil/src/loader.o
 .debug_info    0x0000000000007916     0x109f /mnt/d/Marcelo/bitbucket/mcuboot/mcuboot/boot/bootutil/src/swap_misc.o
 .debug_info    0x00000000000089b5     0x1432 /mnt/d/Marcelo/bitbucket/mcuboot/mcuboot/boot/bootutil/src/swap_scratch.o
 .debug_info    0x0000000000009de7      0xc59 /mnt/d/Marcelo/bitbucket/mcuboot/mcuboot/boot/bootutil/src/tlv.o
 .debug_info    0x000000000000aa40      0xada mcuboot_main.o
 .debug_info    0x000000000000b51a      0xed0 hal/Core/Src/main.o
 .debug_info    0x000000000000c3ea      0x325 hal/Core/Src/stm32g4xx_it.o
 .debug_info    0x000000000000c70f      0xd56 hal/Core/Src/stm32g4xx_hal_msp.o
 .debug_info    0x000000000000d465      0x723 hal/Core/Src/system_stm32g4xx.o
 .debug_info    0x000000000000db88       0x22 hal/startup_stm32g431xx.o
 .debug_info    0x000000000000dbaa      0xb45 hal/Drivers/STM32G4xx_HAL_Driver/Src/stm32g4xx_hal_pwr_ex.o
 .debug_info    0x000000000000e6ef     0x1d6e hal/Drivers/STM32G4xx_HAL_Driver/Src/stm32g4xx_hal_uart.o
 .debug_info    0x000000000001045d      0xeba hal/Drivers/STM32G4xx_HAL_Driver/Src/stm32g4xx_hal_uart_ex.o
 .debug_info    0x0000000000011317      0xc4e hal/Drivers/STM32G4xx_HAL_Driver/Src/stm32g4xx_hal.o
 .debug_info    0x0000000000011f65      0xd6c hal/Drivers/STM32G4xx_HAL_Driver/Src/stm32g4xx_hal_rcc.o
 .debug_info    0x0000000000012cd1      0xe6b hal/Drivers/STM32G4xx_HAL_Driver/Src/stm32g4xx_hal_rcc_ex.o
 .debug_info    0x0000000000013b3c      0xa06 hal/Drivers/STM32G4xx_HAL_Driver/Src/stm32g4xx_hal_gpio.o
 .debug_info    0x0000000000014542      0xf83 hal/Drivers/STM32G4xx_HAL_Driver/Src/stm32g4xx_hal_cortex.o
 .debug_info    0x00000000000154c5       0x26 /usr/lib/gcc/arm-none-eabi/9.2.1/thumb/v7e-m+fp/hard/libgcc.a(_aeabi_uldivmod.o)
 .debug_info    0x00000000000154eb      0xd7c /usr/lib/gcc/arm-none-eabi/9.2.1/thumb/v7e-m+fp/hard/libgcc.a(_udivmoddi4.o)
 .debug_info    0x0000000000016267       0x26 /usr/lib/gcc/arm-none-eabi/9.2.1/thumb/v7e-m+fp/hard/libgcc.a(_dvmd_tls.o)
 .debug_info    0x000000000001628d      0xa41 /usr/lib/gcc/arm-none-eabi/9.2.1/../../../arm-none-eabi/lib/thumb/v7e-m+fp/hard/libc_nano.a(lib_a-assert.o)
 .debug_info    0x0000000000016cce      0xa7a /usr/lib/gcc/arm-none-eabi/9.2.1/../../../arm-none-eabi/lib/thumb/v7e-m+fp/hard/libc_nano.a(lib_a-fprintf.o)
 .debug_info    0x0000000000017748      0x9c2 /usr/lib/gcc/arm-none-eabi/9.2.1/../../../arm-none-eabi/lib/thumb/v7e-m+fp/hard/libc_nano.a(lib_a-memcmp.o)
 .debug_info    0x000000000001810a       0x26 /usr/lib/gcc/arm-none-eabi/9.2.1/../../../arm-none-eabi/lib/thumb/v7e-m+fp/hard/libc_nano.a(lib_a-memcpy.o)
 .debug_info    0x0000000000018130      0xb85 /usr/lib/gcc/arm-none-eabi/9.2.1/../../../arm-none-eabi/lib/thumb/v7e-m+fp/hard/libc_nano.a(lib_a-nano-freer.o)
 .debug_info    0x0000000000018cb5      0xc5a /usr/lib/gcc/arm-none-eabi/9.2.1/../../../arm-none-eabi/lib/thumb/v7e-m+fp/hard/libc_nano.a(lib_a-nano-mallocr.o)
 .debug_info    0x000000000001990f     0x176a /usr/lib/gcc/arm-none-eabi/9.2.1/../../../arm-none-eabi/lib/thumb/v7e-m+fp/hard/libc_nano.a(lib_a-nano-vfprintf.o)
 .debug_info    0x000000000001b079     0x1592 /usr/lib/gcc/arm-none-eabi/9.2.1/../../../arm-none-eabi/lib/thumb/v7e-m+fp/hard/libc_nano.a(lib_a-nano-vfprintf_i.o)
 .debug_info    0x000000000001c60b      0xc67 /usr/lib/gcc/arm-none-eabi/9.2.1/../../../arm-none-eabi/lib/thumb/v7e-m+fp/hard/libc_nano.a(lib_a-printf.o)
 .debug_info    0x000000000001d272      0x9fb /usr/lib/gcc/arm-none-eabi/9.2.1/../../../arm-none-eabi/lib/thumb/v7e-m+fp/hard/libc_nano.a(lib_a-sbrkr.o)
 .debug_info    0x000000000001dc6d      0xc90 /usr/lib/gcc/arm-none-eabi/9.2.1/../../../arm-none-eabi/lib/thumb/v7e-m+fp/hard/libc_nano.a(lib_a-wbuf.o)
 .debug_info    0x000000000001e8fd      0xbfa /usr/lib/gcc/arm-none-eabi/9.2.1/../../../arm-none-eabi/lib/thumb/v7e-m+fp/hard/libc_nano.a(lib_a-wsetup.o)
 .debug_info    0x000000000001f4f7      0x9b5 /usr/lib/gcc/arm-none-eabi/9.2.1/../../../arm-none-eabi/lib/thumb/v7e-m+fp/hard/libc_nano.a(lib_a-abort.o)
 .debug_info    0x000000000001feac      0xd73 /usr/lib/gcc/arm-none-eabi/9.2.1/../../../arm-none-eabi/lib/thumb/v7e-m+fp/hard/libc_nano.a(lib_a-fflush.o)
 .debug_info    0x0000000000020c1f     0x11a8 /usr/lib/gcc/arm-none-eabi/9.2.1/../../../arm-none-eabi/lib/thumb/v7e-m+fp/hard/libc_nano.a(lib_a-findfp.o)
 .debug_info    0x0000000000021dc7      0xeed /usr/lib/gcc/arm-none-eabi/9.2.1/../../../arm-none-eabi/lib/thumb/v7e-m+fp/hard/libc_nano.a(lib_a-fvwrite.o)
 .debug_info    0x0000000000022cb4      0xca4 /usr/lib/gcc/arm-none-eabi/9.2.1/../../../arm-none-eabi/lib/thumb/v7e-m+fp/hard/libc_nano.a(lib_a-fwalk.o)
 .debug_info    0x0000000000023958      0xf68 /usr/lib/gcc/arm-none-eabi/9.2.1/../../../arm-none-eabi/lib/thumb/v7e-m+fp/hard/libc_nano.a(lib_a-makebuf.o)
 .debug_info    0x00000000000248c0       0x26 /usr/lib/gcc/arm-none-eabi/9.2.1/../../../arm-none-eabi/lib/thumb/v7e-m+fp/hard/libc_nano.a(lib_a-memchr.o)
 .debug_info    0x00000000000248e6      0xf2b /usr/lib/gcc/arm-none-eabi/9.2.1/../../../arm-none-eabi/lib/thumb/v7e-m+fp/hard/libc_nano.a(lib_a-memmove.o)
 .debug_info    0x0000000000025811      0x961 /usr/lib/gcc/arm-none-eabi/9.2.1/../../../arm-none-eabi/lib/thumb/v7e-m+fp/hard/libc_nano.a(lib_a-mlock.o)
 .debug_info    0x0000000000026172      0xb77 /usr/lib/gcc/arm-none-eabi/9.2.1/../../../arm-none-eabi/lib/thumb/v7e-m+fp/hard/libc_nano.a(lib_a-nano-reallocr.o)
 .debug_info    0x0000000000026ce9      0xb0f /usr/lib/gcc/arm-none-eabi/9.2.1/../../../arm-none-eabi/lib/thumb/v7e-m+fp/hard/libc_nano.a(lib_a-reent.o)
 .debug_info    0x00000000000277f8      0xd5c /usr/lib/gcc/arm-none-eabi/9.2.1/../../../arm-none-eabi/lib/thumb/v7e-m+fp/hard/libc_nano.a(lib_a-signal.o)
 .debug_info    0x0000000000028554      0xa44 /usr/lib/gcc/arm-none-eabi/9.2.1/../../../arm-none-eabi/lib/thumb/v7e-m+fp/hard/libc_nano.a(lib_a-signalr.o)
 .debug_info    0x0000000000028f98      0xe67 /usr/lib/gcc/arm-none-eabi/9.2.1/../../../arm-none-eabi/lib/thumb/v7e-m+fp/hard/libc_nano.a(lib_a-stdio.o)
 .debug_info    0x0000000000029dff      0xa2c /usr/lib/gcc/arm-none-eabi/9.2.1/../../../arm-none-eabi/lib/thumb/v7e-m+fp/hard/libc_nano.a(lib_a-writer.o)
 .debug_info    0x000000000002a82b      0x9d8 /usr/lib/gcc/arm-none-eabi/9.2.1/../../../arm-none-eabi/lib/thumb/v7e-m+fp/hard/libc_nano.a(lib_a-closer.o)
 .debug_info    0x000000000002b203      0xc24 /usr/lib/gcc/arm-none-eabi/9.2.1/../../../arm-none-eabi/lib/thumb/v7e-m+fp/hard/libc_nano.a(lib_a-fstatr.o)
 .debug_info    0x000000000002be27      0x9d8 /usr/lib/gcc/arm-none-eabi/9.2.1/../../../arm-none-eabi/lib/thumb/v7e-m+fp/hard/libc_nano.a(lib_a-isattyr.o)
 .debug_info    0x000000000002c7ff      0xa0d /usr/lib/gcc/arm-none-eabi/9.2.1/../../../arm-none-eabi/lib/thumb/v7e-m+fp/hard/libc_nano.a(lib_a-lseekr.o)
 .debug_info    0x000000000002d20c      0xaa6 /usr/lib/gcc/arm-none-eabi/9.2.1/../../../arm-none-eabi/lib/thumb/v7e-m+fp/hard/libc_nano.a(lib_a-nano-msizer.o)
 .debug_info    0x000000000002dcb2      0xa25 /usr/lib/gcc/arm-none-eabi/9.2.1/../../../arm-none-eabi/lib/thumb/v7e-m+fp/hard/libc_nano.a(lib_a-readr.o)

.debug_abbrev   0x0000000000000000     0x8066
 .debug_abbrev  0x0000000000000000      0x17a /usr/lib/gcc/arm-none-eabi/9.2.1/../../../arm-none-eabi/lib/thumb/v7e-m+fp/hard/libc_nano.a(lib_a-impure.o)
 .debug_abbrev  0x000000000000017a       0xcc /usr/lib/gcc/arm-none-eabi/9.2.1/../../../arm-none-eabi/lib/thumb/v7e-m+fp/hard/libc_nano.a(lib_a-init.o)
 .debug_abbrev  0x0000000000000246      0x1d9 /usr/lib/gcc/arm-none-eabi/9.2.1/../../../arm-none-eabi/lib/thumb/v7e-m+fp/hard/libc_nano.a(lib_a-memset.o)
 .debug_abbrev  0x000000000000041f       0x6a /usr/lib/gcc/arm-none-eabi/9.2.1/../../../arm-none-eabi/lib/thumb/v7e-m+fp/hard/libnosys.a(_exit.o)
 .debug_abbrev  0x0000000000000489      0x2bf /mnt/d/Marcelo/bitbucket/mcuboot/mcuboot/boot/bootutil/src/bootutil_misc.o
 .debug_abbrev  0x0000000000000748      0x2f7 /mnt/d/Marcelo/bitbucket/mcuboot/mcuboot/boot/bootutil/src/bootutil_public.o
 .debug_abbrev  0x0000000000000a3f       0x4c /mnt/d/Marcelo/bitbucket/mcuboot/mcuboot/boot/bootutil/src/fault_injection_hardening.o
 .debug_abbrev  0x0000000000000a8b      0x248 /mnt/d/Marcelo/bitbucket/mcuboot/mcuboot/boot/bootutil/src/image_ec256.o
 .debug_abbrev  0x0000000000000cd3      0x334 /mnt/d/Marcelo/bitbucket/mcuboot/mcuboot/boot/bootutil/src/image_validate.o
 .debug_abbrev  0x0000000000001007      0x412 /mnt/d/Marcelo/bitbucket/mcuboot/mcuboot/boot/bootutil/src/loader.o
 .debug_abbrev  0x0000000000001419      0x274 /mnt/d/Marcelo/bitbucket/mcuboot/mcuboot/boot/bootutil/src/swap_misc.o
 .debug_abbrev  0x000000000000168d      0x348 /mnt/d/Marcelo/bitbucket/mcuboot/mcuboot/boot/bootutil/src/swap_scratch.o
 .debug_abbrev  0x00000000000019d5      0x1f5 /mnt/d/Marcelo/bitbucket/mcuboot/mcuboot/boot/bootutil/src/tlv.o
 .debug_abbrev  0x0000000000001bca      0x1d1 mcuboot_main.o
 .debug_abbrev  0x0000000000001d9b      0x232 hal/Core/Src/main.o
 .debug_abbrev  0x0000000000001fcd       0xef hal/Core/Src/stm32g4xx_it.o
 .debug_abbrev  0x00000000000020bc      0x1a9 hal/Core/Src/stm32g4xx_hal_msp.o
 .debug_abbrev  0x0000000000002265      0x162 hal/Core/Src/system_stm32g4xx.o
 .debug_abbrev  0x00000000000023c7       0x12 hal/startup_stm32g431xx.o
 .debug_abbrev  0x00000000000023d9      0x226 hal/Drivers/STM32G4xx_HAL_Driver/Src/stm32g4xx_hal_pwr_ex.o
 .debug_abbrev  0x00000000000025ff      0x24b hal/Drivers/STM32G4xx_HAL_Driver/Src/stm32g4xx_hal_uart.o
 .debug_abbrev  0x000000000000284a      0x207 hal/Drivers/STM32G4xx_HAL_Driver/Src/stm32g4xx_hal_uart_ex.o
 .debug_abbrev  0x0000000000002a51      0x224 hal/Drivers/STM32G4xx_HAL_Driver/Src/stm32g4xx_hal.o
 .debug_abbrev  0x0000000000002c75      0x272 hal/Drivers/STM32G4xx_HAL_Driver/Src/stm32g4xx_hal_rcc.o
 .debug_abbrev  0x0000000000002ee7      0x22d hal/Drivers/STM32G4xx_HAL_Driver/Src/stm32g4xx_hal_rcc_ex.o
 .debug_abbrev  0x0000000000003114      0x1e5 hal/Drivers/STM32G4xx_HAL_Driver/Src/stm32g4xx_hal_gpio.o
 .debug_abbrev  0x00000000000032f9      0x330 hal/Drivers/STM32G4xx_HAL_Driver/Src/stm32g4xx_hal_cortex.o
 .debug_abbrev  0x0000000000003629       0x14 /usr/lib/gcc/arm-none-eabi/9.2.1/thumb/v7e-m+fp/hard/libgcc.a(_aeabi_uldivmod.o)
 .debug_abbrev  0x000000000000363d      0x1c2 /usr/lib/gcc/arm-none-eabi/9.2.1/thumb/v7e-m+fp/hard/libgcc.a(_udivmoddi4.o)
 .debug_abbrev  0x00000000000037ff       0x14 /usr/lib/gcc/arm-none-eabi/9.2.1/thumb/v7e-m+fp/hard/libgcc.a(_dvmd_tls.o)
 .debug_abbrev  0x0000000000003813      0x1ff /usr/lib/gcc/arm-none-eabi/9.2.1/../../../arm-none-eabi/lib/thumb/v7e-m+fp/hard/libc_nano.a(lib_a-assert.o)
 .debug_abbrev  0x0000000000003a12      0x23c /usr/lib/gcc/arm-none-eabi/9.2.1/../../../arm-none-eabi/lib/thumb/v7e-m+fp/hard/libc_nano.a(lib_a-fprintf.o)
 .debug_abbrev  0x0000000000003c4e      0x1af /usr/lib/gcc/arm-none-eabi/9.2.1/../../../arm-none-eabi/lib/thumb/v7e-m+fp/hard/libc_nano.a(lib_a-memcmp.o)
 .debug_abbrev  0x0000000000003dfd       0x14 /usr/lib/gcc/arm-none-eabi/9.2.1/../../../arm-none-eabi/lib/thumb/v7e-m+fp/hard/libc_nano.a(lib_a-memcpy.o)
 .debug_abbrev  0x0000000000003e11      0x286 /usr/lib/gcc/arm-none-eabi/9.2.1/../../../arm-none-eabi/lib/thumb/v7e-m+fp/hard/libc_nano.a(lib_a-nano-freer.o)
 .debug_abbrev  0x0000000000004097      0x2d1 /usr/lib/gcc/arm-none-eabi/9.2.1/../../../arm-none-eabi/lib/thumb/v7e-m+fp/hard/libc_nano.a(lib_a-nano-mallocr.o)
 .debug_abbrev  0x0000000000004368      0x337 /usr/lib/gcc/arm-none-eabi/9.2.1/../../../arm-none-eabi/lib/thumb/v7e-m+fp/hard/libc_nano.a(lib_a-nano-vfprintf.o)
 .debug_abbrev  0x000000000000469f      0x2dc /usr/lib/gcc/arm-none-eabi/9.2.1/../../../arm-none-eabi/lib/thumb/v7e-m+fp/hard/libc_nano.a(lib_a-nano-vfprintf_i.o)
 .debug_abbrev  0x000000000000497b      0x29f /usr/lib/gcc/arm-none-eabi/9.2.1/../../../arm-none-eabi/lib/thumb/v7e-m+fp/hard/libc_nano.a(lib_a-printf.o)
 .debug_abbrev  0x0000000000004c1a      0x212 /usr/lib/gcc/arm-none-eabi/9.2.1/../../../arm-none-eabi/lib/thumb/v7e-m+fp/hard/libc_nano.a(lib_a-sbrkr.o)
 .debug_abbrev  0x0000000000004e2c      0x285 /usr/lib/gcc/arm-none-eabi/9.2.1/../../../arm-none-eabi/lib/thumb/v7e-m+fp/hard/libc_nano.a(lib_a-wbuf.o)