Archive member included to satisfy reference by file (symbol)

/usr/lib/gcc/arm-none-eabi/9.2.1/../../../arm-none-eabi/lib/thumb/v7e-m+fp/hard/libc_nano.a(lib_a-atexit.o)
                              /usr/lib/gcc/arm-none-eabi/9.2.1/../../../arm-none-eabi/lib/thumb/v7e-m+fp/hard/crt0.o (atexit)
/usr/lib/gcc/arm-none-eabi/9.2.1/../../../arm-none-eabi/lib/thumb/v7e-m+fp/hard/libc_nano.a(lib_a-exit.o)
                              /usr/lib/gcc/arm-none-eabi/9.2.1/../../../arm-none-eabi/lib/thumb/v7e-m+fp/hard/crt0.o (exit)
/usr/lib/gcc/arm-none-eabi/9.2.1/../../../arm-none-eabi/lib/thumb/v7e-m+fp/hard/libc_nano.a(lib_a-fini.o)
                              /usr/lib/gcc/arm-none-eabi/9.2.1/../../../arm-none-eabi/lib/thumb/v7e-m+fp/hard/crt0.o (__libc_fini_array)
/usr/lib/gcc/arm-none-eabi/9.2.1/../../../arm-none-eabi/lib/thumb/v7e-m+fp/hard/libc_nano.a(lib_a-impure.o)
                              /usr/lib/gcc/arm-none-eabi/9.2.1/../../../arm-none-eabi/lib/thumb/v7e-m+fp/hard/libc_nano.a(lib_a-exit.o) (_global_impure_ptr)
/usr/lib/gcc/arm-none-eabi/9.2.1/../../../arm-none-eabi/lib/thumb/v7e-m+fp/hard/libc_nano.a(lib_a-init.o)
                              /usr/lib/gcc/arm-none-eabi/9.2.1/../../../arm-none-eabi/lib/thumb/v7e-m+fp/hard/crt0.o (__libc_init_array)
/usr/lib/gcc/arm-none-eabi/9.2.1/../../../arm-none-eabi/lib/thumb/v7e-m+fp/hard/libc_nano.a(lib_a-memset.o)
                              /usr/lib/gcc/arm-none-eabi/9.2.1/../../../arm-none-eabi/lib/thumb/v7e-m+fp/hard/crt0.o (memset)
/usr/lib/gcc/arm-none-eabi/9.2.1/../../../arm-none-eabi/lib/thumb/v7e-m+fp/hard/libc_nano.a(lib_a-__atexit.o)
                              /usr/lib/gcc/arm-none-eabi/9.2.1/../../../arm-none-eabi/lib/thumb/v7e-m+fp/hard/libc_nano.a(lib_a-atexit.o) (__register_exitproc)
/usr/lib/gcc/arm-none-eabi/9.2.1/../../../arm-none-eabi/lib/thumb/v7e-m+fp/hard/libc_nano.a(lib_a-__call_atexit.o)
                              /usr/lib/gcc/arm-none-eabi/9.2.1/../../../arm-none-eabi/lib/thumb/v7e-m+fp/hard/libc_nano.a(lib_a-__atexit.o) (__call_exitprocs)
/usr/lib/gcc/arm-none-eabi/9.2.1/../../../arm-none-eabi/lib/thumb/v7e-m+fp/hard/libnosys.a(_exit.o)
                              /usr/lib/gcc/arm-none-eabi/9.2.1/../../../arm-none-eabi/lib/thumb/v7e-m+fp/hard/libc_nano.a(lib_a-exit.o) (_exit)
/usr/lib/gcc/arm-none-eabi/9.2.1/../../../arm-none-eabi/lib/thumb/v7e-m+fp/hard/libc_nano.a(lib_a-assert.o)
                              /mnt/d/Marcelo/bitbucket/mcuboot/mcuboot/boot/bootutil/src/bootutil_misc.o (__assert_func)
/usr/lib/gcc/arm-none-eabi/9.2.1/../../../arm-none-eabi/lib/thumb/v7e-m+fp/hard/libc_nano.a(lib_a-fprintf.o)
                              /usr/lib/gcc/arm-none-eabi/9.2.1/../../../arm-none-eabi/lib/thumb/v7e-m+fp/hard/libc_nano.a(lib_a-assert.o) (fiprintf)
/usr/lib/gcc/arm-none-eabi/9.2.1/../../../arm-none-eabi/lib/thumb/v7e-m+fp/hard/libc_nano.a(lib_a-malloc.o)
                              /mnt/d/Marcelo/bitbucket/mcuboot/mcuboot/boot/bootutil/src/loader.o (malloc)
/usr/lib/gcc/arm-none-eabi/9.2.1/../../../arm-none-eabi/lib/thumb/v7e-m+fp/hard/libc_nano.a(lib_a-memcmp.o)
                              /mnt/d/Marcelo/bitbucket/mcuboot/mcuboot/boot/bootutil/src/bootutil_misc.o (memcmp)
/usr/lib/gcc/arm-none-eabi/9.2.1/../../../arm-none-eabi/lib/thumb/v7e-m+fp/hard/libc_nano.a(lib_a-memcpy.o)
                              /mnt/d/Marcelo/bitbucket/mcuboot/mcuboot/boot/bootutil/src/bootutil_public.o (memcpy)
/usr/lib/gcc/arm-none-eabi/9.2.1/../../../arm-none-eabi/lib/thumb/v7e-m+fp/hard/libc_nano.a(lib_a-nano-freer.o)
                              /usr/lib/gcc/arm-none-eabi/9.2.1/../../../arm-none-eabi/lib/thumb/v7e-m+fp/hard/libc_nano.a(lib_a-malloc.o) (_free_r)
/usr/lib/gcc/arm-none-eabi/9.2.1/../../../arm-none-eabi/lib/thumb/v7e-m+fp/hard/libc_nano.a(lib_a-nano-mallocr.o)
                              /usr/lib/gcc/arm-none-eabi/9.2.1/../../../arm-none-eabi/lib/thumb/v7e-m+fp/hard/libc_nano.a(lib_a-malloc.o) (_malloc_r)
/usr/lib/gcc/arm-none-eabi/9.2.1/../../../arm-none-eabi/lib/thumb/v7e-m+fp/hard/libc_nano.a(lib_a-nano-vfprintf.o)
                              /usr/lib/gcc/arm-none-eabi/9.2.1/../../../arm-none-eabi/lib/thumb/v7e-m+fp/hard/libc_nano.a(lib_a-fprintf.o) (_vfprintf_r)
/usr/lib/gcc/arm-none-eabi/9.2.1/../../../arm-none-eabi/lib/thumb/v7e-m+fp/hard/libc_nano.a(lib_a-nano-vfprintf_i.o)
                              /usr/lib/gcc/arm-none-eabi/9.2.1/../../../arm-none-eabi/lib/thumb/v7e-m+fp/hard/libc_nano.a(lib_a-nano-vfprintf.o) (_printf_i)
/usr/lib/gcc/arm-none-eabi/9.2.1/../../../arm-none-eabi/lib/thumb/v7e-m+fp/hard/libc_nano.a(lib_a-printf.o)
                              /mnt/d/Marcelo/bitbucket/mcuboot/mcuboot/boot/bootutil/src/bootutil_public.o (printf)
/usr/lib/gcc/arm-none-eabi/9.2.1/../../../arm-none-eabi/lib/thumb/v7e-m+fp/hard/libc_nano.a(lib_a-sbrkr.o)
                              /usr/lib/gcc/arm-none-eabi/9.2.1/../../../arm-none-eabi/lib/thumb/v7e-m+fp/hard/libc_nano.a(lib_a-nano-mallocr.o) (_sbrk_r)
[...]
Memory Configuration

Name             Origin             Length             Attributes
RAM              0x0000000020000000 0x0000000000008000 xrw
FLASH            0x0000000008000000 0x0000000000020000 xr
*default*        0x0000000000000000 0xffffffffffffffff

Linker script and memory map

LOAD /usr/lib/gcc/arm-none-eabi/9.2.1/thumb/v7e-m+fp/hard/crti.o
LOAD /usr/lib/gcc/arm-none-eabi/9.2.1/thumb/v7e-m+fp/hard/crtbegin.o
LOAD /usr/lib/gcc/arm-none-eabi/9.2.1/../../../arm-none-eabi/lib/thumb/v7e-m+fp/hard/crt0.o
LOAD /usr/lib/gcc/arm-none-eabi/9.2.1/../../../arm-none-eabi/lib/thumb/v7e-m+fp/hard/libc_nano.a
LOAD /usr/lib/gcc/arm-none-eabi/9.2.1/../../../arm-none-eabi/lib/thumb/v7e-m+fp/hard/libm.a
LOAD /usr/lib/gcc/arm-none-eabi/9.2.1/../../../arm-none-eabi/lib/thumb/v7e-m+fp/hard/libnosys.a
LOAD /mnt/d/Marcelo/bitbucket/mcuboot/mcuboot/boot/bootutil/src/boot_record.o
LOAD /mnt/d/Marcelo/bitbucket/mcuboot/mcuboot/boot/bootutil/src/bootutil_misc.o
LOAD /mnt/d/Marcelo/bitbucket/mcuboot/mcuboot/boot/bootutil/src/bootutil_public.o
LOAD /mnt/d/Marcelo/bitbucket/mcuboot/mcuboot/boot/bootutil/src/caps.o
LOAD /mnt/d/Marcelo/bitbucket/mcuboot/mcuboot/boot/bootutil/src/encrypted.o
LOAD /mnt/d/Marcelo/bitbucket/mcuboot/mcuboot/boot/bootutil/src/fault_injection_hardening.o
LOAD /mnt/d/Marcelo/bitbucket/mcuboot/mcuboot/boot/bootutil/src/fault_injection_hardening_delay_rng_mbedtls.o
LOAD /mnt/d/Marcelo/bitbucket/mcuboot/mcuboot/boot/bootutil/src/image_ec.o
LOAD /mnt/d/Marcelo/bitbucket/mcuboot/mcuboot/boot/bootutil/src/image_ec256.o
LOAD /mnt/d/Marcelo/bitbucket/mcuboot/mcuboot/boot/bootutil/src/image_ed25519.o
LOAD /mnt/d/Marcelo/bitbucket/mcuboot/mcuboot/boot/bootutil/src/image_rsa.o
LOAD /mnt/d/Marcelo/bitbucket/mcuboot/mcuboot/boot/bootutil/src/image_validate.o
LOAD /mnt/d/Marcelo/bitbucket/mcuboot/mcuboot/boot/bootutil/src/loader.o
LOAD /mnt/d/Marcelo/bitbucket/mcuboot/mcuboot/boot/bootutil/src/swap_misc.o
LOAD /mnt/d/Marcelo/bitbucket/mcuboot/mcuboot/boot/bootutil/src/swap_move.o
LOAD /mnt/d/Marcelo/bitbucket/mcuboot/mcuboot/boot/bootutil/src/swap_scratch.o
LOAD /mnt/d/Marcelo/bitbucket/mcuboot/mcuboot/boot/bootutil/src/tlv.o
LOAD mcuboot_main.o
LOAD port_flash.o
LOAD hal/startup_stm32g431xx.o
LOAD hal/Core/Src/main.o
LOAD hal/Core/Src/stm32g4xx_it.o
LOAD hal/Core/Src/system_stm32g4xx.o
LOAD hal/Core/Src/gpio.o
LOAD hal/Core/Src/usart.o
LOAD hal/Drivers/STM32G4xx_HAL_Driver/Src/stm32g4xx_ll_utils.o
LOAD hal/Drivers/STM32G4xx_HAL_Driver/Src/stm32g4xx_ll_exti.o
LOAD hal/Drivers/STM32G4xx_HAL_Driver/Src/stm32g4xx_ll_gpio.o
LOAD hal/Drivers/STM32G4xx_HAL_Driver/Src/stm32g4xx_ll_pwr.o
LOAD hal/Drivers/STM32G4xx_HAL_Driver/Src/stm32g4xx_ll_usart.o
LOAD hal/Drivers/STM32G4xx_HAL_Driver/Src/stm32g4xx_ll_rcc.o
LOAD hal/Drivers/STM32G4xx_HAL_Driver/Src/stm32g4xx_ll_dma.o
START GROUP
LOAD /usr/lib/gcc/arm-none-eabi/9.2.1/thumb/v7e-m+fp/hard/libgcc.a
LOAD /usr/lib/gcc/arm-none-eabi/9.2.1/../../../arm-none-eabi/lib/thumb/v7e-m+fp/hard/libc_nano.a
END GROUP
START GROUP
LOAD /usr/lib/gcc/arm-none-eabi/9.2.1/thumb/v7e-m+fp/hard/libgcc.a
LOAD /usr/lib/gcc/arm-none-eabi/9.2.1/../../../arm-none-eabi/lib/thumb/v7e-m+fp/hard/libc_nano.a
END GROUP
LOAD /usr/lib/gcc/arm-none-eabi/9.2.1/thumb/v7e-m+fp/hard/crtend.o
LOAD /usr/lib/gcc/arm-none-eabi/9.2.1/thumb/v7e-m+fp/hard/crtn.o
                0x0000000020008000                _estack = 0x20008000
                0x0000000000000200                _Min_Heap_Size = 0x200
                0x0000000000000400                _Min_Stack_Size = 0x400

.isr_vector     0x0000000008000000      0x1d8
                0x0000000008000000                . = ALIGN (0x4)
 *(.isr_vector)
 .isr_vector    0x0000000008000000      0x1d8 hal/startup_stm32g431xx.o
                0x0000000008000000                g_pfnVectors
                0x00000000080001d8                . = ALIGN (0x4)

.text           0x00000000080001e0     0x6210
                0x00000000080001e0                . = ALIGN (0x4)
 *(.text)
 .text          0x00000000080001e0       0x88 /usr/lib/gcc/arm-none-eabi/9.2.1/thumb/v7e-m+fp/hard/crtbegin.o
 .text          0x0000000008000268       0x48 /usr/lib/gcc/arm-none-eabi/9.2.1/../../../arm-none-eabi/lib/thumb/v7e-m+fp/hard/libc_nano.a(lib_a-init.o)
                0x0000000008000268                __libc_init_array
 .text          0x00000000080002b0       0xa0 /usr/lib/gcc/arm-none-eabi/9.2.1/../../../arm-none-eabi/lib/thumb/v7e-m+fp/hard/libc_nano.a(lib_a-memset.o)
                0x00000000080002b0                memset
 .text          0x0000000008000350        0x4 /usr/lib/gcc/arm-none-eabi/9.2.1/../../../arm-none-eabi/lib/thumb/v7e-m+fp/hard/libnosys.a(_exit.o)
                0x0000000008000350                _exit
 .text          0x0000000008000354       0x48 /usr/lib/gcc/arm-none-eabi/9.2.1/../../../arm-none-eabi/lib/thumb/v7e-m+fp/hard/libc_nano.a(lib_a-assert.o)
                0x0000000008000354                __assert_func
                0x0000000008000390                __assert
 .text          0x000000000800039c       0x44 /usr/lib/gcc/arm-none-eabi/9.2.1/../../../arm-none-eabi/lib/thumb/v7e-m+fp/hard/libc_nano.a(lib_a-fprintf.o)
                0x000000000800039c                _fprintf_r
                0x000000000800039c                _fiprintf_r
                0x00000000080003b8                fprintf
                0x00000000080003b8                fiprintf
 .text          0x00000000080003e0       0x60 /usr/lib/gcc/arm-none-eabi/9.2.1/../../../arm-none-eabi/lib/thumb/v7e-m+fp/hard/libc_nano.a(lib_a-memcmp.o)
                0x00000000080003e0                memcmp
 .text          0x0000000008000440      0x134 /usr/lib/gcc/arm-none-eabi/9.2.1/../../../arm-none-eabi/lib/thumb/v7e-m+fp/hard/libc_nano.a(lib_a-memcpy.o)
                0x0000000008000440                memcpy
 .text          0x0000000008000574       0xac /usr/lib/gcc/arm-none-eabi/9.2.1/../../../arm-none-eabi/lib/thumb/v7e-m+fp/hard/libc_nano.a(lib_a-nano-freer.o)
                0x0000000008000574                _free_r
 .text          0x0000000008000620       0xc8 /usr/lib/gcc/arm-none-eabi/9.2.1/../../../arm-none-eabi/lib/thumb/v7e-m+fp/hard/libc_nano.a(lib_a-nano-mallocr.o)
                0x0000000008000620                _malloc_r
 .text          0x00000000080006e8      0x364 /usr/lib/gcc/arm-none-eabi/9.2.1/../../../arm-none-eabi/lib/thumb/v7e-m+fp/hard/libc_nano.a(lib_a-nano-vfprintf.o)
                0x0000000008000724                __sfputs_r
                0x0000000008000754                __sprint_r
                0x0000000008000770                _vfiprintf_r
                0x0000000008000770                _vfprintf_r
                0x0000000008000a34                vfiprintf
                0x0000000008000a34                vfprintf
 .text          0x0000000008000a4c      0x3c4 /usr/lib/gcc/arm-none-eabi/9.2.1/../../../arm-none-eabi/lib/thumb/v7e-m+fp/hard/libc_nano.a(lib_a-nano-vfprintf_i.o)
                0x0000000008000a4c                _printf_common
                0x0000000008000b78                _printf_i
 .text          0x0000000008000e10       0x68 /usr/lib/gcc/arm-none-eabi/9.2.1/../../../arm-none-eabi/lib/thumb/v7e-m+fp/hard/libc_nano.a(lib_a-printf.o)
                0x0000000008000e10                _printf_r
                0x0000000008000e10                _iprintf_r
                0x0000000008000e40                printf
                0x0000000008000e40                iprintf
 .text          0x0000000008000e78       0x24 /usr/lib/gcc/arm-none-eabi/9.2.1/../../../arm-none-eabi/lib/thumb/v7e-m+fp/hard/libc_nano.a(lib_a-sbrkr.o)
                0x0000000008000e78                _sbrk_r
 .text          0x0000000008000e9c       0xc0 /usr/lib/gcc/arm-none-eabi/9.2.1/../../../arm-none-eabi/lib/thumb/v7e-m+fp/hard/libc_nano.a(lib_a-wbuf.o)
                0x0000000008000e9c                __swbuf_r
                0x0000000008000f4c                __swbuf
 .text          0x0000000008000f5c      0x100 /usr/lib/gcc/arm-none-eabi/9.2.1/../../../arm-none-eabi/lib/thumb/v7e-m+fp/hard/libc_nano.a(lib_a-wsetup.o)
                0x0000000008000f5c                __swsetup_r
 .text          0x000000000800105c       0x10 /usr/lib/gcc/arm-none-eabi/9.2.1/../../../arm-none-eabi/lib/thumb/v7e-m+fp/hard/libc_nano.a(lib_a-abort.o)
                0x000000000800105c                abort
 .text          0x000000000800106c      0x1b0 /usr/lib/gcc/arm-none-eabi/9.2.1/../../../arm-none-eabi/lib/thumb/v7e-m+fp/hard/libc_nano.a(lib_a-fflush.o)
                0x000000000800106c                __sflush_r
                0x0000000008001198                _fflush_r
                0x00000000080011f8                fflush
 .text          0x000000000800121c      0x210 /usr/lib/gcc/arm-none-eabi/9.2.1/../../../arm-none-eabi/lib/thumb/v7e-m+fp/hard/libc_nano.a(lib_a-findfp.o)
                0x0000000008001220                _cleanup_r
                0x0000000008001230                __sfmoreglue
                0x0000000008001260                __sfp
                0x00000000080013d8                _cleanup
                0x00000000080013ec                __sinit
                0x00000000080013f4                __sfp_lock_acquire
                0x00000000080013f8                __sfp_lock_release
                0x00000000080013fc                __sinit_lock_acquire
                0x0000000008001400                __sinit_lock_release
                0x0000000008001404                __fp_lock_all
                0x0000000008001418                __fp_unlock_all
 .text          0x000000000800142c      0x308 /usr/lib/gcc/arm-none-eabi/9.2.1/../../../arm-none-eabi/lib/thumb/v7e-m+fp/hard/libc_nano.a(lib_a-fvwrite.o)
                0x000000000800142c                __sfvwrite_r
 .text          0x0000000008001734       0xa0 /usr/lib/gcc/arm-none-eabi/9.2.1/../../../arm-none-eabi/lib/thumb/v7e-m+fp/hard/libc_nano.a(lib_a-fwalk.o)
                0x0000000008001734                _fwalk
                0x0000000008001780                _fwalk_reent
 .text          0x00000000080017d4       0xf0 /usr/lib/gcc/arm-none-eabi/9.2.1/../../../arm-none-eabi/lib/thumb/v7e-m+fp/hard/libc_nano.a(lib_a-makebuf.o)
                0x00000000080017d4                __swhatbuf_r
                0x0000000008001830                __smakebuf_r
 *fill*         0x00000000080018c4        0xc 
 .text          0x00000000080018d0       0xa0 /usr/lib/gcc/arm-none-eabi/9.2.1/../../../arm-none-eabi/lib/thumb/v7e-m+fp/hard/libc_nano.a(lib_a-memchr.o)
                0x00000000080018d0                memchr
 .text          0x0000000008001970       0xd0 /usr/lib/gcc/arm-none-eabi/9.2.1/../../../arm-none-eabi/lib/thumb/v7e-m+fp/hard/libc_nano.a(lib_a-memmove.o)
                0x0000000008001970                memmove
 .text          0x0000000008001a40        0x8 /usr/lib/gcc/arm-none-eabi/9.2.1/../../../arm-none-eabi/lib/thumb/v7e-m+fp/hard/libc_nano.a(lib_a-mlock.o)
                0x0000000008001a40                __malloc_lock
                0x0000000008001a44                __malloc_unlock
 .text          0x0000000008001a48       0x4c /usr/lib/gcc/arm-none-eabi/9.2.1/../../../arm-none-eabi/lib/thumb/v7e-m+fp/hard/libc_nano.a(lib_a-nano-reallocr.o)
                0x0000000008001a48                _realloc_r
 .text          0x0000000008001a94      0x150 /usr/lib/gcc/arm-none-eabi/9.2.1/../../../arm-none-eabi/lib/thumb/v7e-m+fp/hard/libc_nano.a(lib_a-signal.o)
                0x0000000008001abc                _init_signal_r
                0x0000000008001ac8                _signal_r
                0x0000000008001afc                _raise_r
                0x0000000008001b50                __sigtramp_r
                0x0000000008001ba0                raise
                0x0000000008001bb0                signal
                0x0000000008001bc0                _init_signal
                0x0000000008001bd4                __sigtramp
 .text          0x0000000008001be4       0x2c /usr/lib/gcc/arm-none-eabi/9.2.1/../../../arm-none-eabi/lib/thumb/v7e-m+fp/hard/libc_nano.a(lib_a-signalr.o)
                0x0000000008001be4                _kill_r
                0x0000000008001c0c                _getpid_r
 .text          0x0000000008001c10       0x90 /usr/lib/gcc/arm-none-eabi/9.2.1/../../../arm-none-eabi/lib/thumb/v7e-m+fp/hard/libc_nano.a(lib_a-stdio.o)
                0x0000000008001c10                __sread
                0x0000000008001c34                __seofread
                0x0000000008001c38                __swrite
                0x0000000008001c78                __sseek
                0x0000000008001c98                __sclose
 .text          0x0000000008001ca0       0x2c /usr/lib/gcc/arm-none-eabi/9.2.1/../../../arm-none-eabi/lib/thumb/v7e-m+fp/hard/libc_nano.a(lib_a-writer.o)
                0x0000000008001ca0                _write_r
 .text          0x0000000008001ccc       0x24 /usr/lib/gcc/arm-none-eabi/9.2.1/../../../arm-none-eabi/lib/thumb/v7e-m+fp/hard/libc_nano.a(lib_a-closer.o)
                0x0000000008001ccc                _close_r
 .text          0x0000000008001cf0       0x28 /usr/lib/gcc/arm-none-eabi/9.2.1/../../../arm-none-eabi/lib/thumb/v7e-m+fp/hard/libc_nano.a(lib_a-fstatr.o)
                0x0000000008001cf0                _fstat_r
 .text          0x0000000008001d18       0x24 /usr/lib/gcc/arm-none-eabi/9.2.1/../../../arm-none-eabi/lib/thumb/v7e-m+fp/hard/libc_nano.a(lib_a-isattyr.o)
                0x0000000008001d18                _isatty_r
 .text          0x0000000008001d3c       0x2c /usr/lib/gcc/arm-none-eabi/9.2.1/../../../arm-none-eabi/lib/thumb/v7e-m+fp/hard/libc_nano.a(lib_a-lseekr.o)
                0x0000000008001d3c                _lseek_r
 .text          0x0000000008001d68       0x10 /usr/lib/gcc/arm-none-eabi/9.2.1/../../../arm-none-eabi/lib/thumb/v7e-m+fp/hard/libc_nano.a(lib_a-nano-msizer.o)
                0x0000000008001d68                _malloc_usable_size_r
 .text          0x0000000008001d78       0x2c /usr/lib/gcc/arm-none-eabi/9.2.1/../../../arm-none-eabi/lib/thumb/v7e-m+fp/hard/libc_nano.a(lib_a-readr.o)
                0x0000000008001d78                _read_r
 *(.text*)
 .text.flash_area_get_id
                0x0000000008001da4       0x18 /mnt/d/Marcelo/bitbucket/mcuboot/mcuboot/boot/bootutil/src/bootutil_misc.o
 .text.flash_area_get_size
                0x0000000008001dbc       0x18 /mnt/d/Marcelo/bitbucket/mcuboot/mcuboot/boot/bootutil/src/bootutil_misc.o
 .text.boot_fih_memequal
                0x0000000008001dd4       0x20 /mnt/d/Marcelo/bitbucket/mcuboot/mcuboot/boot/bootutil/src/bootutil_misc.o
                0x0000000008001dd4                boot_fih_memequal
 .text.boot_status_sz
                0x0000000008001df4       0x1e /mnt/d/Marcelo/bitbucket/mcuboot/mcuboot/boot/bootutil/src/bootutil_misc.o
                0x0000000008001df4                boot_status_sz
 .text.boot_trailer_sz
                0x0000000008001e12       0x1a /mnt/d/Marcelo/bitbucket/mcuboot/mcuboot/boot/bootutil/src/bootutil_misc.o
                0x0000000008001e12                boot_trailer_sz
 .text.boot_status_entries
                0x0000000008001e2c       0x42 /mnt/d/Marcelo/bitbucket/mcuboot/mcuboot/boot/bootutil/src/bootutil_misc.o
                0x0000000008001e2c                boot_status_entries
 *fill*         0x0000000008001e6e        0x2 
 .text.boot_status_off
                0x0000000008001e70       0x58 /mnt/d/Marcelo/bitbucket/mcuboot/mcuboot/boot/bootutil/src/bootutil_misc.o
                0x0000000008001e70                boot_status_off
 .text.boot_magic_off
                0x0000000008001ec8       0x1a /mnt/d/Marcelo/bitbucket/mcuboot/mcuboot/boot/bootutil/src/bootutil_misc.o
 .text.boot_image_ok_off
                0x0000000008001ee2       0x1a /mnt/d/Marcelo/bitbucket/mcuboot/mcuboot/boot/bootutil/src/bootutil_misc.o
 .text.boot_copy_done_off
                0x0000000008001efc       0x1a /mnt/d/Marcelo/bitbucket/mcuboot/mcuboot/boot/bootutil/src/bootutil_misc.o
 .text.boot_swap_size_off
                0x0000000008001f16       0x1a /mnt/d/Marcelo/bitbucket/mcuboot/mcuboot/boot/bootutil/src/bootutil_misc.o
 .text.boot_find_status
                0x0000000008001f30       0xa4 /mnt/d/Marcelo/bitbucket/mcuboot/mcuboot/boot/bootutil/src/bootutil_misc.o
 .text.boot_read_swap_size
                0x0000000008001fd4       0x48 /mnt/d/Marcelo/bitbucket/mcuboot/mcuboot/boot/bootutil/src/bootutil_misc.o
                0x0000000008001fd4                boot_read_swap_size
 .text.boot_write_copy_done
                0x000000000800201c       0x24 /mnt/d/Marcelo/bitbucket/mcuboot/mcuboot/boot/bootutil/src/bootutil_misc.o
                0x000000000800201c                boot_write_copy_done
 .text.boot_write_swap_size
                0x0000000008002040       0x28 /mnt/d/Marcelo/bitbucket/mcuboot/mcuboot/boot/bootutil/src/bootutil_misc.o
                0x0000000008002040                boot_write_swap_size
 .text.flash_area_get_size
                0x0000000008002068       0x18 /mnt/d/Marcelo/bitbucket/mcuboot/mcuboot/boot/bootutil/src/bootutil_public.o
 .text.boot_magic_decode
                0x0000000008002080       0x2c /mnt/d/Marcelo/bitbucket/mcuboot/mcuboot/boot/bootutil/src/bootutil_public.o
 .text.boot_flag_decode
                0x00000000080020ac       0x22 /mnt/d/Marcelo/bitbucket/mcuboot/mcuboot/boot/bootutil/src/bootutil_public.o
 .text.boot_magic_off
                0x00000000080020ce       0x1a /mnt/d/Marcelo/bitbucket/mcuboot/mcuboot/boot/bootutil/src/bootutil_public.o
 .text.boot_image_ok_off
                0x00000000080020e8       0x1a /mnt/d/Marcelo/bitbucket/mcuboot/mcuboot/boot/bootutil/src/bootutil_public.o
 .text.boot_copy_done_off
                0x0000000008002102       0x1a /mnt/d/Marcelo/bitbucket/mcuboot/mcuboot/boot/bootutil/src/bootutil_public.o
 .text.boot_swap_info_off
                0x000000000800211c       0x1a /mnt/d/Marcelo/bitbucket/mcuboot/mcuboot/boot/bootutil/src/bootutil_public.o
                0x000000000800211c                boot_swap_info_off
 .text.boot_magic_compatible_check
                0x0000000008002136       0x48 /mnt/d/Marcelo/bitbucket/mcuboot/mcuboot/boot/bootutil/src/bootutil_public.o
                0x0000000008002136                boot_magic_compatible_check
 .text.bootutil_buffer_is_erased
                0x000000000800217e       0x5a /mnt/d/Marcelo/bitbucket/mcuboot/mcuboot/boot/bootutil/src/bootutil_public.o
                0x000000000800217e                bootutil_buffer_is_erased
 .text.boot_read_flag
                0x00000000080021d8       0x58 /mnt/d/Marcelo/bitbucket/mcuboot/mcuboot/boot/bootutil/src/bootutil_public.o
 .text.boot_read_copy_done
                0x0000000008002230       0x26 /mnt/d/Marcelo/bitbucket/mcuboot/mcuboot/boot/bootutil/src/bootutil_public.o
 .text.boot_read_swap_state
                0x0000000008002256       0xe8 /mnt/d/Marcelo/bitbucket/mcuboot/mcuboot/boot/bootutil/src/bootutil_public.o
                0x0000000008002256                boot_read_swap_state
 .text.boot_read_swap_state_by_id
                0x000000000800233e       0x44 /mnt/d/Marcelo/bitbucket/mcuboot/mcuboot/boot/bootutil/src/bootutil_public.o
                0x000000000800233e                boot_read_swap_state_by_id
 *fill*         0x0000000008002382        0x2 
 .text.boot_write_magic
                0x0000000008002384       0x38 /mnt/d/Marcelo/bitbucket/mcuboot/mcuboot/boot/bootutil/src/bootutil_public.o
                0x0000000008002384                boot_write_magic
 .text.boot_write_trailer
                0x00000000080023bc       0x92 /mnt/d/Marcelo/bitbucket/mcuboot/mcuboot/boot/bootutil/src/bootutil_public.o
                0x00000000080023bc                boot_write_trailer
 .text.boot_write_trailer_flag
                0x000000000800244e       0x2a /mnt/d/Marcelo/bitbucket/mcuboot/mcuboot/boot/bootutil/src/bootutil_public.o
                0x000000000800244e                boot_write_trailer_flag
 .text.boot_write_image_ok
                0x0000000008002478       0x24 /mnt/d/Marcelo/bitbucket/mcuboot/mcuboot/boot/bootutil/src/bootutil_public.o
                0x0000000008002478                boot_write_image_ok
 .text.boot_read_image_ok
                0x000000000800249c       0x26 /mnt/d/Marcelo/bitbucket/mcuboot/mcuboot/boot/bootutil/src/bootutil_public.o
                0x000000000800249c                boot_read_image_ok
 *fill*         0x00000000080024c2        0x2 
 .text.boot_write_swap_info
                0x00000000080024c4       0x7c /mnt/d/Marcelo/bitbucket/mcuboot/mcuboot/boot/bootutil/src/bootutil_public.o
                0x00000000080024c4                boot_write_swap_info
 .text.boot_swap_type_multi
                0x0000000008002540      0x168 /mnt/d/Marcelo/bitbucket/mcuboot/mcuboot/boot/bootutil/src/bootutil_public.o
                0x0000000008002540                boot_swap_type_multi
 .text.bootutil_ecdsa_p256_init
                0x00000000080026a8       0x16 /mnt/d/Marcelo/bitbucket/mcuboot/mcuboot/boot/bootutil/src/image_ec256.o
 .text.bootutil_ecdsa_p256_drop
                0x00000000080026be       0x16 /mnt/d/Marcelo/bitbucket/mcuboot/mcuboot/boot/bootutil/src/image_ec256.o
 .text.bootutil_ecdsa_p256_verify
                0x00000000080026d4       0x88 /mnt/d/Marcelo/bitbucket/mcuboot/mcuboot/boot/bootutil/src/image_ec256.o
 .text.bootutil_import_key
                0x000000000800275c       0xd4 /mnt/d/Marcelo/bitbucket/mcuboot/mcuboot/boot/bootutil/src/image_ec256.o
 .text.bootutil_verify_sig
                0x0000000008002830       0xa4 /mnt/d/Marcelo/bitbucket/mcuboot/mcuboot/boot/bootutil/src/image_ec256.o
                0x0000000008002830                bootutil_verify_sig
 .text.bootutil_sha256_init
                0x00000000080028d4       0x1e /mnt/d/Marcelo/bitbucket/mcuboot/mcuboot/boot/bootutil/src/image_validate.o
 .text.bootutil_sha256_drop
                0x00000000080028f2       0x14 /mnt/d/Marcelo/bitbucket/mcuboot/mcuboot/boot/bootutil/src/image_validate.o
 .text.bootutil_sha256_update
                0x0000000008002906       0x20 /mnt/d/Marcelo/bitbucket/mcuboot/mcuboot/boot/bootutil/src/image_validate.o
 .text.bootutil_sha256_finish
                0x0000000008002926       0x1c /mnt/d/Marcelo/bitbucket/mcuboot/mcuboot/boot/bootutil/src/image_validate.o
 .text.bootutil_img_hash
                0x0000000008002942      0x116 /mnt/d/Marcelo/bitbucket/mcuboot/mcuboot/boot/bootutil/src/image_validate.o
 .text.bootutil_find_key
                0x0000000008002a58       0xb8 /mnt/d/Marcelo/bitbucket/mcuboot/mcuboot/boot/bootutil/src/image_validate.o
 .text.bootutil_img_validate
                0x0000000008002b10      0x304 /mnt/d/Marcelo/bitbucket/mcuboot/mcuboot/boot/bootutil/src/image_validate.o
                0x0000000008002b10                bootutil_img_validate
 .text.flash_area_get_device_id
                0x0000000008002e14       0x18 /mnt/d/Marcelo/bitbucket/mcuboot/mcuboot/boot/bootutil/src/loader.o
 .text.flash_area_get_off
                0x0000000008002e2c       0x18 /mnt/d/Marcelo/bitbucket/mcuboot/mcuboot/boot/bootutil/src/loader.o
 .text.flash_area_get_size
                0x0000000008002e44       0x18 /mnt/d/Marcelo/bitbucket/mcuboot/mcuboot/boot/bootutil/src/loader.o
 .text.boot_u32_safe_add
                0x0000000008002e5c       0x32 /mnt/d/Marcelo/bitbucket/mcuboot/mcuboot/boot/bootutil/src/loader.o
 .text.boot_img_hdr
                0x0000000008002e8e       0x22 /mnt/d/Marcelo/bitbucket/mcuboot/mcuboot/boot/bootutil/src/loader.o
 .text.boot_img_slot_off
                0x0000000008002eb0       0x2a /mnt/d/Marcelo/bitbucket/mcuboot/mcuboot/boot/bootutil/src/loader.o
 .text.boot_read_image_headers
                0x0000000008002eda       0x6c /mnt/d/Marcelo/bitbucket/mcuboot/mcuboot/boot/bootutil/src/loader.o
 .text.boot_add_shared_data
                0x0000000008002f46       0x18 /mnt/d/Marcelo/bitbucket/mcuboot/mcuboot/boot/bootutil/src/loader.o
 .text.fill_rsp
                0x0000000008002f5e       0x52 /mnt/d/Marcelo/bitbucket/mcuboot/mcuboot/boot/bootutil/src/loader.o
 .text.close_all_flash_areas
                0x0000000008002fb0       0x48 /mnt/d/Marcelo/bitbucket/mcuboot/mcuboot/boot/bootutil/src/loader.o
 .text.boot_read_image_size
                0x0000000008002ff8       0xfa /mnt/d/Marcelo/bitbucket/mcuboot/mcuboot/boot/bootutil/src/loader.o
 .text.boot_write_sz
                0x00000000080030f2       0x3a /mnt/d/Marcelo/bitbucket/mcuboot/mcuboot/boot/bootutil/src/loader.o
 .text.boot_initialize_area
                0x000000000800312c       0x7c /mnt/d/Marcelo/bitbucket/mcuboot/mcuboot/boot/bootutil/src/loader.o
 .text.boot_read_sectors
                0x00000000080031a8       0x5e /mnt/d/Marcelo/bitbucket/mcuboot/mcuboot/boot/bootutil/src/loader.o
 .text.boot_status_reset
                0x0000000008003206       0x3e /mnt/d/Marcelo/bitbucket/mcuboot/mcuboot/boot/bootutil/src/loader.o
                0x0000000008003206                boot_status_reset
 .text.boot_status_is_reset
                0x0000000008003244       0x38 /mnt/d/Marcelo/bitbucket/mcuboot/mcuboot/boot/bootutil/src/loader.o
                0x0000000008003244                boot_status_is_reset
 .text.boot_write_status
                0x000000000800327c       0xb4 /mnt/d/Marcelo/bitbucket/mcuboot/mcuboot/boot/bootutil/src/loader.o
                0x000000000800327c                boot_write_status
 .text.boot_image_check
                0x0000000008003330       0x5c /mnt/d/Marcelo/bitbucket/mcuboot/mcuboot/boot/bootutil/src/loader.o
 .text.boot_is_header_valid
                0x000000000800338c       0x5c /mnt/d/Marcelo/bitbucket/mcuboot/mcuboot/boot/bootutil/src/loader.o
 .text.boot_data_is_set_to
                0x00000000080033e8       0x46 /mnt/d/Marcelo/bitbucket/mcuboot/mcuboot/boot/bootutil/src/loader.o
 .text.boot_check_header_erased
                0x000000000800342e       0x7a /mnt/d/Marcelo/bitbucket/mcuboot/mcuboot/boot/bootutil/src/loader.o
 .text.boot_validate_slot
                0x00000000080034a8      0x148 /mnt/d/Marcelo/bitbucket/mcuboot/mcuboot/boot/bootutil/src/loader.o
 .text.boot_validated_swap_type
                0x00000000080035f0       0x98 /mnt/d/Marcelo/bitbucket/mcuboot/mcuboot/boot/bootutil/src/loader.o
 .text.boot_erase_region
                0x0000000008003688       0x20 /mnt/d/Marcelo/bitbucket/mcuboot/mcuboot/boot/bootutil/src/loader.o
                0x0000000008003688                boot_erase_region
 .text.boot_copy_region
                0x00000000080036a8       0x8c /mnt/d/Marcelo/bitbucket/mcuboot/mcuboot/boot/bootutil/src/loader.o
                0x00000000080036a8                boot_copy_region
 .text.boot_swap_image
                0x0000000008003734      0x114 /mnt/d/Marcelo/bitbucket/mcuboot/mcuboot/boot/bootutil/src/loader.o
 .text.boot_perform_update
                0x0000000008003848       0x94 /mnt/d/Marcelo/bitbucket/mcuboot/mcuboot/boot/bootutil/src/loader.o
 .text.boot_complete_partial_swap
                0x00000000080038dc       0xc4 /mnt/d/Marcelo/bitbucket/mcuboot/mcuboot/boot/bootutil/src/loader.o
 .text.boot_prepare_image_for_update
                0x00000000080039a0      0x180 /mnt/d/Marcelo/bitbucket/mcuboot/mcuboot/boot/bootutil/src/loader.o
 .text.boot_update_hw_rollback_protection
                0x0000000008003b20       0x16 /mnt/d/Marcelo/bitbucket/mcuboot/mcuboot/boot/bootutil/src/loader.o
 *fill*         0x0000000008003b36        0x2 
 .text.context_boot_go
                0x0000000008003b38      0x274 /mnt/d/Marcelo/bitbucket/mcuboot/mcuboot/boot/bootutil/src/loader.o
                0x0000000008003b38                context_boot_go
 .text.boot_go  0x0000000008003dac       0x38 /mnt/d/Marcelo/bitbucket/mcuboot/mcuboot/boot/bootutil/src/loader.o
                0x0000000008003dac                boot_go
 .text.flash_area_get_id
                0x0000000008003de4       0x18 /mnt/d/Marcelo/bitbucket/mcuboot/mcuboot/boot/bootutil/src/swap_misc.o
 .text.flash_sector_get_off
                0x0000000008003dfc       0x18 /mnt/d/Marcelo/bitbucket/mcuboot/mcuboot/boot/bootutil/src/swap_misc.o
 .text.flash_sector_get_size
                0x0000000008003e14       0x18 /mnt/d/Marcelo/bitbucket/mcuboot/mcuboot/boot/bootutil/src/swap_misc.o
 .text.boot_img_num_sectors
                0x0000000008003e2c       0x26 /mnt/d/Marcelo/bitbucket/mcuboot/mcuboot/boot/bootutil/src/swap_misc.o
 .text.boot_img_sector_size
                0x0000000008003e52       0x32 /mnt/d/Marcelo/bitbucket/mcuboot/mcuboot/boot/bootutil/src/swap_misc.o
 .text.boot_img_sector_off
                0x0000000008003e84       0x4c /mnt/d/Marcelo/bitbucket/mcuboot/mcuboot/boot/bootutil/src/swap_misc.o
 .text.swap_erase_trailer_sectors
                0x0000000008003ed0       0xec /mnt/d/Marcelo/bitbucket/mcuboot/mcuboot/boot/bootutil/src/swap_misc.o
                0x0000000008003ed0                swap_erase_trailer_sectors
 .text.swap_status_init
                0x0000000008003fbc       0xcc /mnt/d/Marcelo/bitbucket/mcuboot/mcuboot/boot/bootutil/src/swap_misc.o
                0x0000000008003fbc                swap_status_init
 .text.swap_read_status
                0x0000000008004088       0xe4 /mnt/d/Marcelo/bitbucket/mcuboot/mcuboot/boot/bootutil/src/swap_misc.o
                0x0000000008004088                swap_read_status
 .text.swap_set_copy_done
                0x000000000800416c       0x3e /mnt/d/Marcelo/bitbucket/mcuboot/mcuboot/boot/bootutil/src/swap_misc.o
                0x000000000800416c                swap_set_copy_done
 .text.swap_set_image_ok
                0x00000000080041aa       0x64 /mnt/d/Marcelo/bitbucket/mcuboot/mcuboot/boot/bootutil/src/swap_misc.o
                0x00000000080041aa                swap_set_image_ok
 .text.flash_area_get_size
                0x000000000800420e       0x18 /mnt/d/Marcelo/bitbucket/mcuboot/mcuboot/boot/bootutil/src/swap_scratch.o
 .text.flash_sector_get_off
                0x0000000008004226       0x18 /mnt/d/Marcelo/bitbucket/mcuboot/mcuboot/boot/bootutil/src/swap_scratch.o
 .text.flash_sector_get_size
                0x000000000800423e       0x18 /mnt/d/Marcelo/bitbucket/mcuboot/mcuboot/boot/bootutil/src/swap_scratch.o
 .text.boot_img_num_sectors
                0x0000000008004256       0x26 /mnt/d/Marcelo/bitbucket/mcuboot/mcuboot/boot/bootutil/src/swap_scratch.o
 .text.boot_img_sector_size
                0x000000000800427c       0x32 /mnt/d/Marcelo/bitbucket/mcuboot/mcuboot/boot/bootutil/src/swap_scratch.o
 .text.boot_img_sector_off
                0x00000000080042ae       0x4c /mnt/d/Marcelo/bitbucket/mcuboot/mcuboot/boot/bootutil/src/swap_scratch.o
 .text.boot_scratch_area_size
                0x00000000080042fa       0x1c /mnt/d/Marcelo/bitbucket/mcuboot/mcuboot/boot/bootutil/src/swap_scratch.o
 .text.boot_read_image_header
                0x0000000008004316       0x66 /mnt/d/Marcelo/bitbucket/mcuboot/mcuboot/boot/bootutil/src/swap_scratch.o
                0x0000000008004316                boot_read_image_header
 .text.swap_read_status_bytes
                0x000000000800437c      0x10c /mnt/d/Marcelo/bitbucket/mcuboot/mcuboot/boot/bootutil/src/swap_scratch.o
                0x000000000800437c                swap_read_status_bytes
 .text.boot_status_internal_off
                0x0000000008004488       0x3a /mnt/d/Marcelo/bitbucket/mcuboot/mcuboot/boot/bootutil/src/swap_scratch.o
                0x0000000008004488                boot_status_internal_off
 *fill*         0x00000000080044c2        0x2 
 .text.boot_slots_compatible
                0x00000000080044c4      0x184 /mnt/d/Marcelo/bitbucket/mcuboot/mcuboot/boot/bootutil/src/swap_scratch.o
                0x00000000080044c4                boot_slots_compatible
 .text.swap_status_source
                0x0000000008004648      0x184 /mnt/d/Marcelo/bitbucket/mcuboot/mcuboot/boot/bootutil/src/swap_scratch.o
                0x0000000008004648                swap_status_source
 .text.boot_copy_sz
                0x00000000080047cc       0x60 /mnt/d/Marcelo/bitbucket/mcuboot/mcuboot/boot/bootutil/src/swap_scratch.o
 .text.boot_swap_sectors
                0x000000000800482c      0x49c /mnt/d/Marcelo/bitbucket/mcuboot/mcuboot/boot/bootutil/src/swap_scratch.o
 .text.swap_run
                0x0000000008004cc8       0xd6 /mnt/d/Marcelo/bitbucket/mcuboot/mcuboot/boot/bootutil/src/swap_scratch.o
                0x0000000008004cc8                swap_run
 .text.bootutil_tlv_iter_begin
                0x0000000008004d9e       0xf6 /mnt/d/Marcelo/bitbucket/mcuboot/mcuboot/boot/bootutil/src/tlv.o
                0x0000000008004d9e                bootutil_tlv_iter_begin
 .text.bootutil_tlv_iter_next
                0x0000000008004e94       0xea /mnt/d/Marcelo/bitbucket/mcuboot/mcuboot/boot/bootutil/src/tlv.o
                0x0000000008004e94                bootutil_tlv_iter_next
 .text.stm32_do_boot
                0x0000000008004f7e       0x14 mcuboot_main.o
                0x0000000008004f7e                stm32_do_boot
 *fill*         0x0000000008004f92        0x2 
 .text.mcuboot_main
                0x0000000008004f94       0x28 mcuboot_main.o
                0x0000000008004f94                mcuboot_main
 .text.prv_lookup_flash_area
                0x0000000008004fbc       0x48 port_flash.o
 .text.flash_area_open
                0x0000000008005004       0x32 port_flash.o
                0x0000000008005004                flash_area_open
 .text.flash_area_close
                0x0000000008005036       0x14 port_flash.o
                0x0000000008005036                flash_area_close
 *fill*         0x000000000800504a        0x2 
 .text.Reset_Handler
                0x000000000800504c       0x50 hal/startup_stm32g431xx.o
                0x000000000800504c                Reset_Handler
 .text.Default_Handler
                0x000000000800509c        0x2 hal/startup_stm32g431xx.o
                0x000000000800509c                RTC_Alarm_IRQHandler
                0x000000000800509c                EXTI2_IRQHandler
                0x000000000800509c                TIM8_TRG_COM_IRQHandler
                0x000000000800509c                TIM8_CC_IRQHandler
                0x000000000800509c                TIM1_CC_IRQHandler
                0x000000000800509c                USB_HP_IRQHandler
                0x000000000800509c                CORDIC_IRQHandler
                0x000000000800509c                EXTI3_IRQHandler
                0x000000000800509c                I2C3_ER_IRQHandler
                0x000000000800509c                EXTI0_IRQHandler
                0x000000000800509c                I2C2_EV_IRQHandler
                0x000000000800509c                FPU_IRQHandler
                0x000000000800509c                FDCAN1_IT1_IRQHandler
                0x000000000800509c                TIM1_UP_TIM16_IRQHandler
                0x000000000800509c                ADC1_2_IRQHandler
                0x000000000800509c                SPI1_IRQHandler
                0x000000000800509c                TIM6_DAC_IRQHandler
                0x000000000800509c                TIM8_UP_IRQHandler
                0x000000000800509c                DMA2_Channel2_IRQHandler
                0x000000000800509c                DMA1_Channel4_IRQHandler
                0x000000000800509c                USART3_IRQHandler
                0x000000000800509c                TIM4_IRQHandler
                0x000000000800509c                DMA2_Channel1_IRQHandler
                0x000000000800509c                I2C1_EV_IRQHandler
                0x000000000800509c                DMA1_Channel6_IRQHandler
                0x000000000800509c                UART4_IRQHandler
                0x000000000800509c                DMA2_Channel4_IRQHandler
                0x000000000800509c                TIM3_IRQHandler
                0x000000000800509c                RCC_IRQHandler
                0x000000000800509c                DMA1_Channel1_IRQHandler
                0x000000000800509c                Default_Handler
                0x000000000800509c                RTC_TAMP_LSECSS_IRQHandler
                0x000000000800509c                FMAC_IRQHandler
                0x000000000800509c                EXTI15_10_IRQHandler
                0x000000000800509c                TIM7_IRQHandler
                0x000000000800509c                UCPD1_IRQHandler
                0x000000000800509c                I2C3_EV_IRQHandler
                0x000000000800509c                EXTI9_5_IRQHandler
                0x000000000800509c                RTC_WKUP_IRQHandler
                0x000000000800509c                PVD_PVM_IRQHandler
                0x000000000800509c                SPI2_IRQHandler
                0x000000000800509c                DMA2_Channel5_IRQHandler
                0x000000000800509c                CRS_IRQHandler
                0x000000000800509c                DMA1_Channel5_IRQHandler
                0x000000000800509c                USB_LP_IRQHandler
                0x000000000800509c                EXTI4_IRQHandler
                0x000000000800509c                RNG_IRQHandler
                0x000000000800509c                TIM1_TRG_COM_TIM17_IRQHandler
                0x000000000800509c                DMA1_Channel3_IRQHandler
                0x000000000800509c                WWDG_IRQHandler
                0x000000000800509c                LPUART1_IRQHandler
                0x000000000800509c                DMA2_Channel6_IRQHandler
                0x000000000800509c                FDCAN1_IT0_IRQHandler
                0x000000000800509c                TIM2_IRQHandler
                0x000000000800509c                COMP1_2_3_IRQHandler
                0x000000000800509c                EXTI1_IRQHandler
                0x000000000800509c                USART2_IRQHandler
                0x000000000800509c                I2C2_ER_IRQHandler
                0x000000000800509c                DMA1_Channel2_IRQHandler
                0x000000000800509c                TIM8_BRK_IRQHandler
                0x000000000800509c                FLASH_IRQHandler
                0x000000000800509c                USART1_IRQHandler
                0x000000000800509c                SPI3_IRQHandler
                0x000000000800509c                I2C1_ER_IRQHandler
                0x000000000800509c                LPTIM1_IRQHandler
                0x000000000800509c                DMAMUX_OVR_IRQHandler
                0x000000000800509c                USBWakeUp_IRQHandler
                0x000000000800509c                SAI1_IRQHandler
                0x000000000800509c                DMA2_Channel3_IRQHandler
                0x000000000800509c                COMP4_IRQHandler
                0x000000000800509c                TIM1_BRK_TIM15_IRQHandler
 *fill*         0x000000000800509e        0x2 
 .text.__NVIC_SetPriorityGrouping
                0x00000000080050a0       0x48 hal/Core/Src/main.o
 .text.__NVIC_GetPriorityGrouping
                0x00000000080050e8       0x1c hal/Core/Src/main.o
 .text.__NVIC_SetPriority
                0x0000000008005104       0x54 hal/Core/Src/main.o
 .text.NVIC_EncodePriority
                0x0000000008005158       0x66 hal/Core/Src/main.o
 *fill*         0x00000000080051be        0x2 
 .text.LL_RCC_HSI_Enable
                0x00000000080051c0       0x20 hal/Core/Src/main.o
 .text.LL_RCC_HSI_IsReady
                0x00000000080051e0       0x28 hal/Core/Src/main.o
 .text.LL_RCC_HSI_SetCalibTrimming
                0x0000000008005208       0x2c hal/Core/Src/main.o
 .text.LL_RCC_SetSysClkSource
                0x0000000008005234       0x28 hal/Core/Src/main.o
 .text.LL_RCC_GetSysClkSource
                0x000000000800525c       0x1c hal/Core/Src/main.o
 .text.LL_RCC_SetAHBPrescaler
                0x0000000008005278       0x28 hal/Core/Src/main.o
 .text.LL_RCC_SetAPB1Prescaler
                0x00000000080052a0       0x28 hal/Core/Src/main.o
 .text.LL_RCC_SetAPB2Prescaler
                0x00000000080052c8       0x28 hal/Core/Src/main.o
 .text.LL_RCC_SetUSARTClockSource
                0x00000000080052f0       0x34 hal/Core/Src/main.o
 .text.LL_RCC_PLL_Enable
                0x0000000008005324       0x20 hal/Core/Src/main.o
 .text.LL_RCC_PLL_IsReady
                0x0000000008005344       0x28 hal/Core/Src/main.o
 .text.LL_RCC_PLL_ConfigDomain_SYS
                0x000000000800536c       0x40 hal/Core/Src/main.o
 .text.LL_RCC_PLL_EnableDomain_SYS
                0x00000000080053ac       0x20 hal/Core/Src/main.o
 .text.LL_APB1_GRP1_EnableClock
                0x00000000080053cc       0x30 hal/Core/Src/main.o
 .text.LL_APB2_GRP1_EnableClock
                0x00000000080053fc       0x30 hal/Core/Src/main.o
 .text.LL_FLASH_SetLatency
                0x000000000800542c       0x28 hal/Core/Src/main.o
 .text.LL_FLASH_GetLatency
                0x0000000008005454       0x1c hal/Core/Src/main.o
 .text.LL_PWR_EnableRange1BoostMode
                0x0000000008005470       0x24 hal/Core/Src/main.o
 .text.LL_PWR_DisableUCPDDeadBattery
                0x0000000008005494       0x20 hal/Core/Src/main.o
 .text.main     0x00000000080054b4       0x4a hal/Core/Src/main.o
                0x00000000080054b4                main
 *fill*         0x00000000080054fe        0x2 
 .text.SystemClock_Config
                0x0000000008005500       0xc8 hal/Core/Src/main.o
                0x0000000008005500                SystemClock_Config
 .text.NMI_Handler
                0x00000000080055c8        0x6 hal/Core/Src/stm32g4xx_it.o
                0x00000000080055c8                NMI_Handler
 .text.HardFault_Handler
                0x00000000080055ce        0x6 hal/Core/Src/stm32g4xx_it.o
                0x00000000080055ce                HardFault_Handler
 .text.MemManage_Handler
                0x00000000080055d4        0x6 hal/Core/Src/stm32g4xx_it.o
                0x00000000080055d4                MemManage_Handler
 .text.BusFault_Handler
                0x00000000080055da        0x6 hal/Core/Src/stm32g4xx_it.o
                0x00000000080055da                BusFault_Handler
 .text.UsageFault_Handler
                0x00000000080055e0        0x6 hal/Core/Src/stm32g4xx_it.o
                0x00000000080055e0                UsageFault_Handler
 .text.SVC_Handler
                0x00000000080055e6        0xe hal/Core/Src/stm32g4xx_it.o
                0x00000000080055e6                SVC_Handler
 .text.DebugMon_Handler
                0x00000000080055f4        0xe hal/Core/Src/stm32g4xx_it.o
                0x00000000080055f4                DebugMon_Handler
 .text.PendSV_Handler
                0x0000000008005602        0xe hal/Core/Src/stm32g4xx_it.o
                0x0000000008005602                PendSV_Handler
 .text.SysTick_Handler
                0x0000000008005610        0xe hal/Core/Src/stm32g4xx_it.o
                0x0000000008005610                SysTick_Handler
 *fill*         0x000000000800561e        0x2 
 .text.SystemInit
                0x0000000008005620       0x24 hal/Core/Src/system_stm32g4xx.o
                0x0000000008005620                SystemInit
 .text.LL_AHB2_GRP1_EnableClock
                0x0000000008005644       0x30 hal/Core/Src/gpio.o
 .text.MX_GPIO_Init
                0x0000000008005674       0x14 hal/Core/Src/gpio.o
                0x0000000008005674                MX_GPIO_Init
 .text.LL_AHB2_GRP1_EnableClock
                0x0000000008005688       0x30 hal/Core/Src/usart.o
 .text.LL_APB1_GRP1_EnableClock
                0x00000000080056b8       0x30 hal/Core/Src/usart.o
 .text.LL_USART_Enable
                0x00000000080056e8       0x20 hal/Core/Src/usart.o
 .text.LL_USART_DisableFIFO
                0x0000000008005708       0x20 hal/Core/Src/usart.o
 .text.LL_USART_SetTXFIFOThreshold
                0x0000000008005728       0x28 hal/Core/Src/usart.o
 .text.LL_USART_SetRXFIFOThreshold
                0x0000000008005750       0x28 hal/Core/Src/usart.o
 .text.LL_USART_ConfigAsyncMode
                0x0000000008005778       0x2c hal/Core/Src/usart.o
 .text.LL_USART_IsActiveFlag_TEACK
                0x00000000080057a4       0x28 hal/Core/Src/usart.o
 .text.LL_USART_IsActiveFlag_REACK
                0x00000000080057cc       0x28 hal/Core/Src/usart.o
 .text.MX_USART2_UART_Init
                0x00000000080057f4       0xf4 hal/Core/Src/usart.o
                0x00000000080057f4                MX_USART2_UART_Init
 .text.LL_InitTick
                0x00000000080058e8       0x34 hal/Drivers/STM32G4xx_HAL_Driver/Src/stm32g4xx_ll_utils.o
 .text.LL_Init1msTick
                0x000000000800591c       0x1a hal/Drivers/STM32G4xx_HAL_Driver/Src/stm32g4xx_ll_utils.o
                0x000000000800591c                LL_Init1msTick
 *fill*         0x0000000008005936        0x2 
 .text.LL_SetSystemCoreClock
                0x0000000008005938       0x20 hal/Drivers/STM32G4xx_HAL_Driver/Src/stm32g4xx_ll_utils.o
                0x0000000008005938                LL_SetSystemCoreClock
 .text.LL_GPIO_SetPinMode
                0x0000000008005958       0x7a hal/Drivers/STM32G4xx_HAL_Driver/Src/stm32g4xx_ll_gpio.o
 .text.LL_GPIO_SetPinOutputType
                0x00000000080059d2       0x30 hal/Drivers/STM32G4xx_HAL_Driver/Src/stm32g4xx_ll_gpio.o
 .text.LL_GPIO_SetPinSpeed
                0x0000000008005a02       0x7a hal/Drivers/STM32G4xx_HAL_Driver/Src/stm32g4xx_ll_gpio.o
 .text.LL_GPIO_SetPinPull
                0x0000000008005a7c       0x7a hal/Drivers/STM32G4xx_HAL_Driver/Src/stm32g4xx_ll_gpio.o
 .text.LL_GPIO_SetAFPin_0_7
                0x0000000008005af6       0x7a hal/Drivers/STM32G4xx_HAL_Driver/Src/stm32g4xx_ll_gpio.o
 .text.LL_GPIO_SetAFPin_8_15
                0x0000000008005b70       0x7e hal/Drivers/STM32G4xx_HAL_Driver/Src/stm32g4xx_ll_gpio.o
 .text.LL_GPIO_Init
                0x0000000008005bee       0xdc hal/Drivers/STM32G4xx_HAL_Driver/Src/stm32g4xx_ll_gpio.o
                0x0000000008005bee                LL_GPIO_Init
 .text.LL_USART_IsEnabled
                0x0000000008005cca       0x26 hal/Drivers/STM32G4xx_HAL_Driver/Src/stm32g4xx_ll_usart.o
 .text.LL_USART_SetPrescaler
                0x0000000008005cf0       0x28 hal/Drivers/STM32G4xx_HAL_Driver/Src/stm32g4xx_ll_usart.o
 .text.LL_USART_SetStopBitsLength
                0x0000000008005d18       0x26 hal/Drivers/STM32G4xx_HAL_Driver/Src/stm32g4xx_ll_usart.o
 .text.LL_USART_SetHWFlowCtrl
                0x0000000008005d3e       0x26 hal/Drivers/STM32G4xx_HAL_Driver/Src/stm32g4xx_ll_usart.o
 .text.LL_USART_SetBaudRate
                0x0000000008005d64       0xa0 hal/Drivers/STM32G4xx_HAL_Driver/Src/stm32g4xx_ll_usart.o
 .text.LL_USART_Init
                0x0000000008005e04       0xf4 hal/Drivers/STM32G4xx_HAL_Driver/Src/stm32g4xx_ll_usart.o
                0x0000000008005e04                LL_USART_Init
 .text.LL_RCC_HSI_IsReady
                0x0000000008005ef8       0x28 hal/Drivers/STM32G4xx_HAL_Driver/Src/stm32g4xx_ll_rcc.o
 .text.LL_RCC_LSE_IsReady
                0x0000000008005f20       0x28 hal/Drivers/STM32G4xx_HAL_Driver/Src/stm32g4xx_ll_rcc.o
 .text.LL_RCC_GetSysClkSource
                0x0000000008005f48       0x1c hal/Drivers/STM32G4xx_HAL_Driver/Src/stm32g4xx_ll_rcc.o
 .text.LL_RCC_GetAHBPrescaler
                0x0000000008005f64       0x1c hal/Drivers/STM32G4xx_HAL_Driver/Src/stm32g4xx_ll_rcc.o
 .text.LL_RCC_GetAPB1Prescaler
                0x0000000008005f80       0x1c hal/Drivers/STM32G4xx_HAL_Driver/Src/stm32g4xx_ll_rcc.o
 .text.LL_RCC_GetAPB2Prescaler
                0x0000000008005f9c       0x1c hal/Drivers/STM32G4xx_HAL_Driver/Src/stm32g4xx_ll_rcc.o
 .text.LL_RCC_GetUSARTClockSource
                0x0000000008005fb8       0x28 hal/Drivers/STM32G4xx_HAL_Driver/Src/stm32g4xx_ll_rcc.o
 .text.LL_RCC_GetUARTClockSource
                0x0000000008005fe0       0x28 hal/Drivers/STM32G4xx_HAL_Driver/Src/stm32g4xx_ll_rcc.o
 .text.LL_RCC_PLL_GetMainSource
                0x0000000008006008       0x1c hal/Drivers/STM32G4xx_HAL_Driver/Src/stm32g4xx_ll_rcc.o
 .text.LL_RCC_PLL_GetN
                0x0000000008006024       0x1c hal/Drivers/STM32G4xx_HAL_Driver/Src/stm32g4xx_ll_rcc.o
 .text.LL_RCC_PLL_GetR
                0x0000000008006040       0x1c hal/Drivers/STM32G4xx_HAL_Driver/Src/stm32g4xx_ll_rcc.o
 .text.LL_RCC_PLL_GetDivider
                0x000000000800605c       0x1c hal/Drivers/STM32G4xx_HAL_Driver/Src/stm32g4xx_ll_rcc.o
 .text.LL_RCC_GetUSARTClockFreq
                0x0000000008006078      0x18c hal/Drivers/STM32G4xx_HAL_Driver/Src/stm32g4xx_ll_rcc.o
                0x0000000008006078                LL_RCC_GetUSARTClockFreq
 .text.LL_RCC_GetUARTClockFreq
                0x0000000008006204       0x98 hal/Drivers/STM32G4xx_HAL_Driver/Src/stm32g4xx_ll_rcc.o
                0x0000000008006204                LL_RCC_GetUARTClockFreq
 .text.RCC_GetSystemClockFreq
                0x000000000800629c       0x4c hal/Drivers/STM32G4xx_HAL_Driver/Src/stm32g4xx_ll_rcc.o
 .text.RCC_GetHCLKClockFreq
                0x00000000080062e8       0x30 hal/Drivers/STM32G4xx_HAL_Driver/Src/stm32g4xx_ll_rcc.o
 .text.RCC_GetPCLK1ClockFreq
                0x0000000008006318       0x2c hal/Drivers/STM32G4xx_HAL_Driver/Src/stm32g4xx_ll_rcc.o
 .text.RCC_GetPCLK2ClockFreq
                0x0000000008006344       0x2c hal/Drivers/STM32G4xx_HAL_Driver/Src/stm32g4xx_ll_rcc.o
 .text.RCC_PLL_GetFreqDomain_SYS
                0x0000000008006370       0x68 hal/Drivers/STM32G4xx_HAL_Driver/Src/stm32g4xx_ll_rcc.o
 *(.glue_7)
 .glue_7        0x00000000080063d8        0x0 linker stubs
 *(.glue_7t)
 .glue_7t       0x00000000080063d8        0x0 linker stubs
 *(.eh_frame)
 .eh_frame      0x00000000080063d8        0x0 /usr/lib/gcc/arm-none-eabi/9.2.1/thumb/v7e-m+fp/hard/crtbegin.o
 *(.init)
 .init          0x00000000080063d8        0x4 /usr/lib/gcc/arm-none-eabi/9.2.1/thumb/v7e-m+fp/hard/crti.o
                0x00000000080063d8                _init
 .init          0x00000000080063dc        0x8 /usr/lib/gcc/arm-none-eabi/9.2.1/thumb/v7e-m+fp/hard/crtn.o
 *(.fini)
 .fini          0x00000000080063e4        0x4 /usr/lib/gcc/arm-none-eabi/9.2.1/thumb/v7e-m+fp/hard/crti.o
                0x00000000080063e4                _fini
 .fini          0x00000000080063e8        0x8 /usr/lib/gcc/arm-none-eabi/9.2.1/thumb/v7e-m+fp/hard/crtn.o
                0x00000000080063f0                . = ALIGN (0x4)
                0x00000000080063f0                _etext = .

.vfp11_veneer   0x00000000080063f0        0x0
 .vfp11_veneer  0x00000000080063f0        0x0 linker stubs

.v4_bx          0x00000000080063f0        0x0
 .v4_bx         0x00000000080063f0        0x0 linker stubs

.iplt           0x00000000080063f0        0x0
 .iplt          0x00000000080063f0        0x0 /usr/lib/gcc/arm-none-eabi/9.2.1/thumb/v7e-m+fp/hard/crtbegin.o

.rodata         0x00000000080063f0      0x854
                0x00000000080063f0                . = ALIGN (0x4)
 *(.rodata)
 .rodata        0x00000000080063f0        0x4 /usr/lib/gcc/arm-none-eabi/9.2.1/../../../arm-none-eabi/lib/thumb/v7e-m+fp/hard/libc_nano.a(lib_a-impure.o)
                0x00000000080063f0                _global_impure_ptr
 .rodata        0x00000000080063f4       0x77 /mnt/d/Marcelo/bitbucket/mcuboot/mcuboot/boot/bootutil/src/bootutil_misc.o
 *fill*         0x000000000800646b        0x1 
 .rodata        0x000000000800646c      0x12a /mnt/d/Marcelo/bitbucket/mcuboot/mcuboot/boot/bootutil/src/bootutil_public.o
 *fill*         0x0000000008006596        0x2 
 .rodata        0x0000000008006598      0x17a /mnt/d/Marcelo/bitbucket/mcuboot/mcuboot/boot/bootutil/src/loader.o
 *fill*         0x0000000008006712        0x2 
 .rodata        0x0000000008006714       0x52 /mnt/d/Marcelo/bitbucket/mcuboot/mcuboot/boot/bootutil/src/swap_misc.o
 *fill*         0x0000000008006766        0x2 
 .rodata        0x0000000008006768      0x23b /mnt/d/Marcelo/bitbucket/mcuboot/mcuboot/boot/bootutil/src/swap_scratch.o
 *fill*         0x00000000080069a3        0x1 
 .rodata        0x00000000080069a4       0x60 /usr/lib/gcc/arm-none-eabi/9.2.1/../../../arm-none-eabi/lib/thumb/v7e-m+fp/hard/libc_nano.a(lib_a-findfp.o)
                0x00000000080069a4                __sf_fake_stderr
                0x00000000080069c4                __sf_fake_stdout
                0x00000000080069e4                __sf_fake_stdin
 *(.rodata*)
 .rodata.__func__.6665
                0x0000000008006a04       0x10 /mnt/d/Marcelo/bitbucket/mcuboot/mcuboot/boot/bootutil/src/bootutil_misc.o
 .rodata.boot_img_magic
                0x0000000008006a14       0x10 /mnt/d/Marcelo/bitbucket/mcuboot/mcuboot/boot/bootutil/src/bootutil_public.o
                0x0000000008006a14                boot_img_magic
 .rodata.boot_swap_tables
                0x0000000008006a24       0x12 /mnt/d/Marcelo/bitbucket/mcuboot/mcuboot/boot/bootutil/src/bootutil_public.o
 *fill*         0x0000000008006a36        0x2 
 .rodata.__func__.6612
                0x0000000008006a38       0x15 /mnt/d/Marcelo/bitbucket/mcuboot/mcuboot/boot/bootutil/src/bootutil_public.o
 *fill*         0x0000000008006a4d        0x3 
 .rodata.ec_pubkey_oid
                0x0000000008006a50        0x8 /mnt/d/Marcelo/bitbucket/mcuboot/mcuboot/boot/bootutil/src/image_ec256.o
 .rodata.ec_secp256r1_oid
                0x0000000008006a58        0x9 /mnt/d/Marcelo/bitbucket/mcuboot/mcuboot/boot/bootutil/src/image_ec256.o
 *fill*         0x0000000008006a61        0x3 
 .rodata.__func__.7163
                0x0000000008006a64       0x10 /mnt/d/Marcelo/bitbucket/mcuboot/mcuboot/boot/bootutil/src/loader.o
 .rodata.__func__.7172
                0x0000000008006a74       0x14 /mnt/d/Marcelo/bitbucket/mcuboot/mcuboot/boot/bootutil/src/loader.o
 .rodata.__func__.7178
                0x0000000008006a88       0x1b /mnt/d/Marcelo/bitbucket/mcuboot/mcuboot/boot/bootutil/src/loader.o
 *fill*         0x0000000008006aa3        0x1 
 .rodata.__func__.7186
                0x0000000008006aa4       0x1e /mnt/d/Marcelo/bitbucket/mcuboot/mcuboot/boot/bootutil/src/loader.o
 *fill*         0x0000000008006ac2        0x2 
 .rodata.__func__.7204
                0x0000000008006ac4       0x10 /mnt/d/Marcelo/bitbucket/mcuboot/mcuboot/boot/bootutil/src/loader.o
 .rodata.__func__.6966
                0x0000000008006ad4       0x1b /mnt/d/Marcelo/bitbucket/mcuboot/mcuboot/boot/bootutil/src/swap_misc.o
 *fill*         0x0000000008006aef        0x1 
 .rodata.__func__.6977
                0x0000000008006af0       0x11 /mnt/d/Marcelo/bitbucket/mcuboot/mcuboot/boot/bootutil/src/swap_misc.o
 *fill*         0x0000000008006b01        0x3 
 .rodata.__func__.6992
                0x0000000008006b04       0x11 /mnt/d/Marcelo/bitbucket/mcuboot/mcuboot/boot/bootutil/src/swap_misc.o
 *fill*         0x0000000008006b15        0x3 
 .rodata.boot_status_tables
                0x0000000008006b18       0x10 /mnt/d/Marcelo/bitbucket/mcuboot/mcuboot/boot/bootutil/src/swap_scratch.o
 .rodata.__func__.7016
                0x0000000008006b28       0x13 /mnt/d/Marcelo/bitbucket/mcuboot/mcuboot/boot/bootutil/src/swap_scratch.o
 *fill*         0x0000000008006b3b        0x1 
 .rodata.__func__.7050
                0x0000000008006b3c       0x12 /mnt/d/Marcelo/bitbucket/mcuboot/mcuboot/boot/bootutil/src/swap_scratch.o
 *fill*         0x0000000008006b4e        0x2 
 .rodata.bootloader
                0x0000000008006b50        0xc port_flash.o
 .rodata.scratch_img0
                0x0000000008006b5c        0xc port_flash.o
 .rodata.primary_img0
                0x0000000008006b68        0xc port_flash.o
 .rodata.secondary_img0
                0x0000000008006b74        0xc port_flash.o
 .rodata.AHBPrescTable
                0x0000000008006b80       0x10 hal/Core/Src/system_stm32g4xx.o
                0x0000000008006b80                AHBPrescTable
 .rodata.APBPrescTable
                0x0000000008006b90        0x8 hal/Core/Src/system_stm32g4xx.o
                0x0000000008006b90                APBPrescTable
 .rodata.USART_PRESCALER_TAB
                0x0000000008006b98       0x30 hal/Drivers/STM32G4xx_HAL_Driver/Src/stm32g4xx_ll_usart.o
 .rodata.str1.4
                0x0000000008006bc8       0x3f /usr/lib/gcc/arm-none-eabi/9.2.1/../../../arm-none-eabi/lib/thumb/v7e-m+fp/hard/libc_nano.a(lib_a-assert.o)
                                         0x43 (size before relaxing)
 *fill*         0x0000000008006c07        0x1 
 .rodata.str1.4
                0x0000000008006c08       0x13 /usr/lib/gcc/arm-none-eabi/9.2.1/../../../arm-none-eabi/lib/thumb/v7e-m+fp/hard/libc_nano.a(lib_a-nano-vfprintf.o)
 *fill*         0x0000000008006c1b        0x1 
 .rodata.str1.4
                0x0000000008006c1c       0x25 /usr/lib/gcc/arm-none-eabi/9.2.1/../../../arm-none-eabi/lib/thumb/v7e-m+fp/hard/libc_nano.a(lib_a-nano-vfprintf_i.o)
                0x0000000008006c44                . = ALIGN (0x4)
 *fill*         0x0000000008006c41        0x3 

.rel.dyn        0x0000000008006c44        0x0
 .rel.iplt      0x0000000008006c44        0x0 /usr/lib/gcc/arm-none-eabi/9.2.1/thumb/v7e-m+fp/hard/crtbegin.o

.ARM.extab
 *(.ARM.extab* .gnu.linkonce.armextab.*)

.ARM            0x0000000008006c44        0x0
                0x0000000008006c44                __exidx_start = .
 *(.ARM.exidx*)
                0x0000000008006c44                __exidx_end = .

.preinit_array  0x0000000008006c44        0x0
                0x0000000008006c44                PROVIDE (__preinit_array_start = .)
 *(.preinit_array*)
                0x0000000008006c44                PROVIDE (__preinit_array_end = .)

.init_array     0x0000000008006c44        0x4
                0x0000000008006c44                PROVIDE (__init_array_start = .)
 *(SORT_BY_NAME(.init_array.*))
 *(.init_array*)
 .init_array    0x0000000008006c44        0x4 /usr/lib/gcc/arm-none-eabi/9.2.1/thumb/v7e-m+fp/hard/crtbegin.o
                0x0000000008006c48                PROVIDE (__init_array_end = .)

.fini_array     0x0000000008006c48        0x4
                0x0000000008006c48                PROVIDE (__fini_array_start = .)
 *(SORT_BY_NAME(.fini_array.*))
 *(.fini_array*)
 .fini_array    0x0000000008006c48        0x4 /usr/lib/gcc/arm-none-eabi/9.2.1/thumb/v7e-m+fp/hard/crtbegin.o
                0x0000000008006c4c                PROVIDE (__fini_array_end = .)
                0x0000000008006c4c                _sidata = LOADADDR (.data)

.data           0x0000000020000000       0x7c load address 0x0000000008006c4c
                0x0000000020000000                . = ALIGN (0x4)
                0x0000000020000000                _sdata = .
 *(.data)
 .data          0x0000000020000000       0x64 /usr/lib/gcc/arm-none-eabi/9.2.1/../../../arm-none-eabi/lib/thumb/v7e-m+fp/hard/libc_nano.a(lib_a-impure.o)
                0x0000000020000000                _impure_ptr
 *(.data*)
 .data.FIH_FAILURE
                0x0000000020000064        0x4 /mnt/d/Marcelo/bitbucket/mcuboot/mcuboot/boot/bootutil/src/fault_injection_hardening.o
                0x0000000020000064                FIH_FAILURE
 .data.s_flash_areas
                0x0000000020000068       0x10 port_flash.o
 .data.SystemCoreClock
                0x0000000020000078        0x4 hal/Core/Src/system_stm32g4xx.o
                0x0000000020000078                SystemCoreClock
                0x000000002000007c                . = ALIGN (0x4)
                0x000000002000007c                _edata = .

.tm_clone_table
                0x000000002000007c        0x0 load address 0x0000000008006cc8
 .tm_clone_table
                0x000000002000007c        0x0 /usr/lib/gcc/arm-none-eabi/9.2.1/thumb/v7e-m+fp/hard/crtbegin.o
 .tm_clone_table
                0x000000002000007c        0x0 /usr/lib/gcc/arm-none-eabi/9.2.1/thumb/v7e-m+fp/hard/crtend.o

.igot.plt       0x000000002000007c        0x0 load address 0x0000000008006cc8
 .igot.plt      0x000000002000007c        0x0 /usr/lib/gcc/arm-none-eabi/9.2.1/thumb/v7e-m+fp/hard/crtbegin.o
                0x000000002000007c                . = ALIGN (0x4)

.bss            0x000000002000007c      0x7e8 load address 0x0000000008006cc8
                0x000000002000007c                _sbss = .
                0x000000002000007c                __bss_start__ = _sbss
 *(.bss)
 .bss           0x000000002000007c       0x1c /usr/lib/gcc/arm-none-eabi/9.2.1/thumb/v7e-m+fp/hard/crtbegin.o
 .bss           0x0000000020000098        0x8 /usr/lib/gcc/arm-none-eabi/9.2.1/../../../arm-none-eabi/lib/thumb/v7e-m+fp/hard/libc_nano.a(lib_a-nano-mallocr.o)
                0x0000000020000098                __malloc_free_list
                0x000000002000009c                __malloc_sbrk_start
 *(.bss*)
 .bss.FIH_SUCCESS
                0x00000000200000a0        0x4 /mnt/d/Marcelo/bitbucket/mcuboot/mcuboot/boot/bootutil/src/fault_injection_hardening.o
                0x00000000200000a0                FIH_SUCCESS
 .bss.boot_data
                0x00000000200000a4       0x6c /mnt/d/Marcelo/bitbucket/mcuboot/mcuboot/boot/bootutil/src/loader.o
 .bss.tmpbuf.7077
                0x0000000020000110      0x100 /mnt/d/Marcelo/bitbucket/mcuboot/mcuboot/boot/bootutil/src/loader.o
 .bss.buf.7148  0x0000000020000210      0x400 /mnt/d/Marcelo/bitbucket/mcuboot/mcuboot/boot/bootutil/src/loader.o
 .bss.primary_slot_sectors.7201
                0x0000000020000610       0xc0 /mnt/d/Marcelo/bitbucket/mcuboot/mcuboot/boot/bootutil/src/loader.o
 .bss.secondary_slot_sectors.7202
                0x00000000200006d0       0xc0 /mnt/d/Marcelo/bitbucket/mcuboot/mcuboot/boot/bootutil/src/loader.o
 .bss.scratch_sectors.7203
                0x0000000020000790       0xc0 /mnt/d/Marcelo/bitbucket/mcuboot/mcuboot/boot/bootutil/src/loader.o
 .bss.boot_status_fails
                0x0000000020000850        0x4 /mnt/d/Marcelo/bitbucket/mcuboot/mcuboot/boot/bootutil/src/swap_scratch.o
                0x0000000020000850                boot_status_fails
 .bss.rsp.6506  0x0000000020000854        0xc mcuboot_main.o
 *(COMMON)
 COMMON         0x0000000020000860        0x4 /usr/lib/gcc/arm-none-eabi/9.2.1/../../../arm-none-eabi/lib/thumb/v7e-m+fp/hard/libc_nano.a(lib_a-reent.o)
                0x0000000020000860                errno
                0x0000000020000864                . = ALIGN (0x4)
                0x0000000020000864                _ebss = .
                0x0000000020000864                __bss_end__ = _ebss

._user_heap_stack
                0x0000000020000864      0x604 load address 0x0000000008006cc8
                0x0000000020000868                . = ALIGN (0x8)
 *fill*         0x0000000020000864        0x4 
                [!provide]                        PROVIDE (end = .)
                [!provide]                        PROVIDE (_end = .)
                0x0000000020000a68                . = (. + _Min_Heap_Size)
 *fill*         0x0000000020000868      0x200 
                0x0000000020000e68                . = (. + _Min_Stack_Size)
 *fill*         0x0000000020000a68      0x400 
                0x0000000020000e68                . = ALIGN (0x8)

/DISCARD/
 libc.a(*)
 libm.a(*)
 libgcc.a(*)

.ARM.attributes
                0x0000000000000000       0x30
 *(.ARM.attributes)
 .ARM.attributes
                0x0000000000000000       0x1e /usr/lib/gcc/arm-none-eabi/9.2.1/thumb/v7e-m+fp/hard/crti.o
 .ARM.attributes
                0x000000000000001e       0x34 /usr/lib/gcc/arm-none-eabi/9.2.1/thumb/v7e-m+fp/hard/crtbegin.o
 .ARM.attributes
                0x0000000000000052       0x32 /usr/lib/gcc/arm-none-eabi/9.2.1/../../../arm-none-eabi/lib/thumb/v7e-m+fp/hard/libc_nano.a(lib_a-impure.o)
 .ARM.attributes
                0x0000000000000084       0x34 /usr/lib/gcc/arm-none-eabi/9.2.1/../../../arm-none-eabi/lib/thumb/v7e-m+fp/hard/libc_nano.a(lib_a-init.o)
 .ARM.attributes
                0x00000000000000b8       0x34 /usr/lib/gcc/arm-none-eabi/9.2.1/../../../arm-none-eabi/lib/thumb/v7e-m+fp/hard/libc_nano.a(lib_a-memset.o)
 .ARM.attributes
                0x00000000000000ec       0x34 /usr/lib/gcc/arm-none-eabi/9.2.1/../../../arm-none-eabi/lib/thumb/v7e-m+fp/hard/libnosys.a(_exit.o)
 .ARM.attributes
                0x0000000000000120       0x34 /mnt/d/Marcelo/bitbucket/mcuboot/mcuboot/boot/bootutil/src/bootutil_misc.o
 .ARM.attributes
                0x0000000000000154       0x34 /mnt/d/Marcelo/bitbucket/mcuboot/mcuboot/boot/bootutil/src/bootutil_public.o
 .ARM.attributes
                0x0000000000000188       0x39 /mnt/d/Marcelo/bitbucket/mcuboot/mcuboot/boot/bootutil/src/fault_injection_hardening.o
 .ARM.attributes
                0x00000000000001c1       0x34 /mnt/d/Marcelo/bitbucket/mcuboot/mcuboot/boot/bootutil/src/image_ec256.o
 .ARM.attributes
                0x00000000000001f5       0x34 /mnt/d/Marcelo/bitbucket/mcuboot/mcuboot/boot/bootutil/src/image_validate.o
 .ARM.attributes
                0x0000000000000229       0x34 /mnt/d/Marcelo/bitbucket/mcuboot/mcuboot/boot/bootutil/src/loader.o
 .ARM.attributes
                0x000000000000025d       0x34 /mnt/d/Marcelo/bitbucket/mcuboot/mcuboot/boot/bootutil/src/swap_misc.o
 .ARM.attributes
                0x0000000000000291       0x34 /mnt/d/Marcelo/bitbucket/mcuboot/mcuboot/boot/bootutil/src/swap_scratch.o
 .ARM.attributes
                0x00000000000002c5       0x34 /mnt/d/Marcelo/bitbucket/mcuboot/mcuboot/boot/bootutil/src/tlv.o
 .ARM.attributes
                0x00000000000002f9       0x34 mcuboot_main.o
 .ARM.attributes
                0x000000000000032d       0x34 port_flash.o
 .ARM.attributes
                0x0000000000000361       0x21 hal/startup_stm32g431xx.o
 .ARM.attributes
                0x0000000000000382       0x34 hal/Core/Src/main.o
 .ARM.attributes
                0x00000000000003b6       0x34 hal/Core/Src/stm32g4xx_it.o
 .ARM.attributes
                0x00000000000003ea       0x34 hal/Core/Src/system_stm32g4xx.o
 .ARM.attributes
                0x000000000000041e       0x34 hal/Core/Src/gpio.o
 .ARM.attributes
                0x0000000000000452       0x34 hal/Core/Src/usart.o
 .ARM.attributes
                0x0000000000000486       0x34 hal/Drivers/STM32G4xx_HAL_Driver/Src/stm32g4xx_ll_utils.o
 .ARM.attributes
                0x00000000000004ba       0x34 hal/Drivers/STM32G4xx_HAL_Driver/Src/stm32g4xx_ll_gpio.o
 .ARM.attributes
                0x00000000000004ee       0x34 hal/Drivers/STM32G4xx_HAL_Driver/Src/stm32g4xx_ll_usart.o
 .ARM.attributes
                0x0000000000000522       0x34 hal/Drivers/STM32G4xx_HAL_Driver/Src/stm32g4xx_ll_rcc.o
 .ARM.attributes
                0x0000000000000556       0x34 /usr/lib/gcc/arm-none-eabi/9.2.1/../../../arm-none-eabi/lib/thumb/v7e-m+fp/hard/libc_nano.a(lib_a-assert.o)
 .ARM.attributes
                0x000000000000058a       0x34 /usr/lib/gcc/arm-none-eabi/9.2.1/../../../arm-none-eabi/lib/thumb/v7e-m+fp/hard/libc_nano.a(lib_a-fprintf.o)
 .ARM.attributes
                0x00000000000005be       0x34 /usr/lib/gcc/arm-none-eabi/9.2.1/../../../arm-none-eabi/lib/thumb/v7e-m+fp/hard/libc_nano.a(lib_a-memcmp.o)
 .ARM.attributes
                0x00000000000005f2       0x1c /usr/lib/gcc/arm-none-eabi/9.2.1/../../../arm-none-eabi/lib/thumb/v7e-m+fp/hard/libc_nano.a(lib_a-memcpy.o)
 .ARM.attributes
                0x000000000000060e       0x34 /usr/lib/gcc/arm-none-eabi/9.2.1/../../../arm-none-eabi/lib/thumb/v7e-m+fp/hard/libc_nano.a(lib_a-nano-freer.o)
 .ARM.attributes
                0x0000000000000642       0x34 /usr/lib/gcc/arm-none-eabi/9.2.1/../../../arm-none-eabi/lib/thumb/v7e-m+fp/hard/libc_nano.a(lib_a-nano-mallocr.o)
 .ARM.attributes
                0x0000000000000676       0x34 /usr/lib/gcc/arm-none-eabi/9.2.1/../../../arm-none-eabi/lib/thumb/v7e-m+fp/hard/libc_nano.a(lib_a-nano-vfprintf.o)
 .ARM.attributes
                0x00000000000006aa       0x34 /usr/lib/gcc/arm-none-eabi/9.2.1/../../../arm-none-eabi/lib/thumb/v7e-m+fp/hard/libc_nano.a(lib_a-nano-vfprintf_i.o)
 .ARM.attributes
                0x00000000000006de       0x34 /usr/lib/gcc/arm-none-eabi/9.2.1/../../../arm-none-eabi/lib/thumb/v7e-m+fp/hard/libc_nano.a(lib_a-printf.o)
 .ARM.attributes
                0x0000000000000712       0x34 /usr/lib/gcc/arm-none-eabi/9.2.1/../../../arm-none-eabi/lib/thumb/v7e-m+fp/hard/libc_nano.a(lib_a-sbrkr.o)
 .ARM.attributes
                0x0000000000000746       0x34 /usr/lib/gcc/arm-none-eabi/9.2.1/../../../arm-none-eabi/lib/thumb/v7e-m+fp/hard/libc_nano.a(lib_a-wbuf.o)
 .ARM.attributes
                0x000000000000077a       0x34 /usr/lib/gcc/arm-none-eabi/9.2.1/../../../arm-none-eabi/lib/thumb/v7e-m+fp/hard/libc_nano.a(lib_a-wsetup.o)
 .ARM.attributes
                0x00000000000007ae       0x34 /usr/lib/gcc/arm-none-eabi/9.2.1/../../../arm-none-eabi/lib/thumb/v7e-m+fp/hard/libc_nano.a(lib_a-abort.o)
 .ARM.attributes
                0x00000000000007e2       0x34 /usr/lib/gcc/arm-none-eabi/9.2.1/../../../arm-none-eabi/lib/thumb/v7e-m+fp/hard/libc_nano.a(lib_a-fflush.o)
 .ARM.attributes
                0x0000000000000816       0x34 /usr/lib/gcc/arm-none-eabi/9.2.1/../../../arm-none-eabi/lib/thumb/v7e-m+fp/hard/libc_nano.a(lib_a-findfp.o)
 .ARM.attributes
                0x000000000000084a       0x34 /usr/lib/gcc/arm-none-eabi/9.2.1/../../../arm-none-eabi/lib/thumb/v7e-m+fp/hard/libc_nano.a(lib_a-fvwrite.o)
 .ARM.attributes
                0x000000000000087e       0x34 /usr/lib/gcc/arm-none-eabi/9.2.1/../../../arm-none-eabi/lib/thumb/v7e-m+fp/hard/libc_nano.a(lib_a-fwalk.o)
 .ARM.attributes
                0x00000000000008b2       0x34 /usr/lib/gcc/arm-none-eabi/9.2.1/../../../arm-none-eabi/lib/thumb/v7e-m+fp/hard/libc_nano.a(lib_a-makebuf.o)
 .ARM.attributes
                0x00000000000008e6       0x1c /usr/lib/gcc/arm-none-eabi/9.2.1/../../../arm-none-eabi/lib/thumb/v7e-m+fp/hard/libc_nano.a(lib_a-memchr.o)
 .ARM.attributes
                0x0000000000000902       0x34 /usr/lib/gcc/arm-none-eabi/9.2.1/../../../arm-none-eabi/lib/thumb/v7e-m+fp/hard/libc_nano.a(lib_a-memmove.o)
 .ARM.attributes
                0x0000000000000936       0x34 /usr/lib/gcc/arm-none-eabi/9.2.1/../../../arm-none-eabi/lib/thumb/v7e-m+fp/hard/libc_nano.a(lib_a-mlock.o)
 .ARM.attributes
                0x000000000000096a       0x34 /usr/lib/gcc/arm-none-eabi/9.2.1/../../../arm-none-eabi/lib/thumb/v7e-m+fp/hard/libc_nano.a(lib_a-nano-reallocr.o)
 .ARM.attributes
                0x000000000000099e       0x34 /usr/lib/gcc/arm-none-eabi/9.2.1/../../../arm-none-eabi/lib/thumb/v7e-m+fp/hard/libc_nano.a(lib_a-reent.o)
 .ARM.attributes
                0x00000000000009d2       0x34 /usr/lib/gcc/arm-none-eabi/9.2.1/../../../arm-none-eabi/lib/thumb/v7e-m+fp/hard/libc_nano.a(lib_a-signal.o)
 .ARM.attributes
                0x0000000000000a06       0x34 /usr/lib/gcc/arm-none-eabi/9.2.1/../../../arm-none-eabi/lib/thumb/v7e-m+fp/hard/libc_nano.a(lib_a-signalr.o)
 .ARM.attributes
                0x0000000000000a3a       0x34 /usr/lib/gcc/arm-none-eabi/9.2.1/../../../arm-none-eabi/lib/thumb/v7e-m+fp/hard/libc_nano.a(lib_a-stdio.o)
 .ARM.attributes
                0x0000000000000a6e       0x34 /usr/lib/gcc/arm-none-eabi/9.2.1/../../../arm-none-eabi/lib/thumb/v7e-m+fp/hard/libc_nano.a(lib_a-writer.o)
 .ARM.attributes
                0x0000000000000aa2       0x34 /usr/lib/gcc/arm-none-eabi/9.2.1/../../../arm-none-eabi/lib/thumb/v7e-m+fp/hard/libc_nano.a(lib_a-closer.o)
 .ARM.attributes
                0x0000000000000ad6       0x34 /usr/lib/gcc/arm-none-eabi/9.2.1/../../../arm-none-eabi/lib/thumb/v7e-m+fp/hard/libc_nano.a(lib_a-fstatr.o)
 .ARM.attributes
                0x0000000000000b0a       0x34 /usr/lib/gcc/arm-none-eabi/9.2.1/../../../arm-none-eabi/lib/thumb/v7e-m+fp/hard/libc_nano.a(lib_a-isattyr.o)
 .ARM.attributes
                0x0000000000000b3e       0x34 /usr/lib/gcc/arm-none-eabi/9.2.1/../../../arm-none-eabi/lib/thumb/v7e-m+fp/hard/libc_nano.a(lib_a-lseekr.o)
 .ARM.attributes
                0x0000000000000b72       0x34 /usr/lib/gcc/arm-none-eabi/9.2.1/../../../arm-none-eabi/lib/thumb/v7e-m+fp/hard/libc_nano.a(lib_a-nano-msizer.o)
 .ARM.attributes
                0x0000000000000ba6       0x34 /usr/lib/gcc/arm-none-eabi/9.2.1/../../../arm-none-eabi/lib/thumb/v7e-m+fp/hard/libc_nano.a(lib_a-readr.o)
 .ARM.attributes
                0x0000000000000bda       0x32 /usr/lib/gcc/arm-none-eabi/9.2.1/thumb/v7e-m+fp/hard/crtend.o
 .ARM.attributes
                0x0000000000000c0c       0x1e /usr/lib/gcc/arm-none-eabi/9.2.1/thumb/v7e-m+fp/hard/crtn.o
OUTPUT(mcuboot_firmware.elf elf32-littlearm)
LOAD linker stubs
LOAD /usr/lib/gcc/arm-none-eabi/9.2.1/../../../arm-none-eabi/lib/thumb/v7e-m+fp/hard/libc.a
LOAD /usr/lib/gcc/arm-none-eabi/9.2.1/../../../arm-none-eabi/lib/thumb/v7e-m+fp/hard/libm.a
LOAD /usr/lib/gcc/arm-none-eabi/9.2.1/thumb/v7e-m+fp/hard/libgcc.a

.comment        0x0000000000000000       0xa7
 .comment       0x0000000000000000       0x59 /usr/lib/gcc/arm-none-eabi/9.2.1/thumb/v7e-m+fp/hard/crtbegin.o
                                         0x5a (size before relaxing)
 .comment       0x0000000000000059       0x4e /usr/lib/gcc/arm-none-eabi/9.2.1/../../../arm-none-eabi/lib/thumb/v7e-m+fp/hard/libc_nano.a(lib_a-impure.o)
                                         0x4f (size before relaxing)
 .comment       0x00000000000000a7       0x4f /usr/lib/gcc/arm-none-eabi/9.2.1/../../../arm-none-eabi/lib/thumb/v7e-m+fp/hard/libc_nano.a(lib_a-init.o)
 .comment       0x00000000000000a7       0x4f /usr/lib/gcc/arm-none-eabi/9.2.1/../../../arm-none-eabi/lib/thumb/v7e-m+fp/hard/libc_nano.a(lib_a-memset.o)
 .comment       0x00000000000000a7       0x4f /usr/lib/gcc/arm-none-eabi/9.2.1/../../../arm-none-eabi/lib/thumb/v7e-m+fp/hard/libnosys.a(_exit.o)
 .comment       0x00000000000000a7       0x5a /mnt/d/Marcelo/bitbucket/mcuboot/mcuboot/boot/bootutil/src/bootutil_misc.o
 .comment       0x00000000000000a7       0x5a /mnt/d/Marcelo/bitbucket/mcuboot/mcuboot/boot/bootutil/src/bootutil_public.o
 .comment       0x00000000000000a7       0x5a /mnt/d/Marcelo/bitbucket/mcuboot/mcuboot/boot/bootutil/src/fault_injection_hardening.o
 .comment       0x00000000000000a7       0x5a /mnt/d/Marcelo/bitbucket/mcuboot/mcuboot/boot/bootutil/src/image_ec256.o
 .comment       0x00000000000000a7       0x5a /mnt/d/Marcelo/bitbucket/mcuboot/mcuboot/boot/bootutil/src/image_validate.o
 .comment       0x00000000000000a7       0x5a /mnt/d/Marcelo/bitbucket/mcuboot/mcuboot/boot/bootutil/src/loader.o
 .comment       0x00000000000000a7       0x5a /mnt/d/Marcelo/bitbucket/mcuboot/mcuboot/boot/bootutil/src/swap_misc.o
 .comment       0x00000000000000a7       0x5a /mnt/d/Marcelo/bitbucket/mcuboot/mcuboot/boot/bootutil/src/swap_scratch.o
 .comment       0x00000000000000a7       0x5a /mnt/d/Marcelo/bitbucket/mcuboot/mcuboot/boot/bootutil/src/tlv.o
 .comment       0x00000000000000a7       0x5a mcuboot_main.o
 .comment       0x00000000000000a7       0x5a port_flash.o
 .comment       0x00000000000000a7       0x5a hal/Core/Src/main.o
 .comment       0x00000000000000a7       0x5a hal/Core/Src/stm32g4xx_it.o
 .comment       0x00000000000000a7       0x5a hal/Core/Src/system_stm32g4xx.o
 .comment       0x00000000000000a7       0x5a hal/Core/Src/gpio.o
 .comment       0x00000000000000a7       0x5a hal/Core/Src/usart.o
 .comment       0x00000000000000a7       0x5a hal/Drivers/STM32G4xx_HAL_Driver/Src/stm32g4xx_ll_utils.o
 .comment       0x00000000000000a7       0x5a hal/Drivers/STM32G4xx_HAL_Driver/Src/stm32g4xx_ll_gpio.o
 .comment       0x00000000000000a7       0x5a hal/Drivers/STM32G4xx_HAL_Driver/Src/stm32g4xx_ll_usart.o
 .comment       0x00000000000000a7       0x5a hal/Drivers/STM32G4xx_HAL_Driver/Src/stm32g4xx_ll_rcc.o
 .comment       0x00000000000000a7       0x4f /usr/lib/gcc/arm-none-eabi/9.2.1/../../../arm-none-eabi/lib/thumb/v7e-m+fp/hard/libc_nano.a(lib_a-assert.o)
 .comment       0x00000000000000a7       0x4f /usr/lib/gcc/arm-none-eabi/9.2.1/../../../arm-none-eabi/lib/thumb/v7e-m+fp/hard/libc_nano.a(lib_a-fprintf.o)
 .comment       0x00000000000000a7       0x4f /usr/lib/gcc/arm-none-eabi/9.2.1/../../../arm-none-eabi/lib/thumb/v7e-m+fp/hard/libc_nano.a(lib_a-memcmp.o)
 .comment       0x00000000000000a7       0x4f /usr/lib/gcc/arm-none-eabi/9.2.1/../../../arm-none-eabi/lib/thumb/v7e-m+fp/hard/libc_nano.a(lib_a-nano-freer.o)
 .comment       0x00000000000000a7       0x4f /usr/lib/gcc/arm-none-eabi/9.2.1/../../../arm-none-eabi/lib/thumb/v7e-m+fp/hard/libc_nano.a(lib_a-nano-mallocr.o)
 .comment       0x00000000000000a7       0x4f /usr/lib/gcc/arm-none-eabi/9.2.1/../../../arm-none-eabi/lib/thumb/v7e-m+fp/hard/libc_nano.a(lib_a-nano-vfprintf.o)
 .comment       0x00000000000000a7       0x4f /usr/lib/gcc/arm-none-eabi/9.2.1/../../../arm-none-eabi/lib/thumb/v7e-m+fp/hard/libc_nano.a(lib_a-nano-vfprintf_i.o)
 .comment       0x00000000000000a7       0x4f /usr/lib/gcc/arm-none-eabi/9.2.1/../../../arm-none-eabi/lib/thumb/v7e-m+fp/hard/libc_nano.a(lib_a-printf.o)
 .comment       0x00000000000000a7       0x4f /usr/lib/gcc/arm-none-eabi/9.2.1/../../../arm-none-eabi/lib/thumb/v7e-m+fp/hard/libc_nano.a(lib_a-sbrkr.o)
 .comment       0x00000000000000a7       0x4f /usr/lib/gcc/arm-none-eabi/9.2.1/../../../arm-none-eabi/lib/thumb/v7e-m+fp/hard/libc_nano.a(lib_a-wbuf.o)
 .comment       0x00000000000000a7       0x4f /usr/lib/gcc/arm-none-eabi/9.2.1/../../../arm-none-eabi/lib/thumb/v7e-m+fp/hard/libc_nano.a(lib_a-wsetup.o)
 .comment       0x00000000000000a7       0x4f /usr/lib/gcc/arm-none-eabi/9.2.1/../../../arm-none-eabi/lib/thumb/v7e-m+fp/hard/libc_nano.a(lib_a-abort.o)
 .comment       0x00000000000000a7       0x4f /usr/lib/gcc/arm-none-eabi/9.2.1/../../../arm-none-eabi/lib/thumb/v7e-m+fp/hard/libc_nano.a(lib_a-fflush.o)
 .comment       0x00000000000000a7       0x4f /usr/lib/gcc/arm-none-eabi/9.2.1/../../../arm-none-eabi/lib/thumb/v7e-m+fp/hard/libc_nano.a(lib_a-findfp.o)
 .comment       0x00000000000000a7       0x4f /usr/lib/gcc/arm-none-eabi/9.2.1/../../../arm-none-eabi/lib/thumb/v7e-m+fp/hard/libc_nano.a(lib_a-fvwrite.o)
 .comment       0x00000000000000a7       0x4f /usr/lib/gcc/arm-none-eabi/9.2.1/../../../arm-none-eabi/lib/thumb/v7e-m+fp/hard/libc_nano.a(lib_a-fwalk.o)
 .comment       0x00000000000000a7       0x4f /usr/lib/gcc/arm-none-eabi/9.2.1/../../../arm-none-eabi/lib/thumb/v7e-m+fp/hard/libc_nano.a(lib_a-makebuf.o)
 .comment       0x00000000000000a7       0x4f /usr/lib/gcc/arm-none-eabi/9.2.1/../../../arm-none-eabi/lib/thumb/v7e-m+fp/hard/libc_nano.a(lib_a-memmove.o)
 .comment       0x00000000000000a7       0x4f /usr/lib/gcc/arm-none-eabi/9.2.1/../../../arm-none-eabi/lib/thumb/v7e-m+fp/hard/libc_nano.a(lib_a-mlock.o)
 .comment       0x00000000000000a7       0x4f /usr/lib/gcc/arm-none-eabi/9.2.1/../../../arm-none-eabi/lib/thumb/v7e-m+fp/hard/libc_nano.a(lib_a-nano-reallocr.o)
 .comment       0x00000000000000a7       0x4f /usr/lib/gcc/arm-none-eabi/9.2.1/../../../arm-none-eabi/lib/thumb/v7e-m+fp/hard/libc_nano.a(lib_a-reent.o)
 .comment       0x00000000000000a7       0x4f /usr/lib/gcc/arm-none-eabi/9.2.1/../../../arm-none-eabi/lib/thumb/v7e-m+fp/hard/libc_nano.a(lib_a-signal.o)
 .comment       0x00000000000000a7       0x4f /usr/lib/gcc/arm-none-eabi/9.2.1/../../../arm-none-eabi/lib/thumb/v7e-m+fp/hard/libc_nano.a(lib_a-signalr.o)
 .comment       0x00000000000000a7       0x4f /usr/lib/gcc/arm-none-eabi/9.2.1/../../../arm-none-eabi/lib/thumb/v7e-m+fp/hard/libc_nano.a(lib_a-stdio.o)
 .comment       0x00000000000000a7       0x4f /usr/lib/gcc/arm-none-eabi/9.2.1/../../../arm-none-eabi/lib/thumb/v7e-m+fp/hard/libc_nano.a(lib_a-writer.o)
 .comment       0x00000000000000a7       0x4f /usr/lib/gcc/arm-none-eabi/9.2.1/../../../arm-none-eabi/lib/thumb/v7e-m+fp/hard/libc_nano.a(lib_a-closer.o)
 .comment       0x00000000000000a7       0x4f /usr/lib/gcc/arm-none-eabi/9.2.1/../../../arm-none-eabi/lib/thumb/v7e-m+fp/hard/libc_nano.a(lib_a-fstatr.o)
 .comment       0x00000000000000a7       0x4f /usr/lib/gcc/arm-none-eabi/9.2.1/../../../arm-none-eabi/lib/thumb/v7e-m+fp/hard/libc_nano.a(lib_a-isattyr.o)
 .comment       0x00000000000000a7       0x4f /usr/lib/gcc/arm-none-eabi/9.2.1/../../../arm-none-eabi/lib/thumb/v7e-m+fp/hard/libc_nano.a(lib_a-lseekr.o)
 .comment       0x00000000000000a7       0x4f /usr/lib/gcc/arm-none-eabi/9.2.1/../../../arm-none-eabi/lib/thumb/v7e-m+fp/hard/libc_nano.a(lib_a-nano-msizer.o)
 .comment       0x00000000000000a7       0x4f /usr/lib/gcc/arm-none-eabi/9.2.1/../../../arm-none-eabi/lib/thumb/v7e-m+fp/hard/libc_nano.a(lib_a-readr.o)
 .comment       0x00000000000000a7       0x5a /usr/lib/gcc/arm-none-eabi/9.2.1/thumb/v7e-m+fp/hard/crtend.o

.debug_info     0x0000000000000000    0x292c4
 .debug_info    0x0000000000000000      0x92a /usr/lib/gcc/arm-none-eabi/9.2.1/../../../arm-none-eabi/lib/thumb/v7e-m+fp/hard/libc_nano.a(lib_a-impure.o)
 .debug_info    0x000000000000092a      0x11a /usr/lib/gcc/arm-none-eabi/9.2.1/../../../arm-none-eabi/lib/thumb/v7e-m+fp/hard/libc_nano.a(lib_a-init.o)
 .debug_info    0x0000000000000a44      0xf21 /usr/lib/gcc/arm-none-eabi/9.2.1/../../../arm-none-eabi/lib/thumb/v7e-m+fp/hard/libc_nano.a(lib_a-memset.o)
 .debug_info    0x0000000000001965       0xa3 /usr/lib/gcc/arm-none-eabi/9.2.1/../../../arm-none-eabi/lib/thumb/v7e-m+fp/hard/libnosys.a(_exit.o)
 .debug_info    0x0000000000001a08      0xdcb /mnt/d/Marcelo/bitbucket/mcuboot/mcuboot/boot/bootutil/src/bootutil_misc.o
 .debug_info    0x00000000000027d3     0x128c /mnt/d/Marcelo/bitbucket/mcuboot/mcuboot/boot/bootutil/src/bootutil_public.o
 .debug_info    0x0000000000003a5f       0x65 /mnt/d/Marcelo/bitbucket/mcuboot/mcuboot/boot/bootutil/src/fault_injection_hardening.o
 .debug_info    0x0000000000003ac4      0xed4 /mnt/d/Marcelo/bitbucket/mcuboot/mcuboot/boot/bootutil/src/image_ec256.o
 .debug_info    0x0000000000004998     0x112e /mnt/d/Marcelo/bitbucket/mcuboot/mcuboot/boot/bootutil/src/image_validate.o
 .debug_info    0x0000000000005ac6     0x1e50 /mnt/d/Marcelo/bitbucket/mcuboot/mcuboot/boot/bootutil/src/loader.o
 .debug_info    0x0000000000007916     0x109f /mnt/d/Marcelo/bitbucket/mcuboot/mcuboot/boot/bootutil/src/swap_misc.o
 .debug_info    0x00000000000089b5     0x1432 /mnt/d/Marcelo/bitbucket/mcuboot/mcuboot/boot/bootutil/src/swap_scratch.o
 .debug_info    0x0000000000009de7      0xc59 /mnt/d/Marcelo/bitbucket/mcuboot/mcuboot/boot/bootutil/src/tlv.o
 .debug_info    0x000000000000aa40      0xada mcuboot_main.o
 .debug_info    0x000000000000b51a      0xb10 port_flash.o
 .debug_info    0x000000000000c02a       0x22 hal/startup_stm32g431xx.o
 .debug_info    0x000000000000c04c     0x10b3 hal/Core/Src/main.o
 .debug_info    0x000000000000d0ff      0x1ea hal/Core/Src/stm32g4xx_it.o
 .debug_info    0x000000000000d2e9      0x59a hal/Core/Src/system_stm32g4xx.o
 .debug_info    0x000000000000d883      0x3da hal/Core/Src/gpio.o
 .debug_info    0x000000000000dc5d      0x7d6 hal/Core/Src/usart.o
 .debug_info    0x000000000000e433      0xbcd hal/Drivers/STM32G4xx_HAL_Driver/Src/stm32g4xx_ll_utils.o
 .debug_info    0x000000000000f000      0xa62 hal/Drivers/STM32G4xx_HAL_Driver/Src/stm32g4xx_ll_gpio.o
 .debug_info    0x000000000000fa62      0x85e hal/Drivers/STM32G4xx_HAL_Driver/Src/stm32g4xx_ll_usart.o
 .debug_info    0x00000000000102c0      0xbba hal/Drivers/STM32G4xx_HAL_Driver/Src/stm32g4xx_ll_rcc.o
 .debug_info    0x0000000000010e7a      0xa41 /usr/lib/gcc/arm-none-eabi/9.2.1/../../../arm-none-eabi/lib/thumb/v7e-m+fp/hard/libc_nano.a(lib_a-assert.o)
 .debug_info    0x00000000000118bb      0xa7a /usr/lib/gcc/arm-none-eabi/9.2.1/../../../arm-none-eabi/lib/thumb/v7e-m+fp/hard/libc_nano.a(lib_a-fprintf.o)
 .debug_info    0x0000000000012335      0x9c2 /usr/lib/gcc/arm-none-eabi/9.2.1/../../../arm-none-eabi/lib/thumb/v7e-m+fp/hard/libc_nano.a(lib_a-memcmp.o)
 .debug_info    0x0000000000012cf7       0x26 /usr/lib/gcc/arm-none-eabi/9.2.1/../../../arm-none-eabi/lib/thumb/v7e-m+fp/hard/libc_nano.a(lib_a-memcpy.o)
 .debug_info    0x0000000000012d1d      0xb85 /usr/lib/gcc/arm-none-eabi/9.2.1/../../../arm-none-eabi/lib/thumb/v7e-m+fp/hard/libc_nano.a(lib_a-nano-freer.o)
 .debug_info    0x00000000000138a2      0xc5a /usr/lib/gcc/arm-none-eabi/9.2.1/../../../arm-none-eabi/lib/thumb/v7e-m+fp/hard/libc_nano.a(lib_a-nano-mallocr.o)
 .debug_info    0x00000000000144fc     0x176a /usr/lib/gcc/arm-none-eabi/9.2.1/../../../arm-none-eabi/lib/thumb/v7e-m+fp/hard/libc_nano.a(lib_a-nano-vfprintf.o)
 .debug_info    0x0000000000015c66     0x1592 /usr/lib/gcc/arm-none-eabi/9.2.1/../../../arm-none-eabi/lib/thumb/v7e-m+fp/hard/libc_nano.a(lib_a-nano-vfprintf_i.o)
 .debug_info    0x00000000000171f8      0xc67 /usr/lib/gcc/arm-none-eabi/9.2.1/../../../arm-none-eabi/lib/thumb/v7e-m+fp/hard/libc_nano.a(lib_a-printf.o)
 .debug_info    0x0000000000017e5f      0x9fb /usr/lib/gcc/arm-none-eabi/9.2.1/../../../arm-none-eabi/lib/thumb/v7e-m+fp/hard/libc_nano.a(lib_a-sbrkr.o)
 .debug_info    0x000000000001885a      0xc90 /usr/lib/gcc/arm-none-eabi/9.2.1/../../../arm-none-eabi/lib/thumb/v7e-m+fp/hard/libc_nano.a(lib_a-wbuf.o)
 .debug_info    0x00000000000194ea      0xbfa /usr/lib/gcc/arm-none-eabi/9.2.1/../../../arm-none-eabi/lib/thumb/v7e-m+fp/hard/libc_nano.a(lib_a-wsetup.o)
 .debug_info    0x000000000001a0e4      0x9b5 /usr/lib/gcc/arm-none-eabi/9.2.1/../../../arm-none-eabi/lib/thumb/v7e-m+fp/hard/libc_nano.a(lib_a-abort.o)
 .debug_info    0x000000000001aa99      0xd73 /usr/lib/gcc/arm-none-eabi/9.2.1/../../../arm-none-eabi/lib/thumb/v7e-m+fp/hard/libc_nano.a(lib_a-fflush.o)
 .debug_info    0x000000000001b80c     0x11a8 /usr/lib/gcc/arm-none-eabi/9.2.1/../../../arm-none-eabi/lib/thumb/v7e-m+fp/hard/libc_nano.a(lib_a-findfp.o)
 .debug_info    0x000000000001c9b4      0xeed /usr/lib/gcc/arm-none-eabi/9.2.1/../../../arm-none-eabi/lib/thumb/v7e-m+fp/hard/libc_nano.a(lib_a-fvwrite.o)
 .debug_info    0x000000000001d8a1      0xca4 /usr/lib/gcc/arm-none-eabi/9.2.1/../../../arm-none-eabi/lib/thumb/v7e-m+fp/hard/libc_nano.a(lib_a-fwalk.o)
 .debug_info    0x000000000001e545      0xf68 /usr/lib/gcc/arm-none-eabi/9.2.1/../../../arm-none-eabi/lib/thumb/v7e-m+fp/hard/libc_nano.a(lib_a-makebuf.o)
 .debug_info    0x000000000001f4ad       0x26 /usr/lib/gcc/arm-none-eabi/9.2.1/../../../arm-none-eabi/lib/thumb/v7e-m+fp/hard/libc_nano.a(lib_a-memchr.o)
 .debug_info    0x000000000001f4d3      0xf2b /usr/lib/gcc/arm-none-eabi/9.2.1/../../../arm-none-eabi/lib/thumb/v7e-m+fp/hard/libc_nano.a(lib_a-memmove.o)
 .debug_info    0x00000000000203fe      0x961 /usr/lib/gcc/arm-none-eabi/9.2.1/../../../arm-none-eabi/lib/thumb/v7e-m+fp/hard/libc_nano.a(lib_a-mlock.o)
 .debug_info    0x0000000000020d5f      0xb77 /usr/lib/gcc/arm-none-eabi/9.2.1/../../../arm-none-eabi/lib/thumb/v7e-m+fp/hard/libc_nano.a(lib_a-nano-reallocr.o)
 .debug_info    0x00000000000218d6      0xb0f /usr/lib/gcc/arm-none-eabi/9.2.1/../../../arm-none-eabi/lib/thumb/v7e-m+fp/hard/libc_nano.a(lib_a-reent.o)
 .debug_info    0x00000000000223e5      0xd5c /usr/lib/gcc/arm-none-eabi/9.2.1/../../../arm-none-eabi/lib/thumb/v7e-m+fp/hard/libc_nano.a(lib_a-signal.o)
 .debug_info    0x0000000000023141      0xa44 /usr/lib/gcc/arm-none-eabi/9.2.1/../../../arm-none-eabi/lib/thumb/v7e-m+fp/hard/libc_nano.a(lib_a-signalr.o)
 .debug_info    0x0000000000023b85      0xe67 /usr/lib/gcc/arm-none-eabi/9.2.1/../../../arm-none-eabi/lib/thumb/v7e-m+fp/hard/libc_nano.a(lib_a-stdio.o)
 .debug_info    0x00000000000249ec      0xa2c /usr/lib/gcc/arm-none-eabi/9.2.1/../../../arm-none-eabi/lib/thumb/v7e-m+fp/hard/libc_nano.a(lib_a-writer.o)
 .debug_info    0x0000000000025418      0x9d8 /usr/lib/gcc/arm-none-eabi/9.2.1/../../../arm-none-eabi/lib/thumb/v7e-m+fp/hard/libc_nano.a(lib_a-closer.o)
 .debug_info    0x0000000000025df0      0xc24 /usr/lib/gcc/arm-none-eabi/9.2.1/../../../arm-none-eabi/lib/thumb/v7e-m+fp/hard/libc_nano.a(lib_a-fstatr.o)
 .debug_info    0x0000000000026a14      0x9d8 /usr/lib/gcc/arm-none-eabi/9.2.1/../../../arm-none-eabi/lib/thumb/v7e-m+fp/hard/libc_nano.a(lib_a-isattyr.o)
 .debug_info    0x00000000000273ec      0xa0d /usr/lib/gcc/arm-none-eabi/9.2.1/../../../arm-none-eabi/lib/thumb/v7e-m+fp/hard/libc_nano.a(lib_a-lseekr.o)
 .debug_info    0x0000000000027df9      0xaa6 /usr/lib/gcc/arm-none-eabi/9.2.1/../../../arm-none-eabi/lib/thumb/v7e-m+fp/hard/libc_nano.a(lib_a-nano-msizer.o)
 .debug_info    0x000000000002889f      0xa25 /usr/lib/gcc/arm-none-eabi/9.2.1/../../../arm-none-eabi/lib/thumb/v7e-m+fp/hard/libc_nano.a(lib_a-readr.o)

.debug_abbrev   0x0000000000000000     0x77a1
 .debug_abbrev  0x0000000000000000      0x17a /usr/lib/gcc/arm-none-eabi/9.2.1/../../../arm-none-eabi/lib/thumb/v7e-m+fp/hard/libc_nano.a(lib_a-impure.o)
 .debug_abbrev  0x000000000000017a       0xcc /usr/lib/gcc/arm-none-eabi/9.2.1/../../../arm-none-eabi/lib/thumb/v7e-m+fp/hard/libc_nano.a(lib_a-init.o)
 .debug_abbrev  0x0000000000000246      0x1d9 /usr/lib/gcc/arm-none-eabi/9.2.1/../../../arm-none-eabi/lib/thumb/v7e-m+fp/hard/libc_nano.a(lib_a-memset.o)
 .debug_abbrev  0x000000000000041f       0x6a /usr/lib/gcc/arm-none-eabi/9.2.1/../../../arm-none-eabi/lib/thumb/v7e-m+fp/hard/libnosys.a(_exit.o)
 .debug_abbrev  0x0000000000000489      0x2bf /mnt/d/Marcelo/bitbucket/mcuboot/mcuboot/boot/bootutil/src/bootutil_misc.o
 .debug_abbrev  0x0000000000000748      0x2f7 /mnt/d/Marcelo/bitbucket/mcuboot/mcuboot/boot/bootutil/src/bootutil_public.o
 .debug_abbrev  0x0000000000000a3f       0x4c /mnt/d/Marcelo/bitbucket/mcuboot/mcuboot/boot/bootutil/src/fault_injection_hardening.o
 .debug_abbrev  0x0000000000000a8b      0x248 /mnt/d/Marcelo/bitbucket/mcuboot/mcuboot/boot/bootutil/src/image_ec256.o
 .debug_abbrev  0x0000000000000cd3      0x334 /mnt/d/Marcelo/bitbucket/mcuboot/mcuboot/boot/bootutil/src/image_validate.o
 .debug_abbrev  0x0000000000001007      0x412 /mnt/d/Marcelo/bitbucket/mcuboot/mcuboot/boot/bootutil/src/loader.o
 .debug_abbrev  0x0000000000001419      0x274 /mnt/d/Marcelo/bitbucket/mcuboot/mcuboot/boot/bootutil/src/swap_misc.o
 .debug_abbrev  0x000000000000168d      0x348 /mnt/d/Marcelo/bitbucket/mcuboot/mcuboot/boot/bootutil/src/swap_scratch.o
 .debug_abbrev  0x00000000000019d5      0x1f5 /mnt/d/Marcelo/bitbucket/mcuboot/mcuboot/boot/bootutil/src/tlv.o
 .debug_abbrev  0x0000000000001bca      0x1d1 mcuboot_main.o
 .debug_abbrev  0x0000000000001d9b      0x218 port_flash.o
 .debug_abbrev  0x0000000000001fb3       0x12 hal/startup_stm32g431xx.o
 .debug_abbrev  0x0000000000001fc5      0x242 hal/Core/Src/main.o
 .debug_abbrev  0x0000000000002207       0xaa hal/Core/Src/stm32g4xx_it.o
 .debug_abbrev  0x00000000000022b1      0x126 hal/Core/Src/system_stm32g4xx.o
 .debug_abbrev  0x00000000000023d7      0x124 hal/Core/Src/gpio.o
 .debug_abbrev  0x00000000000024fb      0x196 hal/Core/Src/usart.o
 .debug_abbrev  0x0000000000002691      0x267 hal/Drivers/STM32G4xx_HAL_Driver/Src/stm32g4xx_ll_utils.o
 .debug_abbrev  0x00000000000028f8      0x24d hal/Drivers/STM32G4xx_HAL_Driver/Src/stm32g4xx_ll_gpio.o
 .debug_abbrev  0x0000000000002b45      0x1d4 hal/Drivers/STM32G4xx_HAL_Driver/Src/stm32g4xx_ll_usart.o
 .debug_abbrev  0x0000000000002d19      0x235 hal/Drivers/STM32G4xx_HAL_Driver/Src/stm32g4xx_ll_rcc.o
 .debug_abbrev  0x0000000000002f4e      0x1ff /usr/lib/gcc/arm-none-eabi/9.2.1/../../../arm-none-eabi/lib/thumb/v7e-m+fp/hard/libc_nano.a(lib_a-assert.o)
 .debug_abbrev  0x000000000000314d      0x23c /usr/lib/gcc/arm-none-eabi/9.2.1/../../../arm-none-eabi/lib/thumb/v7e-m+fp/hard/libc_nano.a(lib_a-fprintf.o)
 .debug_abbrev  0x0000000000003389      0x1af /usr/lib/gcc/arm-none-eabi/9.2.1/../../../arm-none-eabi/lib/thumb/v7e-m+fp/hard/libc_nano.a(lib_a-memcmp.o)
 .debug_abbrev  0x0000000000003538       0x14 /usr/lib/gcc/arm-none-eabi/9.2.1/../../../arm-none-eabi/lib/thumb/v7e-m+fp/hard/libc_nano.a(lib_a-memcpy.o)
 .debug_abbrev  0x000000000000354c      0x286 /usr/lib/gcc/arm-none-eabi/9.2.1/../../../arm-none-eabi/lib/thumb/v7e-m+fp/hard/libc_nano.a(lib_a-nano-freer.o)
 .debug_abbrev  0x00000000000037d2      0x2d1 /usr/lib/gcc/arm-none-eabi/9.2.1/../../../arm-none-eabi/lib/thumb/v7e-m+fp/hard/libc_nano.a(lib_a-nano-mallocr.o)
 .debug_abbrev  0x0000000000003aa3      0x337 /usr/lib/gcc/arm-none-eabi/9.2.1/../../../arm-none-eabi/lib/thumb/v7e-m+fp/hard/libc_nano.a(lib_a-nano-vfprintf.o)
 .debug_abbrev  0x0000000000003dda      0x2dc /usr/lib/gcc/arm-none-eabi/9.2.1/../../../arm-none-eabi/lib/thumb/v7e-m+fp/hard/libc_nano.a(lib_a-nano-vfprintf_i.o)
 .debug_abbrev  0x00000000000040b6      0x29f /usr/lib/gcc/arm-none-eabi/9.2.1/../../../arm-none-eabi/lib/thumb/v7e-m+fp/hard/libc_nano.a(lib_a-printf.o)
 .debug_abbrev  0x0000000000004355      0x212 /usr/lib/gcc/arm-none-eabi/9.2.1/../../../arm-none-eabi/lib/thumb/v7e-m+fp/hard/libc_nano.a(lib_a-sbrkr.o)
 .debug_abbrev  0x0000000000004567      0x285 /usr/lib/gcc/arm-none-eabi/9.2.1/../../../arm-none-eabi/lib/thumb/v7e-m+fp/hard/libc_nano.a(lib_a-wbuf.o)
 .debug_abbrev  0x00000000000047ec      0x23a /usr/lib/gcc/arm-none-eabi/9.2.1/../../../arm-none-eabi/lib/thumb/v7e-m+fp/hard/libc_nano.a(lib_a-wsetup.o)
 .debug_abbrev  0x0000000000004a26      0x1cd /usr/lib/gcc/arm-none-eabi/9.2.1/../../../arm-none-eabi/lib/thumb/v7e-m+fp/hard/libc_nano.a(lib_a-abort.o)
 .debug_abbrev  0x0000000000004bf3      0x2e4 /usr/lib/gcc/arm-none-eabi/9.2.1/../../../arm-none-eabi/lib/thumb/v7e-m+fp/hard/libc_nano.a(lib_a-fflush.o)
 .debug_abbrev  0x0000000000004ed7      0x3dc /usr/lib/gcc/arm-none-eabi/9.2.1/../../../arm-none-eabi/lib/thumb/v7e-m+fp/hard/libc_nano.a(lib_a-findfp.o)
 .debug_abbrev  0x00000000000052b3      0x270 /usr/lib/gcc/arm-none-eabi/9.2.1/../../../arm-none-eabi/lib/thumb/v7e-m+fp/hard/libc_nano.a(lib_a-fvwrite.o)
 .debug_abbrev  0x0000000000005523      0x210 /usr/lib/gcc/arm-none-eabi/9.2.1/../../../arm-none-eabi/lib/thumb/v7e-m+fp/hard/libc_nano.a(lib_a-fwalk.o)
 .debug_abbrev  0x0000000000005733      0x2f6 /usr/lib/gcc/arm-none-eabi/9.2.1/../../../arm-none-eabi/lib/thumb/v7e-m+fp/hard/libc_nano.a(lib_a-makebuf.o)
 .debug_abbrev  0x0000000000005a29       0x14 /usr/lib/gcc/arm-none-eabi/9.2.1/../../../arm-none-eabi/lib/thumb/v7e-m+fp/hard/libc_nano.a(lib_a-memchr.o)
 .debug_abbrev  0x0000000000005a3d      0x1de /usr/lib/gcc/arm-none-eabi/9.2.1/../../../arm-none-eabi/lib/thumb/v7e-m+fp/hard/libc_nano.a(lib_a-memmove.o)
 .debug_abbrev  0x0000000000005c1b      0x1c5 /usr/lib/gcc/arm-none-eabi/9.2.1/../../../arm-none-eabi/lib/thumb/v7e-m+fp/hard/libc_nano.a(lib_a-mlock.o)
 .debug_abbrev  0x0000000000005de0      0x22a /usr/lib/gcc/arm-none-eabi/9.2.1/../../../arm-none-eabi/lib/thumb/v7e-m+fp/hard/libc_nano.a(lib_a-nano-reallocr.o)
 .debug_abbrev  0x000000000000600a      0x268 /usr/lib/gcc/arm-none-eabi/9.2.1/../../../arm-none-eabi/lib/thumb/v7e-m+fp/hard/libc_nano.a(lib_a-reent.o)
 .debug_abbrev  0x0000000000006272      0x32d /usr/lib/gcc/arm-none-eabi/9.2.1/../../../arm-none-eabi/lib/thumb/v7e-m+fp/hard/libc_nano.a(lib_a-signal.o)
 .debug_abbrev  0x000000000000659f      0x217 /usr/lib/gcc/arm-none-eabi/9.2.1/../../../arm-none-eabi/lib/thumb/v7e-m+fp/hard/libc_nano.a(lib_a-signalr.o)